Component: Arm Compiler for Embedded 6.22 Tool: armlink [5ee90200]

==============================================================================

Section Cross References

    main.o(.text.task_create) refers to tasks.o(.text.xTaskCreate) for xTaskCreate
    main.o(.text.task_create) refers to log.o(.text.log_error) for log_error
    main.o(.text.task_create) refers to master_recv.o(.text.master_recv_task) for master_recv_task
    main.o(.text.task_create) refers to main.o(.rodata.str1.1) for [Anonymous Symbol]
    main.o(.text.task_create) refers to master_judge.o(.text.master_judge_task) for master_judge_task
    main.o(.text.task_create) refers to master_cmd.o(.text.master_cmd_task) for master_cmd_task
    main.o(.ARM.exidx.text.task_create) refers to main.o(.text.task_create) for [Anonymous Symbol]
    main.o(.text.main) refers to gd32l233r_eval.o(.text.gd_eval_led_init) for gd_eval_led_init
    main.o(.text.main) refers to mwcc68_uart.o(.text.usart0_init) for usart0_init
    main.o(.text.main) refers to printfa.o(i.__0printf) for printf
    main.o(.text.main) refers to log.o(.text.log_info) for log_info
    main.o(.text.main) refers to mwcc68_app.o(.text.LoRa_Init) for LoRa_Init
    main.o(.text.main) refers to chaos_encrypt.o(.text.chaos_init) for chaos_init
    main.o(.text.main) refers to master_sys.o(.text.master_init) for master_init
    main.o(.text.main) refers to main.o(.text.task_create) for task_create
    main.o(.text.main) refers to tasks.o(.text.vTaskStartScheduler) for vTaskStartScheduler
    main.o(.text.main) refers to main.o(.rodata.str1.1) for [Anonymous Symbol]
    main.o(.ARM.exidx.text.main) refers to main.o(.text.main) for [Anonymous Symbol]
    chaos_encrypt.o(.text.chaos_init) refers to ffltui.o(.text) for __aeabi_ui2f
    chaos_encrypt.o(.text.chaos_init) refers to fdiv.o(.text) for __aeabi_fdiv
    chaos_encrypt.o(.text.chaos_init) refers to fmul.o(.text) for __aeabi_fmul
    chaos_encrypt.o(.text.chaos_init) refers to fadd.o(.text) for __aeabi_fadd
    chaos_encrypt.o(.text.chaos_init) refers to chaos_encrypt.o(.text.chaos_generate_byte) for chaos_generate_byte
    chaos_encrypt.o(.text.chaos_init) refers to chaos_encrypt.o(.text.chaos_generate_key_stream) for chaos_generate_key_stream
    chaos_encrypt.o(.text.chaos_init) refers to chaos_encrypt.o(.data.g_x) for [Anonymous Symbol]
    chaos_encrypt.o(.text.chaos_init) refers to chaos_encrypt.o(.data.g_y) for [Anonymous Symbol]
    chaos_encrypt.o(.text.chaos_init) refers to chaos_encrypt.o(.bss.g_key_index) for [Anonymous Symbol]
    chaos_encrypt.o(.ARM.exidx.text.chaos_init) refers to chaos_encrypt.o(.text.chaos_init) for [Anonymous Symbol]
    chaos_encrypt.o(.text.chaos_generate_byte) refers to chaos_encrypt.o(.text.chaos_iterate) for chaos_iterate
    chaos_encrypt.o(.text.chaos_generate_byte) refers to chaos_encrypt.o(.data.g_x) for [Anonymous Symbol]
    chaos_encrypt.o(.text.chaos_generate_byte) refers to chaos_encrypt.o(.data.g_y) for [Anonymous Symbol]
    chaos_encrypt.o(.ARM.exidx.text.chaos_generate_byte) refers to chaos_encrypt.o(.text.chaos_generate_byte) for [Anonymous Symbol]
    chaos_encrypt.o(.text.chaos_generate_key_stream) refers to chaos_encrypt.o(.text.chaos_generate_byte) for chaos_generate_byte
    chaos_encrypt.o(.text.chaos_generate_key_stream) refers to chaos_encrypt.o(.bss.g_key_index) for [Anonymous Symbol]
    chaos_encrypt.o(.text.chaos_generate_key_stream) refers to chaos_encrypt.o(.bss.g_key_stream) for [Anonymous Symbol]
    chaos_encrypt.o(.ARM.exidx.text.chaos_generate_key_stream) refers to chaos_encrypt.o(.text.chaos_generate_key_stream) for [Anonymous Symbol]
    chaos_encrypt.o(.text.chaos_set_params) refers to chaos_encrypt.o(.data.g_params) for [Anonymous Symbol]
    chaos_encrypt.o(.ARM.exidx.text.chaos_set_params) refers to chaos_encrypt.o(.text.chaos_set_params) for [Anonymous Symbol]
    chaos_encrypt.o(.text.chaos_get_sync_code) refers to fmul.o(.text) for __aeabi_fmul
    chaos_encrypt.o(.text.chaos_get_sync_code) refers to ffixui.o(.text) for __aeabi_f2uiz
    chaos_encrypt.o(.text.chaos_get_sync_code) refers to chaos_encrypt.o(.data.g_x) for [Anonymous Symbol]
    chaos_encrypt.o(.text.chaos_get_sync_code) refers to chaos_encrypt.o(.data.g_y) for [Anonymous Symbol]
    chaos_encrypt.o(.ARM.exidx.text.chaos_get_sync_code) refers to chaos_encrypt.o(.text.chaos_get_sync_code) for [Anonymous Symbol]
    chaos_encrypt.o(.text.chaos_sync_from_code) refers to ffltui.o(.text) for __aeabi_ui2f
    chaos_encrypt.o(.text.chaos_sync_from_code) refers to fdiv.o(.text) for __aeabi_fdiv
    chaos_encrypt.o(.text.chaos_sync_from_code) refers to fcmple.o(.text) for __aeabi_fcmple
    chaos_encrypt.o(.text.chaos_sync_from_code) refers to fcmpge.o(.text) for __aeabi_fcmpge
    chaos_encrypt.o(.text.chaos_sync_from_code) refers to chaos_encrypt.o(.text.chaos_generate_key_stream) for chaos_generate_key_stream
[...]
    _printf_pre_padding                      0x08007ae1   Thumb Code    44  printfa.o(i._printf_pre_padding)
    i._printf_pre_padding                    0x08007ae0   Section        0  printfa.o(i._printf_pre_padding)
    _sputc                                   0x08007b0d   Thumb Code    10  printfa.o(i._sputc)
    i._sputc                                 0x08007b0c   Section        0  printfa.o(i._sputc)
    i.cosf                                   0x08007b18   Section        0  cosf.o(i.cosf)
    i.sinf                                   0x08007c90   Section        0  sinf.o(i.sinf)
    twooverpi                                0x08007e14   Data          32  rredf.o(.constdata)
    .constdata                               0x08007e14   Section       32  rredf.o(.constdata)
    GPIO_CLK                                 0x08007e34   Data           8  gd32l233r_eval.o(.rodata.GPIO_CLK)
    [Anonymous Symbol]                       0x08007e34   Section        0  gd32l233r_eval.o(.rodata.GPIO_CLK)
    GPIO_PIN                                 0x08007e3c   Data          16  gd32l233r_eval.o(.rodata.GPIO_PIN)
    [Anonymous Symbol]                       0x08007e3c   Section        0  gd32l233r_eval.o(.rodata.GPIO_PIN)
    GPIO_PORT                                0x08007e4c   Data          16  gd32l233r_eval.o(.rodata.GPIO_PORT)
    [Anonymous Symbol]                       0x08007e4c   Section        0  gd32l233r_eval.o(.rodata.GPIO_PORT)
    [Anonymous Symbol]                       0x08007e5c   Section        0  main.o(.rodata.str1.1)
    [Anonymous Symbol]                       0x08007f72   Section        0  log.o(.rodata.str1.1)
    [Anonymous Symbol]                       0x08007faf   Section        0  tasks.o(.rodata.str1.1)
    [Anonymous Symbol]                       0x08007fc3   Section        0  timers.o(.rodata.str1.1)
    [Anonymous Symbol]                       0x08007fcb   Section        0  master_cmd.o(.rodata.str1.1)
    [Anonymous Symbol]                       0x080080a5   Section        0  master_judge.o(.rodata.str1.1)
    [Anonymous Symbol]                       0x080080ec   Section        0  master_recv.o(.rodata.str1.1)
    [Anonymous Symbol]                       0x08008220   Section        0  master_sys.o(.rodata.str1.1)
    [Anonymous Symbol]                       0x0800828f   Section        0  mwcc68_app.o(.rodata.str1.1)
    uxTopUsedPriority                        0x08008a50   Data           4  tasks.o(.rodata.uxTopUsedPriority)
    [Anonymous Symbol]                       0x08008a50   Section        0  tasks.o(.rodata.uxTopUsedPriority)
    .data                                    0x20000000   Section        4  stdout.o(.data)
    _errno                                   0x20000004   Data           4  errno.o(.data)
    .data                                    0x20000004   Section        4  errno.o(.data)
    g_params                                 0x20000010   Data          48  chaos_encrypt.o(.data.g_params)
    [Anonymous Symbol]                       0x20000010   Section        0  chaos_encrypt.o(.data.g_params)
    g_x                                      0x20000040   Data           4  chaos_encrypt.o(.data.g_x)
    [Anonymous Symbol]                       0x20000040   Section        0  chaos_encrypt.o(.data.g_x)
    g_y                                      0x20000044   Data           4  chaos_encrypt.o(.data.g_y)
    [Anonymous Symbol]                       0x20000044   Section        0  chaos_encrypt.o(.data.g_y)
    log_level_str                            0x20000048   Data          16  log.o(.data.log_level_str)
    [Anonymous Symbol]                       0x20000048   Section        0  log.o(.data.log_level_str)
    ulCriticalNesting                        0x20000058   Data           4  port.o(.data.ulCriticalNesting)
    [Anonymous Symbol]                       0x20000058   Section        0  port.o(.data.ulCriticalNesting)
    USART0_RX_STA                            0x20000062   Data           2  mwcc68_uart.o(.bss.USART0_RX_STA)
    [Anonymous Symbol]                       0x20000062   Section        0  mwcc68_uart.o(.bss.USART0_RX_STA)
    aux_int_cnt                              0x20000064   Data           4  mwcc68_uart.o(.bss.aux_int_cnt)
    [Anonymous Symbol]                       0x20000064   Section        0  mwcc68_uart.o(.bss.aux_int_cnt)
    frame_head                               0x20000068   Data           1  mwcc68_uart.o(.bss.frame_head)
    [Anonymous Symbol]                       0x20000068   Section        0  mwcc68_uart.o(.bss.frame_head)
    frame_pos                                0x2000006a   Data          16  mwcc68_uart.o(.bss.frame_pos)
    [Anonymous Symbol]                       0x2000006a   Section        0  mwcc68_uart.o(.bss.frame_pos)
    frame_tail                               0x2000007a   Data           1  mwcc68_uart.o(.bss.frame_tail)
    [Anonymous Symbol]                       0x2000007a   Section        0  mwcc68_uart.o(.bss.frame_tail)
    g_dl_buf                                 0x2000007c   Data        1296  master_sys.o(.bss.g_dl_buf)
    [Anonymous Symbol]                       0x2000007c   Section        0  master_sys.o(.bss.g_dl_buf)
    g_enc_buf                                0x2000058c   Data         128  master_cmd.o(.bss.g_enc_buf)
    [Anonymous Symbol]                       0x2000058c   Section        0  master_cmd.o(.bss.g_enc_buf)
    g_key_index                              0x2000060c   Data           2  chaos_encrypt.o(.bss.g_key_index)
    [Anonymous Symbol]                       0x2000060c   Section        0  chaos_encrypt.o(.bss.g_key_index)
    g_key_stream                             0x2000060e   Data         256  chaos_encrypt.o(.bss.g_key_stream)
    [Anonymous Symbol]                       0x2000060e   Section        0  chaos_encrypt.o(.bss.g_key_stream)
    g_log_level                              0x2000070e   Data           1  log.o(.bss.g_log_level)
    [Anonymous Symbol]                       0x2000070e   Section        0  log.o(.bss.g_log_level)
    g_lora_pkt                               0x2000070f   Data         256  master_cmd.o(.bss.g_lora_pkt)
    [Anonymous Symbol]                       0x2000070f   Section        0  master_cmd.o(.bss.g_lora_pkt)
    g_nodes                                  0x20000814   Data         480  master_sys.o(.bss.g_nodes)
    [Anonymous Symbol]                       0x20000814   Section        0  master_sys.o(.bss.g_nodes)
    g_sys_tick                               0x200009f4   Data           4  master_sys.o(.bss.g_sys_tick)
    [Anonymous Symbol]                       0x200009f4   Section        0  master_sys.o(.bss.g_sys_tick)
    prvSampleTimeNow.xLastTime               0x200009f8   Data           4  timers.o(.bss.prvSampleTimeNow.xLastTime)
    [Anonymous Symbol]                       0x200009f8   Section        0  timers.o(.bss.prvSampleTimeNow.xLastTime)
    __tagsym$$used.1                         0x200009fc   Number         0  tasks.o(.bss.pxCurrentTCB)
    pxCurrentTimerList                       0x20000a00   Data           4  timers.o(.bss.pxCurrentTimerList)
    [Anonymous Symbol]                       0x20000a00   Section        0  timers.o(.bss.pxCurrentTimerList)
    pxDelayedTaskList                        0x20000a04   Data           4  tasks.o(.bss.pxDelayedTaskList)
    [Anonymous Symbol]                       0x20000a04   Section        0  tasks.o(.bss.pxDelayedTaskList)
    pxEnd                                    0x20000a08   Data           4  heap_4.o(.bss.pxEnd)
    [Anonymous Symbol]                       0x20000a08   Section        0  heap_4.o(.bss.pxEnd)
    pxOverflowDelayedTaskList                0x20000a0c   Data           4  tasks.o(.bss.pxOverflowDelayedTaskList)
    [Anonymous Symbol]                       0x20000a0c   Section        0  tasks.o(.bss.pxOverflowDelayedTaskList)
    pxOverflowTimerList                      0x20000a10   Data           4  timers.o(.bss.pxOverflowTimerList)
    [Anonymous Symbol]                       0x20000a10   Section        0  timers.o(.bss.pxOverflowTimerList)
    pxReadyTasksLists                        0x20000a14   Data         120  tasks.o(.bss.pxReadyTasksLists)
    [Anonymous Symbol]                       0x20000a14   Section        0  tasks.o(.bss.pxReadyTasksLists)
    rx_buf                                   0x20000a8c   Data        1024  mwcc68_uart.o(.bss.rx_buf)
    [Anonymous Symbol]                       0x20000a8c   Section        0  mwcc68_uart.o(.bss.rx_buf)
    rx_count                                 0x20000e8c   Data           2  mwcc68_uart.o(.bss.rx_count)
    [Anonymous Symbol]                       0x20000e8c   Section        0  mwcc68_uart.o(.bss.rx_count)
    rx_rd                                    0x20000e8e   Data           2  mwcc68_uart.o(.bss.rx_rd)
    [Anonymous Symbol]                       0x20000e8e   Section        0  mwcc68_uart.o(.bss.rx_rd)
    rx_wr                                    0x20000e90   Data           2  mwcc68_uart.o(.bss.rx_wr)
    [Anonymous Symbol]                       0x20000e90   Section        0  mwcc68_uart.o(.bss.rx_wr)
    ucHeap                                   0x20000e92   Data       12288  heap_4.o(.bss.ucHeap)
    [Anonymous Symbol]                       0x20000e92   Section        0  heap_4.o(.bss.ucHeap)
    ulStoppedTimerCompensation               0x20003e94   Data           4  port.o(.bss.ulStoppedTimerCompensation)
    [Anonymous Symbol]                       0x20003e94   Section        0  port.o(.bss.ulStoppedTimerCompensation)
    ulTimerCountsForOneTick                  0x20003e98   Data           4  port.o(.bss.ulTimerCountsForOneTick)
    [Anonymous Symbol]                       0x20003e98   Section        0  port.o(.bss.ulTimerCountsForOneTick)
    usart0IntCount                           0x20003e9c   Data           4  mwcc68_uart.o(.bss.usart0IntCount)
    [Anonymous Symbol]                       0x20003e9c   Section        0  mwcc68_uart.o(.bss.usart0IntCount)
    usart0RxBuffer                           0x20003ea0   Data         512  mwcc68_uart.o(.bss.usart0RxBuffer)
    [Anonymous Symbol]                       0x20003ea0   Section        0  mwcc68_uart.o(.bss.usart0RxBuffer)
    uxCurrentNumberOfTasks                   0x200040a0   Data           4  tasks.o(.bss.uxCurrentNumberOfTasks)
    [Anonymous Symbol]                       0x200040a0   Section        0  tasks.o(.bss.uxCurrentNumberOfTasks)
    uxDeletedTasksWaitingCleanUp             0x200040a4   Data           4  tasks.o(.bss.uxDeletedTasksWaitingCleanUp)
    [Anonymous Symbol]                       0x200040a4   Section        0  tasks.o(.bss.uxDeletedTasksWaitingCleanUp)
    uxSchedulerSuspended                     0x200040a8   Data           4  tasks.o(.bss.uxSchedulerSuspended)
    [Anonymous Symbol]                       0x200040a8   Section        0  tasks.o(.bss.uxSchedulerSuspended)
    uxTaskNumber                             0x200040ac   Data           4  tasks.o(.bss.uxTaskNumber)
    [Anonymous Symbol]                       0x200040ac   Section        0  tasks.o(.bss.uxTaskNumber)
    uxTopReadyPriority                       0x200040b0   Data           4  tasks.o(.bss.uxTopReadyPriority)
    [Anonymous Symbol]                       0x200040b0   Section        0  tasks.o(.bss.uxTopReadyPriority)
    xActiveTimerList1                        0x200040b4   Data          20  timers.o(.bss.xActiveTimerList1)
    [Anonymous Symbol]                       0x200040b4   Section        0  timers.o(.bss.xActiveTimerList1)
    xActiveTimerList2                        0x200040c8   Data          20  timers.o(.bss.xActiveTimerList2)
    [Anonymous Symbol]                       0x200040c8   Section        0  timers.o(.bss.xActiveTimerList2)
    xDelayedTaskList1                        0x200040dc   Data          20  tasks.o(.bss.xDelayedTaskList1)
    [Anonymous Symbol]                       0x200040dc   Section        0  tasks.o(.bss.xDelayedTaskList1)
    xDelayedTaskList2                        0x200040f0   Data          20  tasks.o(.bss.xDelayedTaskList2)
    [Anonymous Symbol]                       0x200040f0   Section        0  tasks.o(.bss.xDelayedTaskList2)
    xFreeBytesRemaining                      0x20004104   Data           4  heap_4.o(.bss.xFreeBytesRemaining)
    [Anonymous Symbol]                       0x20004104   Section        0  heap_4.o(.bss.xFreeBytesRemaining)
    xIdleTaskHandles                         0x20004108   Data           4  tasks.o(.bss.xIdleTaskHandles)
    [Anonymous Symbol]                       0x20004108   Section        0  tasks.o(.bss.xIdleTaskHandles)
    xMaximumPossibleSuppressedTicks          0x2000410c   Data           4  port.o(.bss.xMaximumPossibleSuppressedTicks)
    [Anonymous Symbol]                       0x2000410c   Section        0  port.o(.bss.xMaximumPossibleSuppressedTicks)
    xMinimumEverFreeBytesRemaining           0x20004110   Data           4  heap_4.o(.bss.xMinimumEverFreeBytesRemaining)
    [Anonymous Symbol]                       0x20004110   Section        0  heap_4.o(.bss.xMinimumEverFreeBytesRemaining)
    xNextTaskUnblockTime                     0x20004114   Data           4  tasks.o(.bss.xNextTaskUnblockTime)
    [Anonymous Symbol]                       0x20004114   Section        0  tasks.o(.bss.xNextTaskUnblockTime)
    xNumOfOverflows                          0x20004118   Data           4  tasks.o(.bss.xNumOfOverflows)
    [Anonymous Symbol]                       0x20004118   Section        0  tasks.o(.bss.xNumOfOverflows)
    xNumberOfSuccessfulAllocations           0x2000411c   Data           4  heap_4.o(.bss.xNumberOfSuccessfulAllocations)
    [Anonymous Symbol]                       0x2000411c   Section        0  heap_4.o(.bss.xNumberOfSuccessfulAllocations)
    xNumberOfSuccessfulFrees                 0x20004120   Data           4  heap_4.o(.bss.xNumberOfSuccessfulFrees)
    [Anonymous Symbol]                       0x20004120   Section        0  heap_4.o(.bss.xNumberOfSuccessfulFrees)
    xPendedTicks                             0x20004124   Data           4  tasks.o(.bss.xPendedTicks)
    [Anonymous Symbol]                       0x20004124   Section        0  tasks.o(.bss.xPendedTicks)
    xPendingReadyList                        0x20004128   Data          20  tasks.o(.bss.xPendingReadyList)
    [Anonymous Symbol]                       0x20004128   Section        0  tasks.o(.bss.xPendingReadyList)
    xSchedulerRunning                        0x2000413c   Data           4  tasks.o(.bss.xSchedulerRunning)
    [Anonymous Symbol]                       0x2000413c   Section        0  tasks.o(.bss.xSchedulerRunning)
    xStart                                   0x20004140   Data           8  heap_4.o(.bss.xStart)
    [Anonymous Symbol]                       0x20004140   Section        0  heap_4.o(.bss.xStart)
    xSuspendedTaskList                       0x20004148   Data          20  tasks.o(.bss.xSuspendedTaskList)
    [Anonymous Symbol]                       0x20004148   Section        0  tasks.o(.bss.xSuspendedTaskList)
    xTasksWaitingTermination                 0x2000415c   Data          20  tasks.o(.bss.xTasksWaitingTermination)
    [Anonymous Symbol]                       0x2000415c   Section        0  tasks.o(.bss.xTasksWaitingTermination)
    xTickCount                               0x20004170   Data           4  tasks.o(.bss.xTickCount)
    [Anonymous Symbol]                       0x20004170   Section        0  tasks.o(.bss.xTickCount)
    xTimerQueue                              0x20004174   Data           4  timers.o(.bss.xTimerQueue)
    [Anonymous Symbol]                       0x20004174   Section        0  timers.o(.bss.xTimerQueue)
    xTimerTaskHandle                         0x20004178   Data           4  timers.o(.bss.xTimerTaskHandle)
    [Anonymous Symbol]                       0x20004178   Section        0  timers.o(.bss.xTimerTaskHandle)
    xYieldPendings                           0x2000417c   Data           4  tasks.o(.bss.xYieldPendings)
    [Anonymous Symbol]                       0x2000417c   Section        0  tasks.o(.bss.xYieldPendings)
    STACK                                    0x20004180   Section     1024  startup_gd32l23x.o(STACK)

    Global Symbols

    Symbol Name                              Value     Ov Type        Size  Object(Section)

    BuildAttributes$$THM_ISAv3M$S$8M$PE$A:L22$X:L11$S22$IEEE1$IW$~IW$USESV6$~STKCKD$USESV7$~SHL$OTIME$ROPI$IEEEX$EBA8$MICROLIB$REQ8$PRES8$EABIv2 0x00000000   Number         0  anon$$obj.o ABSOLUTE
    __cpp_initialize__aeabi_                  - Undefined Weak Reference
    __cxa_finalize                            - Undefined Weak Reference
    __decompress                              - Undefined Weak Reference
    _clock_init                               - Undefined Weak Reference
    _microlib_exit                            - Undefined Weak Reference
    __Vectors_Size                           0x00000154   Number         0  startup_gd32l23x.o ABSOLUTE
    __Vectors                                0x08000000   Data           4  startup_gd32l23x.o(RESET)
    __Vectors_End                            0x08000154   Data           0  startup_gd32l23x.o(RESET)
    __main                                   0x08000155   Thumb Code     0  entry.o(.ARM.Collect$$$$00000000)
    _main_stk                                0x08000155   Thumb Code     0  entry2.o(.ARM.Collect$$$$00000001)
    _main_scatterload                        0x08000159   Thumb Code     0  entry5.o(.ARM.Collect$$$$00000004)
    __main_after_scatterload                 0x0800015d   Thumb Code     0  entry5.o(.ARM.Collect$$$$00000004)
    _main_clock                              0x0800015d   Thumb Code     0  entry7b.o(.ARM.Collect$$$$00000008)
    _main_cpp_init                           0x0800015d   Thumb Code     0  entry8b.o(.ARM.Collect$$$$0000000A)
    _main_init                               0x0800015d   Thumb Code     0  entry9a.o(.ARM.Collect$$$$0000000B)
    __rt_final_cpp                           0x08000165   Thumb Code     0  entry10a.o(.ARM.Collect$$$$0000000D)
    __rt_final_exit                          0x08000165   Thumb Code     0  entry11a.o(.ARM.Collect$$$$0000000F)
    Reset_Handler                            0x08000169   Thumb Code     8  startup_gd32l23x.o(.text)
    ADC_IRQHandler                           0x0800017b   Thumb Code     0  startup_gd32l23x.o(.text)
    CAU_IRQHandler                           0x0800017b   Thumb Code     0  startup_gd32l23x.o(.text)
    CMP0_IRQHandler                          0x0800017b   Thumb Code     0  startup_gd32l23x.o(.text)
    CMP1_IRQHandler                          0x0800017b   Thumb Code     0  startup_gd32l23x.o(.text)
    DAC_IRQHandler                           0x0800017b   Thumb Code     0  startup_gd32l23x.o(.text)
    DMAMUX_IRQHandler                        0x0800017b   Thumb Code     0  startup_gd32l23x.o(.text)
    DMA_Channel0_IRQHandler                  0x0800017b   Thumb Code     0  startup_gd32l23x.o(.text)
    DMA_Channel1_IRQHandler                  0x0800017b   Thumb Code     0  startup_gd32l23x.o(.text)
    DMA_Channel2_IRQHandler                  0x0800017b   Thumb Code     0  startup_gd32l23x.o(.text)
    DMA_Channel3_IRQHandler                  0x0800017b   Thumb Code     0  startup_gd32l23x.o(.text)
    DMA_Channel4_IRQHandler                  0x0800017b   Thumb Code     0  startup_gd32l23x.o(.text)
    DMA_Channel5_IRQHandler                  0x0800017b   Thumb Code     0  startup_gd32l23x.o(.text)
    DMA_Channel6_IRQHandler                  0x0800017b   Thumb Code     0  startup_gd32l23x.o(.text)
    EXTI0_IRQHandler                         0x0800017b   Thumb Code     0  startup_gd32l23x.o(.text)
    EXTI10_15_IRQHandler                     0x0800017b   Thumb Code     0  startup_gd32l23x.o(.text)
    EXTI1_IRQHandler                         0x0800017b   Thumb Code     0  startup_gd32l23x.o(.text)
    EXTI2_IRQHandler                         0x0800017b   Thumb Code     0  startup_gd32l23x.o(.text)
    EXTI3_IRQHandler                         0x0800017b   Thumb Code     0  startup_gd32l23x.o(.text)
    EXTI4_IRQHandler                         0x0800017b   Thumb Code     0  startup_gd32l23x.o(.text)
    FMC_IRQHandler                           0x0800017b   Thumb Code     0  startup_gd32l23x.o(.text)
    I2C0_ER_IRQHandler                       0x0800017b   Thumb Code     0  startup_gd32l23x.o(.text)
    I2C0_EV_IRQHandler                       0x0800017b   Thumb Code     0  startup_gd32l23x.o(.text)
    I2C0_WKUP_IRQHandler                     0x0800017b   Thumb Code     0  startup_gd32l23x.o(.text)
    I2C1_ER_IRQHandler                       0x0800017b   Thumb Code     0  startup_gd32l23x.o(.text)
    I2C1_EV_IRQHandler                       0x0800017b   Thumb Code     0  startup_gd32l23x.o(.text)
    I2C1_WKUP_IRQHandler                     0x0800017b   Thumb Code     0  startup_gd32l23x.o(.text)
    I2C2_ER_IRQHandler                       0x0800017b   Thumb Code     0  startup_gd32l23x.o(.text)
    I2C2_EV_IRQHandler                       0x0800017b   Thumb Code     0  startup_gd32l23x.o(.text)
    I2C2_WKUP_IRQHandler                     0x0800017b   Thumb Code     0  startup_gd32l23x.o(.text)
    LPTIMER_IRQHandler                       0x0800017b   Thumb Code     0  startup_gd32l23x.o(.text)
    LPUART_IRQHandler                        0x0800017b   Thumb Code     0  startup_gd32l23x.o(.text)
    LPUART_WKUP_IRQHandler                   0x0800017b   Thumb Code     0  startup_gd32l23x.o(.text)
    LVD_IRQHandler                           0x0800017b   Thumb Code     0  startup_gd32l23x.o(.text)
    RCU_CTC_IRQHandler                       0x0800017b   Thumb Code     0  startup_gd32l23x.o(.text)
    RTC_Alarm_IRQHandler                     0x0800017b   Thumb Code     0  startup_gd32l23x.o(.text)
    RTC_WKUP_IRQHandler                      0x0800017b   Thumb Code     0  startup_gd32l23x.o(.text)
    SLCD_IRQHandler                          0x0800017b   Thumb Code     0  startup_gd32l23x.o(.text)
    SPI0_IRQHandler                          0x0800017b   Thumb Code     0  startup_gd32l23x.o(.text)
    SPI1_IRQHandler                          0x0800017b   Thumb Code     0  startup_gd32l23x.o(.text)
    TAMPER_STAMP_IRQHandler                  0x0800017b   Thumb Code     0  startup_gd32l23x.o(.text)
    TIMER11_IRQHandler                       0x0800017b   Thumb Code     0  startup_gd32l23x.o(.text)
    TIMER1_IRQHandler                        0x0800017b   Thumb Code     0  startup_gd32l23x.o(.text)
    TIMER2_IRQHandler                        0x0800017b   Thumb Code     0  startup_gd32l23x.o(.text)
    TIMER5_IRQHandler                        0x0800017b   Thumb Code     0  startup_gd32l23x.o(.text)
    TIMER6_IRQHandler                        0x0800017b   Thumb Code     0  startup_gd32l23x.o(.text)
    TIMER8_IRQHandler                        0x0800017b   Thumb Code     0  startup_gd32l23x.o(.text)
    TRNG_IRQHandler                          0x0800017b   Thumb Code     0  startup_gd32l23x.o(.text)
    UART3_IRQHandler                         0x0800017b   Thumb Code     0  startup_gd32l23x.o(.text)
    UART4_IRQHandler                         0x0800017b   Thumb Code     0  startup_gd32l23x.o(.text)
    USART0_WKUP_IRQHandler                   0x0800017b   Thumb Code     0  startup_gd32l23x.o(.text)
    USART1_WKUP_IRQHandler                   0x0800017b   Thumb Code     0  startup_gd32l23x.o(.text)
    USBD_HP_IRQHandler                       0x0800017b   Thumb Code     0  startup_gd32l23x.o(.text)
    USBD_LP_IRQHandler                       0x0800017b   Thumb Code     0  startup_gd32l23x.o(.text)
    USBD_WKUP_IRQHandler                     0x0800017b   Thumb Code     0  startup_gd32l23x.o(.text)
    WWDGT_IRQHandler                         0x0800017b   Thumb Code     0  startup_gd32l23x.o(.text)
    __aeabi_memcpy                           0x08000185   Thumb Code    36  memcpya.o(.text)
    __aeabi_memcpy4                          0x08000185   Thumb Code     0  memcpya.o(.text)
    __aeabi_memcpy8                          0x08000185   Thumb Code     0  memcpya.o(.text)
    __aeabi_memset                           0x080001a9   Thumb Code    14  memseta.o(.text)
    __aeabi_memset4                          0x080001a9   Thumb Code     0  memseta.o(.text)
    __aeabi_memset8                          0x080001a9   Thumb Code     0  memseta.o(.text)
    __aeabi_memclr                           0x080001b7   Thumb Code     4  memseta.o(.text)
    __aeabi_memclr4                          0x080001b7   Thumb Code     0  memseta.o(.text)
    __aeabi_memclr8                          0x080001b7   Thumb Code     0  memseta.o(.text)
    _memset$wrapper                          0x080001bb   Thumb Code    18  memseta.o(.text)
    strstr                                   0x080001cd   Thumb Code    40  strstr.o(.text)
    __aeabi_fadd                             0x080001f5   Thumb Code   162  fadd.o(.text)
    __aeabi_fsub                             0x08000297   Thumb Code     8  fadd.o(.text)
    __aeabi_frsub                            0x0800029f   Thumb Code     8  fadd.o(.text)
    __aeabi_fmul                             0x080002a7   Thumb Code   122  fmul.o(.text)
    __aeabi_fdiv                             0x08000321   Thumb Code   124  fdiv.o(.text)
    __aeabi_fcmple                           0x0800039d   Thumb Code    28  fcmple.o(.text)
    __aeabi_fcmpge                           0x080003b9   Thumb Code    28  fcmpge.o(.text)
    __aeabi_ui2f                             0x080003d5   Thumb Code    14  ffltui.o(.text)
    __aeabi_f2uiz                            0x080003e3   Thumb Code    40  ffixui.o(.text)
    __aeabi_f2d                              0x0800040b   Thumb Code    40  f2d.o(.text)
    __aeabi_uldivmod                         0x08000433   Thumb Code    96  uldiv.o(.text)
    __I$use$fp                               0x08000493   Thumb Code     0  iusefp.o(.text)
    _float_round                             0x08000493   Thumb Code    16  fepilogue.o(.text)
    _float_epilogue                          0x080004a3   Thumb Code   114  fepilogue.o(.text)
    _frnd                                    0x08000515   Thumb Code    62  frnd.o(.text)
    __aeabi_dadd                             0x08000555   Thumb Code   328  dadd.o(.text)
    __aeabi_dsub                             0x0800069d   Thumb Code    12  dadd.o(.text)
    __aeabi_drsub                            0x080006a9   Thumb Code    12  dadd.o(.text)
    __aeabi_dmul                             0x080006b9   Thumb Code   202  dmul.o(.text)
    __aeabi_ddiv                             0x08000789   Thumb Code   234  ddiv.o(.text)
    __aeabi_f2iz                             0x08000879   Thumb Code    50  ffixi.o(.text)
    __aeabi_d2ulz                            0x080008ad   Thumb Code    54  dfixul.o(.text)
    __aeabi_cdrcmple                         0x080008ed   Thumb Code    38  cdrcmple.o(.text)
    __scatterload                            0x08000915   Thumb Code    38  init.o(.text)
    __scatterload_rt2                        0x08000915   Thumb Code     0  init.o(.text)
    __aeabi_uidiv$div0                       0x08000945   Thumb Code     0  uidiv_div0.o(.text)
    __aeabi_uidivmod                         0x08000945   Thumb Code    62  uidiv_div0.o(.text)
    __aeabi_llsl                             0x08000983   Thumb Code    32  llshl.o(.text)
    _ll_shift_l                              0x08000983   Thumb Code     0  llshl.o(.text)
    __aeabi_llsr                             0x080009a3   Thumb Code    34  llushr.o(.text)
    _ll_ushift_r                             0x080009a3   Thumb Code     0  llushr.o(.text)
    __aeabi_lasr                             0x080009c5   Thumb Code    38  llsshr.o(.text)
    _ll_sshift_r                             0x080009c5   Thumb Code     0  llsshr.o(.text)
    __ARM_scalbnf                            0x080009eb   Thumb Code    24  fscalb.o(.text)
    scalbnf                                  0x080009eb   Thumb Code     0  fscalb.o(.text)
    _double_round                            0x08000a03   Thumb Code    26  depilogue.o(.text)
    _double_epilogue                         0x08000a1d   Thumb Code   164  depilogue.o(.text)
    __aeabi_i2f                              0x08000ac1   Thumb Code    22  fflti.o(.text)
    CheckReplyOK                             0x08000ad9   Thumb Code   200  mwcc68_app.o(.text.CheckReplyOK)
    EXTI5_9_IRQHandler                       0x08000bb1   Thumb Code    36  mwcc68_uart.o(.text.EXTI5_9_IRQHandler)
    HardFault_Handler                        0x08000bd9   Thumb Code     4  gd32l23x_it.o(.text.HardFault_Handler)
    LoRa_EnterConfigMode                     0x08000bdd   Thumb Code    40  mwcc68_app.o(.text.LoRa_EnterConfigMode)
    LoRa_ExitConfigMode                      0x08000c09   Thumb Code    56  mwcc68_app.o(.text.LoRa_ExitConfigMode)
    LoRa_Init                                0x08000c59   Thumb Code   812  mwcc68_app.o(.text.LoRa_Init)
    LoRa_ReceiveData                         0x08000fdd   Thumb Code   220  mwcc68_app.o(.text.LoRa_ReceiveData)
    LoRa_SendData_Direct                     0x080010b9   Thumb Code   248  mwcc68_app.o(.text.LoRa_SendData_Direct)
    LoRa_SetAddr                             0x080011c9   Thumb Code   192  mwcc68_app.o(.text.LoRa_SetAddr)
    LoRa_SetBps                              0x08001299   Thumb Code   188  mwcc68_app.o(.text.LoRa_SetBps)
    LoRa_SetChn                              0x08001361   Thumb Code   188  mwcc68_app.o(.text.LoRa_SetChn)
    LoRa_SetNetid                            0x08001431   Thumb Code   188  mwcc68_app.o(.text.LoRa_SetNetid)
    LoRa_SetPacksize                         0x08001501   Thumb Code   192  mwcc68_app.o(.text.LoRa_SetPacksize)
    LoRa_SetPower                            0x080015dd   Thumb Code   188  mwcc68_app.o(.text.LoRa_SetPower)
    LoRa_SetTmode                            0x080016b1   Thumb Code   188  mwcc68_app.o(.text.LoRa_SetTmode)
    LoRa_SetWlrate                           0x08001785   Thumb Code   192  mwcc68_app.o(.text.LoRa_SetWlrate)
    LoRa_WaitAuxHigh                         0x08001861   Thumb Code    88  mwcc68_app.o(.text.LoRa_WaitAuxHigh)
    NMI_Handler                              0x080018bd   Thumb Code     2  gd32l23x_it.o(.text.NMI_Handler)
    PendSV_Handler                           0x080018c1   Thumb Code    64  portasm.o(.text.PendSV_Handler)
    SVC_Handler                              0x08001905   Thumb Code    24  portasm.o(.text.SVC_Handler)
    SysTick_Handler                          0x08001921   Thumb Code    40  port.o(.text.SysTick_Handler)
    SystemInit                               0x0800194d   Thumb Code   116  system_gd32l23x.o(.text.SystemInit)
    USART0_IRQHandler                        0x080019e1   Thumb Code    76  mwcc68_uart.o(.text.USART0_IRQHandler)
    USART1_IRQHandler                        0x08001a3d   Thumb Code   104  mwcc68_uart.o(.text.USART1_IRQHandler)
    User_GpioInit                            0x08001ac5   Thumb Code   124  mwcc68_app.o(.text.User_GpioInit)
    chaos_decrypt_block                      0x08001c01   Thumb Code    28  chaos_encrypt.o(.text.chaos_decrypt_block)
    chaos_decrypt_packet                     0x08001c1d   Thumb Code    98  chaos_encrypt.o(.text.chaos_decrypt_packet)
    chaos_encrypt_block                      0x08001c7f   Thumb Code    82  chaos_encrypt.o(.text.chaos_encrypt_block)
    chaos_encrypt_packet                     0x08001cd1   Thumb Code   110  chaos_encrypt.o(.text.chaos_encrypt_packet)
    chaos_get_sync_code                      0x08001dd5   Thumb Code    72  chaos_encrypt.o(.text.chaos_get_sync_code)
    chaos_init                               0x08001e21   Thumb Code   120  chaos_encrypt.o(.text.chaos_init)
    chaos_sync_from_code                     0x08002039   Thumb Code   116  chaos_encrypt.o(.text.chaos_sync_from_code)
    cpu_delay_ms                             0x08002181   Thumb Code    76  systick.o(.text.cpu_delay_ms)
    eTaskConfirmSleepModeStatus              0x080021dd   Thumb Code   100  tasks.o(.text.eTaskConfirmSleepModeStatus)
    exti_init                                0x08002255   Thumb Code   208  gd32l23x_exti.o(.text.exti_init)
    exti_interrupt_enable                    0x08002331   Thumb Code    20  gd32l23x_exti.o(.text.exti_interrupt_enable)
    exti_interrupt_flag_clear                0x08002345   Thumb Code    16  gd32l23x_exti.o(.text.exti_interrupt_flag_clear)
    exti_interrupt_flag_get                  0x08002355   Thumb Code    60  gd32l23x_exti.o(.text.exti_interrupt_flag_get)
    fmc_lock                                 0x08002485   Thumb Code    12  gd32l23x_fmc.o(.text.fmc_lock)
    fmc_page_erase                           0x08002491   Thumb Code    88  gd32l23x_fmc.o(.text.fmc_page_erase)
    fmc_unlock                               0x080025c9   Thumb Code    28  gd32l23x_fmc.o(.text.fmc_unlock)
    fmc_word_program                         0x080025f1   Thumb Code    80  gd32l23x_fmc.o(.text.fmc_word_program)
    fputc                                    0x08002645   Thumb Code    40  mwcc68_uart.o(.text.fputc)
    gd_eval_led_init                         0x08002675   Thumb Code    96  gd32l233r_eval.o(.text.gd_eval_led_init)
    gpio_af_set                              0x080026e1   Thumb Code   192  gd32l23x_gpio.o(.text.gpio_af_set)
    gpio_bit_reset                           0x080027a1   Thumb Code    16  gd32l23x_gpio.o(.text.gpio_bit_reset)
    gpio_bit_set                             0x080027b1   Thumb Code    16  gd32l23x_gpio.o(.text.gpio_bit_set)
    gpio_input_bit_get                       0x080027c1   Thumb Code    42  gd32l23x_gpio.o(.text.gpio_input_bit_get)
    gpio_mode_set                            0x080027eb   Thumb Code   142  gd32l23x_gpio.o(.text.gpio_mode_set)
    gpio_output_options_set                  0x08002879   Thumb Code   138  gd32l23x_gpio.o(.text.gpio_output_options_set)
    log_debug                                0x08002903   Thumb Code    40  log.o(.text.log_debug)
    log_error                                0x0800292b   Thumb Code    40  log.o(.text.log_error)
    log_info                                 0x08002953   Thumb Code    40  log.o(.text.log_info)
    log_warn                                 0x08002a39   Thumb Code    40  log.o(.text.log_warn)
    main                                     0x08002a61   Thumb Code    84  main.o(.text.main)
    master_cmd_task                          0x08002ad5   Thumb Code   236  master_cmd.o(.text.master_cmd_task)
    master_flash_erase_wave                  0x08002bd5   Thumb Code    64  master_sys.o(.text.master_flash_erase_wave)
    master_flash_save_node_data              0x08002c15   Thumb Code   124  master_sys.o(.text.master_flash_save_node_data)
    master_flash_save_wave_data              0x08002c95   Thumb Code   120  master_sys.o(.text.master_flash_save_wave_data)
    master_get_download_buf                  0x08002d11   Thumb Code     4  master_sys.o(.text.master_get_download_buf)
    master_get_node_info                     0x08002d15   Thumb Code    44  master_sys.o(.text.master_get_node_info)
    master_init                              0x08002d41   Thumb Code   232  master_sys.o(.text.master_init)
    master_judge_task                        0x08002e45   Thumb Code   236  master_judge.o(.text.master_judge_task)
    master_recv_task                         0x08002f49   Thumb Code   904  master_recv.o(.text.master_recv_task)
    master_recv_wave_data                    0x080032e5   Thumb Code    64  master_sys.o(.text.master_recv_wave_data)
    nvic_irq_enable                          0x0800332d   Thumb Code    44  gd32l23x_misc.o(.text.nvic_irq_enable)
    nvic_vector_table_set                    0x08003359   Thumb Code    24  gd32l23x_misc.o(.text.nvic_vector_table_set)
    pvPortMalloc                             0x08004625   Thumb Code   604  heap_4.o(.text.pvPortMalloc)
    pxPortInitialiseStack                    0x0800489d   Thumb Code   236  port.o(.text.pxPortInitialiseStack)
    rcu_clock_freq_get                       0x080049bd   Thumb Code  1472  gd32l23x_rcu.o(.text.rcu_clock_freq_get)
    rcu_periph_clock_enable                  0x08004f8d   Thumb Code    36  gd32l23x_rcu.o(.text.rcu_periph_clock_enable)
    rcu_periph_reset_disable                 0x08004fb1   Thumb Code    36  gd32l23x_rcu.o(.text.rcu_periph_reset_disable)
    rcu_periph_reset_enable                  0x08004fd5   Thumb Code    36  gd32l23x_rcu.o(.text.rcu_periph_reset_enable)
    syscfg_exti_line_config                  0x0800514d   Thumb Code   164  gd32l23x_syscfg.o(.text.syscfg_exti_line_config)
    task_create                              0x08005301   Thumb Code   124  main.o(.text.task_create)
    ulSetInterruptMask                       0x080053a1   Thumb Code     8  portasm.o(.text.ulSetInterruptMask)
    usart0_init                              0x080053a9   Thumb Code   164  mwcc68_uart.o(.text.usart0_init)
    usart1_clear_buffer                      0x08005455   Thumb Code    16  mwcc68_uart.o(.text.usart1_clear_buffer)
    usart1_data_available                    0x08005465   Thumb Code     8  mwcc68_uart.o(.text.usart1_data_available)
    usart1_get_rx_count                      0x0800546d   Thumb Code     8  mwcc68_uart.o(.text.usart1_get_rx_count)
    usart1_mark_frame                        0x08005475   Thumb Code    52  mwcc68_uart.o(.text.usart1_mark_frame)
    usart1_peek_data                         0x080054ad   Thumb Code   132  mwcc68_uart.o(.text.usart1_peek_data)
    usart1_read_data                         0x08005531   Thumb Code   128  mwcc68_uart.o(.text.usart1_read_data)
    usart1_read_frame                        0x080055b1   Thumb Code   244  mwcc68_uart.o(.text.usart1_read_frame)
    usart_baudrate_set                       0x080056c1   Thumb Code   212  gd32l23x_usart.o(.text.usart_baudrate_set)
    usart_data_receive                       0x0800579d   Thumb Code    16  gd32l23x_usart.o(.text.usart_data_receive)
    usart_data_transmit                      0x080057ad   Thumb Code    20  gd32l23x_usart.o(.text.usart_data_transmit)
    usart_deinit                             0x080057c5   Thumb Code   120  gd32l23x_usart.o(.text.usart_deinit)
    usart_enable                             0x0800585d   Thumb Code    18  gd32l23x_usart.o(.text.usart_enable)
    usart_flag_clear                         0x0800586f   Thumb Code    30  gd32l23x_usart.o(.text.usart_flag_clear)
    usart_flag_get                           0x0800588d   Thumb Code    60  gd32l23x_usart.o(.text.usart_flag_get)
    usart_interrupt_enable                   0x080058c9   Thumb Code    34  gd32l23x_usart.o(.text.usart_interrupt_enable)
    usart_interrupt_flag_clear               0x080058ed   Thumb Code    60  gd32l23x_usart.o(.text.usart_interrupt_flag_clear)
    usart_interrupt_flag_get                 0x0800592d   Thumb Code    98  gd32l23x_usart.o(.text.usart_interrupt_flag_get)
    usart_parity_config                      0x0800598f   Thumb Code    42  gd32l23x_usart.o(.text.usart_parity_config)
    usart_receive_config                     0x080059b9   Thumb Code    30  gd32l23x_usart.o(.text.usart_receive_config)
    usart_stop_bit_set                       0x080059d7   Thumb Code    42  gd32l23x_usart.o(.text.usart_stop_bit_set)
    usart_transmit_config                    0x08005a01   Thumb Code    30  gd32l23x_usart.o(.text.usart_transmit_config)
    usart_word_length_set                    0x08005a1f   Thumb Code    42  gd32l23x_usart.o(.text.usart_word_length_set)
    uxListRemove                             0x08005a49   Thumb Code    72  list.o(.text.uxListRemove)
    vApplicationTickHook                     0x08005a91   Thumb Code     2  systick.o(.text.vApplicationTickHook)
    vClearInterruptMask                      0x08005a93   Thumb Code     6  portasm.o(.text.vClearInterruptMask)
    vListInitialise                          0x08005a99   Thumb Code    44  list.o(.text.vListInitialise)
    vListInitialiseItem                      0x08005ac5   Thumb Code    14  list.o(.text.vListInitialiseItem)
    vListInsert                              0x08005ad3   Thumb Code   106  list.o(.text.vListInsert)
    vPortEnterCritical                       0x08005b3d   Thumb Code    20  port.o(.text.vPortEnterCritical)
    vPortExitCritical                        0x08005b51   Thumb Code    36  port.o(.text.vPortExitCritical)
    vPortFree                                0x08005b79   Thumb Code   196  heap_4.o(.text.vPortFree)
    vPortSVCHandler_C                        0x08005c4d   Thumb Code    46  port.o(.text.vPortSVCHandler_C)
    vPortSetupTimerInterrupt                 0x08005c7d   Thumb Code    68  port.o(.text.vPortSetupTimerInterrupt)
    vPortSuppressTicksAndSleep               0x08005cc9   Thumb Code   376  port.o(.text.vPortSuppressTicksAndSleep)
    vPortYield                               0x08005e59   Thumb Code    20  port.o(.text.vPortYield)
    vQueueWaitForMessageRestricted           0x08005e71   Thumb Code   100  queue.o(.text.vQueueWaitForMessageRestricted)
    vRestoreContextOfFirstTask               0x08005ed5   Thumb Code    26  portasm.o(.text.vRestoreContextOfFirstTask)
    vStartFirstTask                          0x08005ef5   Thumb Code    24  portasm.o(.text.vStartFirstTask)
    vTaskDelay                               0x08005f11   Thumb Code    72  tasks.o(.text.vTaskDelay)
    vTaskInternalSetTimeOutState             0x08005f59   Thumb Code    24  tasks.o(.text.vTaskInternalSetTimeOutState)
    vTaskMissedYield                         0x08005f75   Thumb Code     8  tasks.o(.text.vTaskMissedYield)
    vTaskPlaceOnEventList                    0x08005f7d   Thumb Code    44  tasks.o(.text.vTaskPlaceOnEventList)
    vTaskPlaceOnEventListRestricted          0x08005fa9   Thumb Code   108  tasks.o(.text.vTaskPlaceOnEventListRestricted)
    vTaskStartScheduler                      0x08006015   Thumb Code    88  tasks.o(.text.vTaskStartScheduler)
    vTaskStepTick                            0x08006075   Thumb Code   112  tasks.o(.text.vTaskStepTick)
    vTaskSuspendAll                          0x080060f1   Thumb Code    12  tasks.o(.text.vTaskSuspendAll)
    vTaskSwitchContext                       0x080060fd   Thumb Code   140  tasks.o(.text.vTaskSwitchContext)
    xPortStartScheduler                      0x080061b9   Thumb Code   104  port.o(.text.xPortStartScheduler)
    xQueueGenericCreate                      0x08006239   Thumb Code   134  queue.o(.text.xQueueGenericCreate)
    xQueueGenericReset                       0x080062bf   Thumb Code   214  queue.o(.text.xQueueGenericReset)
    xQueueGenericSend                        0x08006395   Thumb Code   434  queue.o(.text.xQueueGenericSend)
    xQueueReceive                            0x08006547   Thumb Code   388  queue.o(.text.xQueueReceive)
    xTaskCheckForTimeOut                     0x080066cd   Thumb Code   168  tasks.o(.text.xTaskCheckForTimeOut)
    xTaskCreate                              0x08006775   Thumb Code    70  tasks.o(.text.xTaskCreate)
    xTaskDelayUntil                          0x080067bd   Thumb Code   204  tasks.o(.text.xTaskDelayUntil)
    xTaskGetSchedulerState                   0x08006889   Thumb Code    44  tasks.o(.text.xTaskGetSchedulerState)
    xTaskGetTickCount                        0x080068b9   Thumb Code    16  tasks.o(.text.xTaskGetTickCount)
    xTaskIncrementTick                       0x080068cd   Thumb Code   520  tasks.o(.text.xTaskIncrementTick)
    xTaskPriorityDisinherit                  0x08006af1   Thumb Code   248  tasks.o(.text.xTaskPriorityDisinherit)
    xTaskRemoveFromEventList                 0x08006be9   Thumb Code   372  tasks.o(.text.xTaskRemoveFromEventList)
    xTaskResumeAll                           0x08006d6d   Thumb Code   468  tasks.o(.text.xTaskResumeAll)
    xTimerCreateTimerTask                    0x08006f61   Thumb Code    64  timers.o(.text.xTimerCreateTimerTask)
    __0printf                                0x08006fb1   Thumb Code    24  printfa.o(i.__0printf)
    __1printf                                0x08006fb1   Thumb Code     0  printfa.o(i.__0printf)
    __2printf                                0x08006fb1   Thumb Code     0  printfa.o(i.__0printf)
    __c89printf                              0x08006fb1   Thumb Code     0  printfa.o(i.__0printf)
    printf                                   0x08006fb1   Thumb Code     0  printfa.o(i.__0printf)
    __0sprintf                               0x08006fd1   Thumb Code    36  printfa.o(i.__0sprintf)
    __1sprintf                               0x08006fd1   Thumb Code     0  printfa.o(i.__0sprintf)
    __2sprintf                               0x08006fd1   Thumb Code     0  printfa.o(i.__0sprintf)
    __c89sprintf                             0x08006fd1   Thumb Code     0  printfa.o(i.__0sprintf)
    sprintf                                  0x08006fd1   Thumb Code     0  printfa.o(i.__0sprintf)
    __0vprintf                               0x08006ff9   Thumb Code    12  printfa.o(i.__0vprintf)
    __1vprintf                               0x08006ff9   Thumb Code     0  printfa.o(i.__0vprintf)
    __2vprintf                               0x08006ff9   Thumb Code     0  printfa.o(i.__0vprintf)
    __c89vprintf                             0x08006ff9   Thumb Code     0  printfa.o(i.__0vprintf)
    vprintf                                  0x08006ff9   Thumb Code     0  printfa.o(i.__0vprintf)
    __ARM_clz                                0x0800700d   Thumb Code    46  depilogue.o(i.__ARM_clz)
    __ARM_common_ll_muluu                    0x0800703b   Thumb Code    50  rredf.o(i.__ARM_common_ll_muluu)
    __ARM_fpclassifyf                        0x0800706d   Thumb Code    34  fpclassifyf.o(i.__ARM_fpclassifyf)
    __mathlib_flt_infnan                     0x0800708f   Thumb Code    10  funder.o(i.__mathlib_flt_infnan)
    __mathlib_flt_invalid                    0x08007099   Thumb Code    12  funder.o(i.__mathlib_flt_invalid)
    __mathlib_flt_underflow                  0x080070a5   Thumb Code    14  funder.o(i.__mathlib_flt_underflow)
    __mathlib_rredf2                         0x080070b5   Thumb Code   366  rredf.o(i.__mathlib_rredf2)
    __scatterload_copy                       0x08007235   Thumb Code    14  handlers.o(i.__scatterload_copy)
    __scatterload_null                       0x08007243   Thumb Code     2  handlers.o(i.__scatterload_null)
    __scatterload_zeroinit                   0x08007245   Thumb Code    14  handlers.o(i.__scatterload_zeroinit)
    __set_errno                              0x08007255   Thumb Code     6  errno.o(i.__set_errno)
    cosf                                     0x08007b19   Thumb Code   318  cosf.o(i.cosf)
    sinf                                     0x08007c91   Thumb Code   330  sinf.o(i.sinf)
    Region$$Table$$Base                      0x08008a54   Number         0  anon$$obj.o(Region$$Table)
    Region$$Table$$Limit                     0x08008a74   Number         0  anon$$obj.o(Region$$Table)
    __stdout                                 0x20000000   Data           4  stdout.o(.data)
    SystemCoreClock                          0x20000008   Data           4  system_gd32l23x.o(.data.SystemCoreClock)
    currentPacksize                          0x2000000c   Data           1  mwcc68_app.o(.data.currentPacksize)
    currentWlrate                            0x2000000d   Data           1  mwcc68_app.o(.data.currentWlrate)
    Lora_Device_Sta                          0x20000060   Data           1  mwcc68_app.o(.bss.Lora_Device_Sta)
    g_master_cmd_queue                       0x20000810   Data           4  master_sys.o(.bss.g_master_cmd_queue)
    pxCurrentTCB                             0x200009fc   Data           4  tasks.o(.bss.pxCurrentTCB)
    __initial_sp                             0x20004580   Data           0  startup_gd32l23x.o(STACK)



==============================================================================

Memory Map of the image

  Image Entry point : 0x08000155

  Load Region LR_IROM1 (Base: 0x08000000, Size: 0x00008ad8, Max: 0x00040000, ABSOLUTE)

    Execution Region ER_IROM1 (Exec base: 0x08000000, Load base: 0x08000000, Size: 0x00008a74, Max: 0x00040000, ABSOLUTE)

    Exec Addr    Load Addr    Size         Type   Attr      Idx    E Section Name        Object

    0x08000000   0x08000000   0x00000154   Data   RO         1870    RESET               startup_gd32l23x.o
    0x08000154   0x08000154   0x00000000   Code   RO         2698  * .ARM.Collect$$$$00000000  mc_p.l(entry.o)
    0x08000154   0x08000154   0x00000004   Code   RO         2806    .ARM.Collect$$$$00000001  mc_p.l(entry2.o)
    0x08000158   0x08000158   0x00000004   Code   RO         2809    .ARM.Collect$$$$00000004  mc_p.l(entry5.o)
    0x0800015c   0x0800015c   0x00000000   Code   RO         2811    .ARM.Collect$$$$00000008  mc_p.l(entry7b.o)
    0x0800015c   0x0800015c   0x00000000   Code   RO         2813    .ARM.Collect$$$$0000000A  mc_p.l(entry8b.o)
    0x0800015c   0x0800015c   0x00000008   Code   RO         2814    .ARM.Collect$$$$0000000B  mc_p.l(entry9a.o)
    0x08000164   0x08000164   0x00000000   Code   RO         2816    .ARM.Collect$$$$0000000D  mc_p.l(entry10a.o)
    0x08000164   0x08000164   0x00000000   Code   RO         2818    .ARM.Collect$$$$0000000F  mc_p.l(entry11a.o)
    0x08000164   0x08000164   0x00000004   Code   RO         2807    .ARM.Collect$$$$00002712  mc_p.l(entry2.o)
    0x08000168   0x08000168   0x0000001c   Code   RO         1871    .text               startup_gd32l23x.o
    0x08000184   0x08000184   0x00000024   Code   RO         2729    .text               mc_p.l(memcpya.o)
    0x080001a8   0x080001a8   0x00000024   Code   RO         2731    .text               mc_p.l(memseta.o)
    0x080001cc   0x080001cc   0x00000028   Code   RO         2733    .text               mc_p.l(strstr.o)
    0x080001f4   0x080001f4   0x000000b2   Code   RO         2769    .text               mf_p.l(fadd.o)
    0x080002a6   0x080002a6   0x0000007a   Code   RO         2771    .text               mf_p.l(fmul.o)
    0x08000320   0x08000320   0x0000007c   Code   RO         2773    .text               mf_p.l(fdiv.o)
    0x0800039c   0x0800039c   0x0000001c   Code   RO         2775    .text               mf_p.l(fcmple.o)
    0x080003b8   0x080003b8   0x0000001c   Code   RO         2777    .text               mf_p.l(fcmpge.o)
    0x080003d4   0x080003d4   0x0000000e   Code   RO         2779    .text               mf_p.l(ffltui.o)
    0x080003e2   0x080003e2   0x00000028   Code   RO         2781    .text               mf_p.l(ffixui.o)
    0x0800040a   0x0800040a   0x00000028   Code   RO         2783    .text               mf_p.l(f2d.o)
    0x08000432   0x08000432   0x00000060   Code   RO         2825    .text               mc_p.l(uldiv.o)
    0x08000492   0x08000492   0x00000000   Code   RO         2834    .text               mc_p.l(iusefp.o)
    0x08000492   0x08000492   0x00000082   Code   RO         2835    .text               mf_p.l(fepilogue.o)
    0x08000514   0x08000514   0x0000003e   Code   RO         2837    .text               mf_p.l(frnd.o)
    0x08000552   0x08000552   0x00000002   PAD
    0x08000554   0x08000554   0x00000164   Code   RO         2839    .text               mf_p.l(dadd.o)
    0x080006b8   0x080006b8   0x000000d0   Code   RO         2841    .text               mf_p.l(dmul.o)
    0x08000788   0x08000788   0x000000f0   Code   RO         2843    .text               mf_p.l(ddiv.o)
    0x08000878   0x08000878   0x00000032   Code   RO         2845    .text               mf_p.l(ffixi.o)
    0x080008aa   0x080008aa   0x00000002   PAD
    0x080008ac   0x080008ac   0x00000040   Code   RO         2847    .text               mf_p.l(dfixul.o)
    0x080008ec   0x080008ec   0x00000028   Code   RO         2849    .text               mf_p.l(cdrcmple.o)
    0x08000914   0x08000914   0x00000030   Code   RO         2851    .text               mc_p.l(init.o)
    0x08000944   0x08000944   0x0000003e   Code   RO         2855    .text               mc_p.l(uidiv_div0.o)
    0x08000982   0x08000982   0x00000020   Code   RO         2861    .text               mc_p.l(llshl.o)
    0x080009a2   0x080009a2   0x00000022   Code   RO         2863    .text               mc_p.l(llushr.o)
    0x080009c4   0x080009c4   0x00000026   Code   RO         2865    .text               mc_p.l(llsshr.o)
    0x080009ea   0x080009ea   0x00000018   Code   RO         2867    .text               mf_p.l(fscalb.o)
    0x08000a02   0x08000a02   0x000000be   Code   RO         2869    .text               mf_p.l(depilogue.o)
    0x08000ac0   0x08000ac0   0x00000016   Code   RO         2873    .text               mf_p.l(fflti.o)
    0x08000ad6   0x08000ad6   0x00000002   PAD
    0x08000ad8   0x08000ad8   0x000000d8   Code   RO         2561    .text.CheckReplyOK  mwcc68_app.o
    0x08000bb0   0x08000bb0   0x00000028   Code   RO         2639    .text.EXTI5_9_IRQHandler  mwcc68_uart.o
    0x08000bd8   0x08000bd8   0x00000004   Code   RO         1840    .text.HardFault_Handler  gd32l23x_it.o
    0x08000bdc   0x08000bdc   0x0000002c   Code   RO         2557    .text.LoRa_EnterConfigMode  mwcc68_app.o
    0x08000c08   0x08000c08   0x00000050   Code   RO         2559    .text.LoRa_ExitConfigMode  mwcc68_app.o
    0x08000c58   0x08000c58   0x00000384   Code   RO         2581    .text.LoRa_Init     mwcc68_app.o
    0x08000fdc   0x08000fdc   0x000000dc   Code   RO         2607    .text.LoRa_ReceiveData  mwcc68_app.o
    0x080010b8   0x080010b8   0x00000110   Code   RO         2583    .text.LoRa_SendData_Direct  mwcc68_app.o
    0x080011c8   0x080011c8   0x000000d0   Code   RO         2563    .text.LoRa_SetAddr  mwcc68_app.o
    0x08001298   0x08001298   0x000000c8   Code   RO         2577    .text.LoRa_SetBps   mwcc68_app.o
    0x08001360   0x08001360   0x000000d0   Code   RO         2567    .text.LoRa_SetChn   mwcc68_app.o
    0x08001430   0x08001430   0x000000d0   Code   RO         2565    .text.LoRa_SetNetid  mwcc68_app.o
    0x08001500   0x08001500   0x000000dc   Code   RO         2569    .text.LoRa_SetPacksize  mwcc68_app.o
    0x080015dc   0x080015dc   0x000000d4   Code   RO         2575    .text.LoRa_SetPower  mwcc68_app.o
    0x080016b0   0x080016b0   0x000000d4   Code   RO         2573    .text.LoRa_SetTmode  mwcc68_app.o
    0x08001784   0x08001784   0x000000dc   Code   RO         2571    .text.LoRa_SetWlrate  mwcc68_app.o
    0x08001860   0x08001860   0x0000005c   Code   RO         2555    .text.LoRa_WaitAuxHigh  mwcc68_app.o
    0x080018bc   0x080018bc   0x00000002   Code   RO         1838    .text.NMI_Handler   gd32l23x_it.o
    0x080018be   0x080018be   0x00000002   PAD
    0x080018c0   0x080018c0   0x00000044   Code   RO         2385    .text.PendSV_Handler  portasm.o
    0x08001904   0x08001904   0x0000001c   Code   RO         2387    .text.SVC_Handler   portasm.o
    0x08001920   0x08001920   0x0000002c   Code   RO         2346    .text.SysTick_Handler  port.o
    0x0800194c   0x0800194c   0x00000094   Code   RO         1878    .text.SystemInit    system_gd32l23x.o
    0x080019e0   0x080019e0   0x0000005c   Code   RO         2635    .text.USART0_IRQHandler  mwcc68_uart.o
    0x08001a3c   0x08001a3c   0x00000088   Code   RO         2637    .text.USART1_IRQHandler  mwcc68_uart.o
    0x08001ac4   0x08001ac4   0x00000084   Code   RO         2579    .text.User_GpioInit  mwcc68_app.o
    0x08001b48   0x08001b48   0x00000034   Code   RO         1032    .text.__NVIC_EnableIRQ  gd32l23x_misc.o
    0x08001b7c   0x08001b7c   0x00000084   Code   RO         1030    .text.__NVIC_SetPriority  gd32l23x_misc.o
    0x08001c00   0x08001c00   0x0000001c   Code   RO           31    .text.chaos_decrypt_block  chaos_encrypt.o
    0x08001c1c   0x08001c1c   0x00000062   Code   RO           37    .text.chaos_decrypt_packet  chaos_encrypt.o
    0x08001c7e   0x08001c7e   0x00000052   Code   RO           27    .text.chaos_encrypt_block  chaos_encrypt.o
    0x08001cd0   0x08001cd0   0x0000006e   Code   RO           33    .text.chaos_encrypt_packet  chaos_encrypt.o
    0x08001d3e   0x08001d3e   0x00000002   PAD
    0x08001d40   0x08001d40   0x0000005c   Code   RO           17    .text.chaos_generate_byte  chaos_encrypt.o
    0x08001d9c   0x08001d9c   0x00000038   Code   RO           19    .text.chaos_generate_key_stream  chaos_encrypt.o
    0x08001dd4   0x08001dd4   0x0000004c   Code   RO           23    .text.chaos_get_sync_code  chaos_encrypt.o
    0x08001e20   0x08001e20   0x00000080   Code   RO           15    .text.chaos_init    chaos_encrypt.o
    0x08001ea0   0x08001ea0   0x000000e8   Code   RO           41    .text.chaos_iterate  chaos_encrypt.o
    0x08001f88   0x08001f88   0x00000034   Code   RO           29    .text.chaos_next_byte  chaos_encrypt.o
    0x08001fbc   0x08001fbc   0x0000007a   Code   RO           35    .text.chaos_scramble  chaos_encrypt.o
    0x08002036   0x08002036   0x00000002   PAD
    0x08002038   0x08002038   0x00000084   Code   RO           25    .text.chaos_sync_from_code  chaos_encrypt.o
    0x080020bc   0x080020bc   0x000000c2   Code   RO           39    .text.chaos_unscramble  chaos_encrypt.o
    0x0800217e   0x0800217e   0x00000002   PAD
    0x08002180   0x08002180   0x0000005c   Code   RO         1859    .text.cpu_delay_ms  systick.o
    0x080021dc   0x080021dc   0x00000078   Code   RO         2178    .text.eTaskConfirmSleepModeStatus  tasks.o
    0x08002254   0x08002254   0x000000dc   Code   RO          571    .text.exti_init     gd32l23x_exti.o
    0x08002330   0x08002330   0x00000014   Code   RO          573    .text.exti_interrupt_enable  gd32l23x_exti.o
    0x08002344   0x08002344   0x00000010   Code   RO          591    .text.exti_interrupt_flag_clear  gd32l23x_exti.o
    0x08002354   0x08002354   0x00000044   Code   RO          589    .text.exti_interrupt_flag_get  gd32l23x_exti.o
    0x08002398   0x08002398   0x00000058   Code   RO         2477    .text.flash_page_align_erase  master_sys.o
    0x080023f0   0x080023f0   0x00000092   Code   RO         2479    .text.flash_write_bytes  master_sys.o
    0x08002482   0x08002482   0x00000002   PAD
    0x08002484   0x08002484   0x0000000c   Code   RO          602    .text.fmc_lock      gd32l23x_fmc.o
    0x08002490   0x08002490   0x0000005c   Code   RO          624    .text.fmc_page_erase  gd32l23x_fmc.o
    0x080024ec   0x080024ec   0x0000005a   Code   RO          626    .text.fmc_ready_wait  gd32l23x_fmc.o
    0x08002546   0x08002546   0x00000002   PAD
    0x08002548   0x08002548   0x00000080   Code   RO          668    .text.fmc_state_get  gd32l23x_fmc.o
    0x080025c8   0x080025c8   0x00000028   Code   RO          600    .text.fmc_unlock    gd32l23x_fmc.o
    0x080025f0   0x080025f0   0x00000054   Code   RO          630    .text.fmc_word_program  gd32l23x_fmc.o
    0x08002644   0x08002644   0x00000030   Code   RO         2657    .text.fputc         mwcc68_uart.o
    0x08002674   0x08002674   0x0000006c   Code   RO         2515    .text.gd_eval_led_init  gd32l233r_eval.o
    0x080026e0   0x080026e0   0x000000c0   Code   RO          724    .text.gpio_af_set   gd32l23x_gpio.o
    0x080027a0   0x080027a0   0x00000010   Code   RO          710    .text.gpio_bit_reset  gd32l23x_gpio.o
    0x080027b0   0x080027b0   0x00000010   Code   RO          708    .text.gpio_bit_set  gd32l23x_gpio.o
    0x080027c0   0x080027c0   0x0000002a   Code   RO          716    .text.gpio_input_bit_get  gd32l23x_gpio.o
    0x080027ea   0x080027ea   0x0000008e   Code   RO          704    .text.gpio_mode_set  gd32l23x_gpio.o
    0x08002878   0x08002878   0x0000008a   Code   RO          706    .text.gpio_output_options_set  gd32l23x_gpio.o
    0x08002902   0x08002902   0x00000028   Code   RO           60    .text.log_debug     log.o
    0x0800292a   0x0800292a   0x00000028   Code   RO           68    .text.log_error     log.o
    0x08002952   0x08002952   0x00000028   Code   RO           64    .text.log_info      log.o
    0x0800297a   0x0800297a   0x00000002   PAD
    0x0800297c   0x0800297c   0x000000bc   Code   RO           62    .text.log_print     log.o
    0x08002a38   0x08002a38   0x00000028   Code   RO           66    .text.log_warn      log.o
    0x08002a60   0x08002a60   0x00000074   Code   RO            4    .text.main          main.o
    0x08002ad4   0x08002ad4   0x00000100   Code   RO         2430    .text.master_cmd_task  master_cmd.o
    0x08002bd4   0x08002bd4   0x00000040   Code   RO         2493    .text.master_flash_erase_wave  master_sys.o
    0x08002c14   0x08002c14   0x00000080   Code   RO         2473    .text.master_flash_save_node_data  master_sys.o
    0x08002c94   0x08002c94   0x0000007c   Code   RO         2487    .text.master_flash_save_wave_data  master_sys.o
    0x08002d10   0x08002d10   0x00000004   Code   RO         2495    .text.master_get_download_buf  master_sys.o
    0x08002d14   0x08002d14   0x0000002c   Code   RO         2499    .text.master_get_node_info  master_sys.o
    0x08002d40   0x08002d40   0x00000104   Code   RO         2497    .text.master_init   master_sys.o
    0x08002e44   0x08002e44   0x00000104   Code   RO         2444    .text.master_judge_task  master_judge.o
    0x08002f48   0x08002f48   0x0000039c   Code   RO         2453    .text.master_recv_task  master_recv.o
    0x080032e4   0x080032e4   0x00000048   Code   RO         2501    .text.master_recv_wave_data  master_sys.o
    0x0800332c   0x0800332c   0x0000002c   Code   RO         1028    .text.nvic_irq_enable  gd32l23x_misc.o
    0x08003358   0x08003358   0x00000020   Code   RO         1042    .text.nvic_vector_table_set  gd32l23x_misc.o
    0x08003378   0x08003378   0x00000078   Code   RO         2463    .text.process_fault_list  master_recv.o
    0x080033f0   0x080033f0   0x00000080   Code   RO         2461    .text.process_flash_wave  master_recv.o
    0x08003470   0x08003470   0x000000a8   Code   RO         2459    .text.process_node_raw  master_recv.o
    0x08003518   0x08003518   0x000001f8   Code   RO         2455    .text.process_status_header  master_recv.o
    0x08003710   0x08003710   0x00000104   Code   RO         2457    .text.process_wave_header  master_recv.o
    0x08003814   0x08003814   0x000000d8   Code   RO         2100    .text.prvAddCurrentTaskToDelayedList  tasks.o
    0x080038ec   0x080038ec   0x00000114   Code   RO         2088    .text.prvAddNewTaskToReadyList  tasks.o
    0x08003a00   0x08003a00   0x00000058   Code   RO         2262    .text.prvCheckForValidListAndQueue  timers.o
    0x08003a58   0x08003a58   0x00000050   Code   RO         2132    .text.prvCheckTasksWaitingTermination  tasks.o
    0x08003aa8   0x08003aa8   0x00000042   Code   RO         1980    .text.prvCopyDataFromQueue  queue.o
    0x08003aea   0x08003aea   0x000000cc   Code   RO         1968    .text.prvCopyDataToQueue  queue.o
    0x08003bb6   0x08003bb6   0x00000002   PAD
    0x08003bb8   0x08003bb8   0x0000008c   Code   RO         2128    .text.prvCreateIdleTasks  tasks.o
    0x08003c44   0x08003c44   0x00000078   Code   RO         2086    .text.prvCreateTask  tasks.o
    0x08003cbc   0x08003cbc   0x00000018   Code   RO         2094    .text.prvDeleteTCB  tasks.o
    0x08003cd4   0x08003cd4   0x00000068   Code   RO         2228    .text.prvGetExpectedIdleTime  tasks.o
    0x08003d3c   0x08003d3c   0x00000038   Code   RO         2304    .text.prvGetNextExpireTime  timers.o
    0x08003d74   0x08003d74   0x00000090   Code   RO         2398    .text.prvHeapInit   heap_4.o
    0x08003e04   0x08003e04   0x00000070   Code   RO         2226    .text.prvIdleTask   tasks.o
    0x08003e74   0x08003e74   0x00000044   Code   RO         1952    .text.prvInitialiseNewQueue  queue.o
    0x08003eb8   0x08003eb8   0x00000100   Code   RO         2222    .text.prvInitialiseNewTask  tasks.o
    0x08003fb8   0x08003fb8   0x0000007c   Code   RO         2224    .text.prvInitialiseTaskLists  tasks.o
    0x08004034   0x08004034   0x0000010c   Code   RO         2402    .text.prvInsertBlockIntoFreeList  heap_4.o
    0x08004140   0x08004140   0x0000007c   Code   RO         2318    .text.prvInsertTimerInActiveList  timers.o
    0x080041bc   0x080041bc   0x00000028   Code   RO         1982    .text.prvIsQueueEmpty  queue.o
    0x080041e4   0x080041e4   0x0000002e   Code   RO         1970    .text.prvIsQueueFull  queue.o
    0x08004212   0x08004212   0x00000002   PAD
    0x08004214   0x08004214   0x0000004c   Code   RO         2312    .text.prvProcessExpiredTimer  timers.o
    0x08004260   0x08004260   0x0000016c   Code   RO         2308    .text.prvProcessReceivedCommands  timers.o
    0x080043cc   0x080043cc   0x00000080   Code   RO         2306    .text.prvProcessTimerOrBlockTask  timers.o
    0x0800444c   0x0800444c   0x00000034   Code   RO         2316    .text.prvReloadTimer  timers.o
    0x08004480   0x08004480   0x0000002c   Code   RO         2092    .text.prvResetNextTaskUnblockTime  tasks.o
    0x080044ac   0x080044ac   0x0000003c   Code   RO         2310    .text.prvSampleTimeNow  timers.o
    0x080044e8   0x080044e8   0x00000044   Code   RO         2314    .text.prvSwitchTimerLists  timers.o
    0x0800452c   0x0800452c   0x0000002c   Code   RO         2352    .text.prvTaskExitError  port.o
    0x08004558   0x08004558   0x0000001e   Code   RO         2264    .text.prvTimerTask  timers.o
    0x08004576   0x08004576   0x000000ae   Code   RO         1972    .text.prvUnlockQueue  queue.o
    0x08004624   0x08004624   0x00000278   Code   RO         2396    .text.pvPortMalloc  heap_4.o
    0x0800489c   0x0800489c   0x00000120   Code   RO         2350    .text.pxPortInitialiseStack  port.o
    0x080049bc   0x080049bc   0x000005d0   Code   RO         1214    .text.rcu_clock_freq_get  gd32l23x_rcu.o
    0x08004f8c   0x08004f8c   0x00000024   Code   RO         1126    .text.rcu_periph_clock_enable  gd32l23x_rcu.o
    0x08004fb0   0x08004fb0   0x00000024   Code   RO         1136    .text.rcu_periph_reset_disable  gd32l23x_rcu.o
    0x08004fd4   0x08004fd4   0x00000024   Code   RO         1134    .text.rcu_periph_reset_enable  gd32l23x_rcu.o
    0x08004ff8   0x08004ff8   0x00000138   Code   RO         2432    .text.send_lora_cmd  master_cmd.o
    0x08005130   0x08005130   0x0000001c   Code   RO         2475    .text.status_flash_addr  master_sys.o
    0x0800514c   0x0800514c   0x000000b4   Code   RO         1466    .text.syscfg_exti_line_config  gd32l23x_syscfg.o
    0x08005200   0x08005200   0x000000f8   Code   RO         1884    .text.system_clock_64m_hxtal  system_gd32l23x.o
    0x080052f8   0x080052f8   0x00000008   Code   RO         1880    .text.system_clock_config  system_gd32l23x.o
    0x08005300   0x08005300   0x000000a0   Code   RO            2    .text.task_create   main.o
    0x080053a0   0x080053a0   0x00000008   Code   RO         2381    .text.ulSetInterruptMask  portasm.o
    0x080053a8   0x080053a8   0x000000ac   Code   RO         2659    .text.usart0_init   mwcc68_uart.o
    0x08005454   0x08005454   0x00000010   Code   RO         2645    .text.usart1_clear_buffer  mwcc68_uart.o
    0x08005464   0x08005464   0x00000008   Code   RO         2641    .text.usart1_data_available  mwcc68_uart.o
    0x0800546c   0x0800546c   0x00000008   Code   RO         2651    .text.usart1_get_rx_count  mwcc68_uart.o
    0x08005474   0x08005474   0x00000038   Code   RO         2653    .text.usart1_mark_frame  mwcc68_uart.o
    0x080054ac   0x080054ac   0x00000084   Code   RO         2647    .text.usart1_peek_data  mwcc68_uart.o
    0x08005530   0x08005530   0x00000080   Code   RO         2643    .text.usart1_read_data  mwcc68_uart.o
    0x080055b0   0x080055b0   0x00000110   Code   RO         2655    .text.usart1_read_frame  mwcc68_uart.o
    0x080056c0   0x080056c0   0x000000dc   Code   RO         1637    .text.usart_baudrate_set  gd32l23x_usart.o
    0x0800579c   0x0800579c   0x00000010   Code   RO         1673    .text.usart_data_receive  gd32l23x_usart.o
    0x080057ac   0x080057ac   0x00000018   Code   RO         1671    .text.usart_data_transmit  gd32l23x_usart.o
    0x080057c4   0x080057c4   0x00000098   Code   RO         1635    .text.usart_deinit  gd32l23x_usart.o
    0x0800585c   0x0800585c   0x00000012   Code   RO         1645    .text.usart_enable  gd32l23x_usart.o
    0x0800586e   0x0800586e   0x0000001e   Code   RO         1773    .text.usart_flag_clear  gd32l23x_usart.o
    0x0800588c   0x0800588c   0x0000003c   Code   RO         1771    .text.usart_flag_get  gd32l23x_usart.o
    0x080058c8   0x080058c8   0x00000022   Code   RO         1775    .text.usart_interrupt_enable  gd32l23x_usart.o
    0x080058ea   0x080058ea   0x00000002   PAD
    0x080058ec   0x080058ec   0x00000040   Code   RO         1781    .text.usart_interrupt_flag_clear  gd32l23x_usart.o
    0x0800592c   0x0800592c   0x00000062   Code   RO         1779    .text.usart_interrupt_flag_get  gd32l23x_usart.o
    0x0800598e   0x0800598e   0x0000002a   Code   RO         1639    .text.usart_parity_config  gd32l23x_usart.o
    0x080059b8   0x080059b8   0x0000001e   Code   RO         1651    .text.usart_receive_config  gd32l23x_usart.o
    0x080059d6   0x080059d6   0x0000002a   Code   RO         1643    .text.usart_stop_bit_set  gd32l23x_usart.o
    0x08005a00   0x08005a00   0x0000001e   Code   RO         1649    .text.usart_transmit_config  gd32l23x_usart.o
    0x08005a1e   0x08005a1e   0x0000002a   Code   RO         1641    .text.usart_word_length_set  gd32l23x_usart.o
    0x08005a48   0x08005a48   0x00000048   Code   RO         1939    .text.uxListRemove  list.o
    0x08005a90   0x08005a90   0x00000002   Code   RO         1857    .text.vApplicationTickHook  systick.o
    0x08005a92   0x08005a92   0x00000006   Code   RO         2383    .text.vClearInterruptMask  portasm.o
    0x08005a98   0x08005a98   0x0000002c   Code   RO         1931    .text.vListInitialise  list.o
    0x08005ac4   0x08005ac4   0x0000000e   Code   RO         1933    .text.vListInitialiseItem  list.o
    0x08005ad2   0x08005ad2   0x0000006a   Code   RO         1937    .text.vListInsert   list.o
    0x08005b3c   0x08005b3c   0x00000014   Code   RO         2342    .text.vPortEnterCritical  port.o
    0x08005b50   0x08005b50   0x00000028   Code   RO         2344    .text.vPortExitCritical  port.o
    0x08005b78   0x08005b78   0x000000d4   Code   RO         2400    .text.vPortFree     heap_4.o
    0x08005c4c   0x08005c4c   0x0000002e   Code   RO         2348    .text.vPortSVCHandler_C  port.o
    0x08005c7a   0x08005c7a   0x00000002   PAD
    0x08005c7c   0x08005c7c   0x0000004c   Code   RO         2338    .text.vPortSetupTimerInterrupt  port.o
    0x08005cc8   0x08005cc8   0x00000190   Code   RO         2336    .text.vPortSuppressTicksAndSleep  port.o
    0x08005e58   0x08005e58   0x00000018   Code   RO         2340    .text.vPortYield    port.o
    0x08005e70   0x08005e70   0x00000064   Code   RO         2014    .text.vQueueWaitForMessageRestricted  queue.o
    0x08005ed4   0x08005ed4   0x00000020   Code   RO         2371    .text.vRestoreContextOfFirstTask  portasm.o
    0x08005ef4   0x08005ef4   0x0000001c   Code   RO         2379    .text.vStartFirstTask  portasm.o
    0x08005f10   0x08005f10   0x00000048   Code   RO         2104    .text.vTaskDelay    tasks.o
    0x08005f58   0x08005f58   0x0000001c   Code   RO         2168    .text.vTaskInternalSetTimeOutState  tasks.o
    0x08005f74   0x08005f74   0x00000008   Code   RO         2172    .text.vTaskMissedYield  tasks.o
    0x08005f7c   0x08005f7c   0x0000002c   Code   RO         2156    .text.vTaskPlaceOnEventList  tasks.o
    0x08005fa8   0x08005fa8   0x0000006c   Code   RO         2160    .text.vTaskPlaceOnEventListRestricted  tasks.o
    0x08006014   0x08006014   0x00000060   Code   RO         2126    .text.vTaskStartScheduler  tasks.o
    0x08006074   0x08006074   0x0000007c   Code   RO         2152    .text.vTaskStepTick  tasks.o
    0x080060f0   0x080060f0   0x0000000c   Code   RO         2098    .text.vTaskSuspendAll  tasks.o
    0x080060fc   0x080060fc   0x000000a0   Code   RO         2120    .text.vTaskSwitchContext  tasks.o
    0x0800619c   0x0800619c   0x0000001c   Code   RO         2489    .text.wave_flash_addr  master_sys.o
    0x080061b8   0x080061b8   0x00000080   Code   RO         2354    .text.xPortStartScheduler  port.o
    0x08006238   0x08006238   0x00000086   Code   RO         1950    .text.xQueueGenericCreate  queue.o
    0x080062be   0x080062be   0x000000d6   Code   RO         1948    .text.xQueueGenericReset  queue.o
    0x08006394   0x08006394   0x000001b2   Code   RO         1960    .text.xQueueGenericSend  queue.o
    0x08006546   0x08006546   0x00000184   Code   RO         1978    .text.xQueueReceive  queue.o
    0x080066ca   0x080066ca   0x00000002   PAD
    0x080066cc   0x080066cc   0x000000a8   Code   RO         2170    .text.xTaskCheckForTimeOut  tasks.o
    0x08006774   0x08006774   0x00000046   Code   RO         2084    .text.xTaskCreate   tasks.o
    0x080067ba   0x080067ba   0x00000002   PAD
    0x080067bc   0x080067bc   0x000000cc   Code   RO         2096    .text.xTaskDelayUntil  tasks.o
    0x08006888   0x08006888   0x00000030   Code   RO         2188    .text.xTaskGetSchedulerState  tasks.o
    0x080068b8   0x080068b8   0x00000014   Code   RO         2136    .text.xTaskGetTickCount  tasks.o
    0x080068cc   0x080068cc   0x00000224   Code   RO         2134    .text.xTaskIncrementTick  tasks.o
    0x08006af0   0x08006af0   0x000000f8   Code   RO         2192    .text.xTaskPriorityDisinherit  tasks.o
    0x08006be8   0x08006be8   0x00000184   Code   RO         2162    .text.xTaskRemoveFromEventList  tasks.o
    0x08006d6c   0x08006d6c   0x000001f4   Code   RO         2102    .text.xTaskResumeAll  tasks.o
    0x08006f60   0x08006f60   0x00000050   Code   RO         2260    .text.xTimerCreateTimerTask  timers.o
    0x08006fb0   0x08006fb0   0x00000020   Code   RO         2742    i.__0printf         mc_p.l(printfa.o)
    0x08006fd0   0x08006fd0   0x00000028   Code   RO         2744    i.__0sprintf        mc_p.l(printfa.o)
    0x08006ff8   0x08006ff8   0x00000014   Code   RO         2746    i.__0vprintf        mc_p.l(printfa.o)
    0x0800700c   0x0800700c   0x0000002e   Code   RO         2871    i.__ARM_clz         mf_p.l(depilogue.o)
    0x0800703a   0x0800703a   0x00000032   Code   RO         2804    i.__ARM_common_ll_muluu  m_ps.l(rredf.o)
    0x0800706c   0x0800706c   0x00000022   Code   RO         2785    i.__ARM_fpclassifyf  m_ps.l(fpclassifyf.o)
    0x0800708e   0x0800708e   0x0000000a   Code   RO         2788    i.__mathlib_flt_infnan  m_ps.l(funder.o)
    0x08007098   0x08007098   0x0000000c   Code   RO         2790    i.__mathlib_flt_invalid  m_ps.l(funder.o)
    0x080070a4   0x080070a4   0x0000000e   Code   RO         2793    i.__mathlib_flt_underflow  m_ps.l(funder.o)
    0x080070b2   0x080070b2   0x00000002   PAD
    0x080070b4   0x080070b4   0x00000180   Code   RO         2801    i.__mathlib_rredf2  m_ps.l(rredf.o)
    0x08007234   0x08007234   0x0000000e   Code   RO         2877    i.__scatterload_copy  mc_p.l(handlers.o)
    0x08007242   0x08007242   0x00000002   Code   RO         2878    i.__scatterload_null  mc_p.l(handlers.o)
    0x08007244   0x08007244   0x0000000e   Code   RO         2879    i.__scatterload_zeroinit  mc_p.l(handlers.o)
    0x08007252   0x08007252   0x00000002   PAD
    0x08007254   0x08007254   0x0000000c   Code   RO         2829    i.__set_errno       mc_p.l(errno.o)
    0x08007260   0x08007260   0x00000174   Code   RO         2749    i._fp_digits        mc_p.l(printfa.o)
    0x080073d4   0x080073d4   0x000006ec   Code   RO         2750    i._printf_core      mc_p.l(printfa.o)
    0x08007ac0   0x08007ac0   0x00000020   Code   RO         2751    i._printf_post_padding  mc_p.l(printfa.o)
    0x08007ae0   0x08007ae0   0x0000002c   Code   RO         2752    i._printf_pre_padding  mc_p.l(printfa.o)
    0x08007b0c   0x08007b0c   0x0000000a   Code   RO         2754    i._sputc            mc_p.l(printfa.o)
    0x08007b16   0x08007b16   0x00000002   PAD
    0x08007b18   0x08007b18   0x00000178   Code   RO         2691    i.cosf              m_ps.l(cosf.o)
    0x08007c90   0x08007c90   0x00000184   Code   RO         2695    i.sinf              m_ps.l(sinf.o)
    0x08007e14   0x08007e14   0x00000020   Data   RO         2802    .constdata          m_ps.l(rredf.o)
    0x08007e34   0x08007e34   0x00000008   Data   RO         2529    .rodata.GPIO_CLK    gd32l233r_eval.o
    0x08007e3c   0x08007e3c   0x00000010   Data   RO         2531    .rodata.GPIO_PIN    gd32l233r_eval.o
    0x08007e4c   0x08007e4c   0x00000010   Data   RO         2530    .rodata.GPIO_PORT   gd32l233r_eval.o
    0x08007e5c   0x08007e5c   0x00000116   Data   RO            6    .rodata.str1.1      main.o
    0x08007f72   0x08007f72   0x0000003d   Data   RO           71    .rodata.str1.1      log.o
    0x08007faf   0x08007faf   0x00000014   Data   RO         2250    .rodata.str1.1      tasks.o
    0x08007fc3   0x08007fc3   0x00000008   Data   RO         2321    .rodata.str1.1      timers.o
    0x08007fcb   0x08007fcb   0x000000da   Data   RO         2434    .rodata.str1.1      master_cmd.o
    0x080080a5   0x080080a5   0x00000047   Data   RO         2446    .rodata.str1.1      master_judge.o
    0x080080ec   0x080080ec   0x00000134   Data   RO         2465    .rodata.str1.1      master_recv.o
    0x08008220   0x08008220   0x0000006f   Data   RO         2504    .rodata.str1.1      master_sys.o
    0x0800828f   0x0800828f   0x000007c0   Data   RO         2617    .rodata.str1.1      mwcc68_app.o
    0x08008a4f   0x08008a4f   0x00000001   PAD
    0x08008a50   0x08008a50   0x00000004   Data   RO         2246    .rodata.uxTopUsedPriority  tasks.o
    0x08008a54   0x08008a54   0x00000020   Data   RO         2876    Region$$Table       anon$$obj.o


    Execution Region RW_IRAM1 (Exec base: 0x20000000, Load base: 0x08008a78, Size: 0x00004580, Max: 0x00008000, ABSOLUTE)

    Exec Addr    Load Addr    Size         Type   Attr      Idx    E Section Name        Object

    0x20000000   0x08008a78   0x00000004   Data   RW         2820    .data               mc_p.l(stdout.o)
    0x20000004   0x08008a7c   0x00000004   Data   RW         2830    .data               mc_p.l(errno.o)
    0x20000008   0x08008a80   0x00000004   Data   RW         1886    .data.SystemCoreClock  system_gd32l23x.o
    0x2000000c   0x08008a84   0x00000001   Data   RW         2611    .data.currentPacksize  mwcc68_app.o
    0x2000000d   0x08008a85   0x00000001   Data   RW         2612    .data.currentWlrate  mwcc68_app.o
    0x2000000e   0x08008a86   0x00000002   PAD
    0x20000010   0x08008a88   0x00000030   Data   RW           46    .data.g_params      chaos_encrypt.o
    0x20000040   0x08008ab8   0x00000004   Data   RW           43    .data.g_x           chaos_encrypt.o
    0x20000044   0x08008abc   0x00000004   Data   RW           44    .data.g_y           chaos_encrypt.o
    0x20000048   0x08008ac0   0x00000010   Data   RW           72    .data.log_level_str  log.o
    0x20000058   0x08008ad0   0x00000004   Data   RW         2363    .data.ulCriticalNesting  port.o
    0x2000005c   0x08008ad4   0x00000004   PAD
    0x20000060        -       0x00000001   Zero   RW         2618    .bss.Lora_Device_Sta  mwcc68_app.o
    0x20000061   0x08008ad4   0x00000001   PAD
    0x20000062        -       0x00000002   Zero   RW         2674    .bss.USART0_RX_STA  mwcc68_uart.o
    0x20000064        -       0x00000004   Zero   RW         2679    .bss.aux_int_cnt    mwcc68_uart.o
    0x20000068        -       0x00000001   Zero   RW         2681    .bss.frame_head     mwcc68_uart.o
    0x20000069   0x08008ad4   0x00000001   PAD
    0x2000006a        -       0x00000010   Zero   RW         2683    .bss.frame_pos      mwcc68_uart.o
    0x2000007a        -       0x00000001   Zero   RW         2682    .bss.frame_tail     mwcc68_uart.o
    0x2000007b   0x08008ad4   0x00000001   PAD
    0x2000007c        -       0x00000510   Zero   RW         2505    .bss.g_dl_buf       master_sys.o
    0x2000058c        -       0x00000080   Zero   RW         2435    .bss.g_enc_buf      master_cmd.o
    0x2000060c        -       0x00000002   Zero   RW           45    .bss.g_key_index    chaos_encrypt.o
    0x2000060e        -       0x00000100   Zero   RW           47    .bss.g_key_stream   chaos_encrypt.o
    0x2000070e        -       0x00000001   Zero   RW           70    .bss.g_log_level    log.o
    0x2000070f        -       0x00000100   Zero   RW         2436    .bss.g_lora_pkt     master_cmd.o
    0x2000080f   0x08008ad4   0x00000001   PAD
    0x20000810        -       0x00000004   Zero   RW         2507    .bss.g_master_cmd_queue  master_sys.o
    0x20000814        -       0x000001e0   Zero   RW         2503    .bss.g_nodes        master_sys.o
    0x200009f4        -       0x00000004   Zero   RW         2506    .bss.g_sys_tick     master_sys.o
    0x200009f8        -       0x00000004   Zero   RW         2325    .bss.prvSampleTimeNow.xLastTime  timers.o
    0x200009fc        -       0x00000004   Zero   RW         2230    .bss.pxCurrentTCB   tasks.o
    0x20000a00        -       0x00000004   Zero   RW         2323    .bss.pxCurrentTimerList  timers.o
    0x20000a04        -       0x00000004   Zero   RW         2238    .bss.pxDelayedTaskList  tasks.o
    0x20000a08        -       0x00000004   Zero   RW         2416    .bss.pxEnd          heap_4.o
    0x20000a0c        -       0x00000004   Zero   RW         2239    .bss.pxOverflowDelayedTaskList  tasks.o
    0x20000a10        -       0x00000004   Zero   RW         2324    .bss.pxOverflowTimerList  timers.o
    0x20000a14        -       0x00000078   Zero   RW         2242    .bss.pxReadyTasksLists  tasks.o
    0x20000a8c        -       0x00000400   Zero   RW         2677    .bss.rx_buf         mwcc68_uart.o
    0x20000e8c        -       0x00000002   Zero   RW         2676    .bss.rx_count       mwcc68_uart.o
    0x20000e8e        -       0x00000002   Zero   RW         2680    .bss.rx_rd          mwcc68_uart.o
    0x20000e90        -       0x00000002   Zero   RW         2678    .bss.rx_wr          mwcc68_uart.o
    0x20000e92        -       0x00003000   Zero   RW         2419    .bss.ucHeap         heap_4.o
    0x20003e92   0x08008ad4   0x00000002   PAD
    0x20003e94        -       0x00000004   Zero   RW         2362    .bss.ulStoppedTimerCompensation  port.o
    0x20003e98        -       0x00000004   Zero   RW         2361    .bss.ulTimerCountsForOneTick  port.o
    0x20003e9c        -       0x00000004   Zero   RW         2673    .bss.usart0IntCount  mwcc68_uart.o
    0x20003ea0        -       0x00000200   Zero   RW         2675    .bss.usart0RxBuffer  mwcc68_uart.o
    0x200040a0        -       0x00000004   Zero   RW         2235    .bss.uxCurrentNumberOfTasks  tasks.o
    0x200040a4        -       0x00000004   Zero   RW         2234    .bss.uxDeletedTasksWaitingCleanUp  tasks.o
    0x200040a8        -       0x00000004   Zero   RW         2236    .bss.uxSchedulerSuspended  tasks.o
    0x200040ac        -       0x00000004   Zero   RW         2231    .bss.uxTaskNumber   tasks.o
    0x200040b0        -       0x00000004   Zero   RW         2243    .bss.uxTopReadyPriority  tasks.o
    0x200040b4        -       0x00000014   Zero   RW         2326    .bss.xActiveTimerList1  timers.o
    0x200040c8        -       0x00000014   Zero   RW         2327    .bss.xActiveTimerList2  timers.o
    0x200040dc        -       0x00000014   Zero   RW         2251    .bss.xDelayedTaskList1  tasks.o
    0x200040f0        -       0x00000014   Zero   RW         2252    .bss.xDelayedTaskList2  tasks.o
    0x20004104        -       0x00000004   Zero   RW         2417    .bss.xFreeBytesRemaining  heap_4.o
    0x20004108        -       0x00000004   Zero   RW         2245    .bss.xIdleTaskHandles  tasks.o
    0x2000410c        -       0x00000004   Zero   RW         2360    .bss.xMaximumPossibleSuppressedTicks  port.o
    0x20004110        -       0x00000004   Zero   RW         2420    .bss.xMinimumEverFreeBytesRemaining  heap_4.o
    0x20004114        -       0x00000004   Zero   RW         2244    .bss.xNextTaskUnblockTime  tasks.o
    0x20004118        -       0x00000004   Zero   RW         2249    .bss.xNumOfOverflows  tasks.o
    0x2000411c        -       0x00000004   Zero   RW         2421    .bss.xNumberOfSuccessfulAllocations  heap_4.o
    0x20004120        -       0x00000004   Zero   RW         2422    .bss.xNumberOfSuccessfulFrees  heap_4.o
    0x20004124        -       0x00000004   Zero   RW         2248    .bss.xPendedTicks   tasks.o
    0x20004128        -       0x00000014   Zero   RW         2240    .bss.xPendingReadyList  tasks.o
    0x2000413c        -       0x00000004   Zero   RW         2232    .bss.xSchedulerRunning  tasks.o
    0x20004140        -       0x00000008   Zero   RW         2418    .bss.xStart         heap_4.o
    0x20004148        -       0x00000014   Zero   RW         2241    .bss.xSuspendedTaskList  tasks.o
    0x2000415c        -       0x00000014   Zero   RW         2233    .bss.xTasksWaitingTermination  tasks.o
    0x20004170        -       0x00000004   Zero   RW         2237    .bss.xTickCount     tasks.o
    0x20004174        -       0x00000004   Zero   RW         2320    .bss.xTimerQueue    timers.o
    0x20004178        -       0x00000004   Zero   RW         2322    .bss.xTimerTaskHandle  timers.o
    0x2000417c        -       0x00000004   Zero   RW         2247    .bss.xYieldPendings  tasks.o
    0x20004180        -       0x00000400   Zero   RW         1868    STACK               startup_gd32l23x.o


==============================================================================

Image component sizes


      Code (inc. data)   RO Data    RW Data    ZI Data      Debug   Object Name

      1402         40          0         56        258       4535   chaos_encrypt.o
       108         12         40          0          0       4000   gd32l233r_eval.o
       324         20          0          0          0       3254   gd32l23x_exti.o
       446         24          0          0          0       7654   gd32l23x_fmc.o
       546          0          0          0          0       4508   gd32l23x_gpio.o
         6          0          0          0          0        477   gd32l23x_it.o
       260         20          0          0          0       4449   gd32l23x_misc.o
      1596         44          0          0          0      13528   gd32l23x_rcu.o
       180         16          0          0          0       2663   gd32l23x_syscfg.o
       902         48          0          0          0      14592   gd32l23x_usart.o
      1256         68          0          0      12316       4522   heap_4.o
       236          0          0          0          0       2134   list.o
       348         24         61         16          1       2278   log.o
       276         68        278          0          0       1251   main.o
       568         40        218          0        384       3457   master_cmd.o
       260         24         71          0          0       2608   master_judge.o
      2104         44        308          0          0       6921   master_recv.o
       986         60        111          0       1784       5863   master_sys.o
      3644        340       1984          2          1      16558   mwcc68_app.o
      1108        100          0          0       1570       9077   mwcc68_uart.o
      1110        124          0          4         12       3896   port.o
       170         16          0          0          0       1363   portasm.o
      1868          0          0          0          0      12265   queue.o
        28          8        340          0       1024        684   startup_gd32l23x.o
       404         56          0          4          0       1956   system_gd32l23x.o
        94         16          0          0          0       3679   systick.o
      4462        264         24          0        280      26034   tasks.o
      1126         52          8          0         60       9166   timers.o

    ----------------------------------------------------------------------
     25844       1528       3476         84      17700     173372   Object Totals
         0          0         32          0          0          0   (incl. Generated)
        26          0          1          2         10          0   (incl. Padding)

    ----------------------------------------------------------------------

      Code (inc. data)   RO Data    RW Data    ZI Data      Debug   Library Member Name

       376         58          0          0          0        104   cosf.o
        34          0          0          0          0         60   fpclassifyf.o
        36          0          0          0          0        204   funder.o
       434         18         32          0          0        168   rredf.o
       388         58          0          0          0        104   sinf.o
         0          0          0          0          0          0   entry.o
         0          0          0          0          0          0   entry10a.o
         0          0          0          0          0          0   entry11a.o
         8          4          0          0          0          0   entry2.o
         4          0          0          0          0          0   entry5.o
         0          0          0          0          0          0   entry7b.o
         0          0          0          0          0          0   entry8b.o
         8          4          0          0          0          0   entry9a.o
        12          6          0          4          0         60   errno.o
        30          0          0          0          0          0   handlers.o
        48         10          0          0          0         68   init.o
         0          0          0          0          0          0   iusefp.o
        32          0          0          0          0         68   llshl.o
        38          0          0          0          0         68   llsshr.o
        34          0          0          0          0         68   llushr.o
        36          0          0          0          0         60   memcpya.o
        36          0          0          0          0        100   memseta.o
      2322        110          0          0          0        624   printfa.o
         0          0          0          4          0          0   stdout.o
        40          0          0          0          0         72   strstr.o
        62          0          0          0          0         72   uidiv_div0.o
        96          0          0          0          0         84   uldiv.o
        40          2          0          0          0         68   cdrcmple.o
       356          4          0          0          0        140   dadd.o
       240          6          0          0          0         84   ddiv.o
       236          0          0          0          0        216   depilogue.o
        64         10          0          0          0         68   dfixul.o
       208          6          0          0          0         88   dmul.o
        40          0          0          0          0         60   f2d.o
       178          0          0          0          0        108   fadd.o
        28          0          0          0          0         60   fcmpge.o
        28          0          0          0          0         60   fcmple.o
       124          0          0          0          0         72   fdiv.o
       130          0          0          0          0        144   fepilogue.o
        50          0          0          0          0         60   ffixi.o
        40          0          0          0          0         60   ffixui.o
        22          0          0          0          0         68   fflti.o
        14          0          0          0          0         68   ffltui.o
       122          0          0          0          0         72   fmul.o
        62          0          0          0          0         68   frnd.o
        24          0          0          0          0         60   fscalb.o

    ----------------------------------------------------------------------
      6092        296         32          8          0       3608   Library Totals
        12          0          0          0          0          0   (incl. Padding)

    ----------------------------------------------------------------------

      Code (inc. data)   RO Data    RW Data    ZI Data      Debug   Library Name

      1268        134         32          0          0        640   m_ps.l
      2806        134          0          8          0       1344   mc_p.l
      2006         28          0          0          0       1624   mf_p.l

    ----------------------------------------------------------------------
      6092        296         32          8          0       3608   Library Totals

    ----------------------------------------------------------------------

==============================================================================


      Code (inc. data)   RO Data    RW Data    ZI Data      Debug   

     31936       1824       3508         92      17700     174712   Grand Totals
     31936       1824       3508         92      17700     174712   ELF Image Totals
     31936       1824       3508         92          0          0   ROM Totals

==============================================================================

    Total RO  Size (Code + RO Data)                35444 (  34.61kB)
    Total RW  Size (RW Data + ZI Data)             17792 (  17.38kB)
    Total ROM Size (Code + RO Data + RW Data)      35536 (  34.70kB)

==============================================================================

