<!doctype html public "-//w3c//dtd html 4.0 transitional//en">
<html><head>
<title>Static Call Graph - [.\Objects\GD32L233C_Prj.axf]</title></head>
<body><HR>
<H1>Static Call Graph for image .\Objects\GD32L233C_Prj.axf</H1><HR>
<BR><P>#&#060CALLGRAPH&#062# ARM Linker, 6220000: Last Updated: Mon May 18 23:25:18 2026
<BR><P>
<H3>Maximum Stack Usage =       1116 bytes + Unknown(Cycles, Untraceable Function Pointers)</H3><H3>
Call chain for Maximum Stack Depth:</H3>
master_recv_task &rArr; chaos_decrypt_packet &rArr; chaos_unscramble &rArr; chaos_next_byte &rArr; chaos_generate_key_stream &rArr; chaos_generate_byte &rArr; chaos_iterate &rArr; sinf &rArr; __mathlib_rredf2 &rArr; __aeabi_fadd &rArr; _float_epilogue
<P>
<H3>
Mutually Recursive functions
</H3> <LI><a href="#[18]">ADC_IRQHandler</a>&nbsp;&nbsp;&nbsp;&rArr;&nbsp;&nbsp;&nbsp;<a href="#[18]">ADC_IRQHandler</a><BR>
</UL>
<P>
<H3>
Function Pointers
</H3><UL>
 <LI><a href="#[18]">ADC_IRQHandler</a> from startup_gd32l23x.o(.text) referenced from startup_gd32l23x.o(RESET)
 <LI><a href="#[39]">CAU_IRQHandler</a> from startup_gd32l23x.o(.text) referenced from startup_gd32l23x.o(RESET)
 <LI><a href="#[33]">CMP0_IRQHandler</a> from startup_gd32l23x.o(.text) referenced from startup_gd32l23x.o(RESET)
 <LI><a href="#[34]">CMP1_IRQHandler</a> from startup_gd32l23x.o(.text) referenced from startup_gd32l23x.o(RESET)
 <LI><a href="#[2b]">DAC_IRQHandler</a> from startup_gd32l23x.o(.text) referenced from startup_gd32l23x.o(RESET)
 <LI><a href="#[32]">DMAMUX_IRQHandler</a> from startup_gd32l23x.o(.text) referenced from startup_gd32l23x.o(RESET)
 <LI><a href="#[11]">DMA_Channel0_IRQHandler</a> from startup_gd32l23x.o(.text) referenced from startup_gd32l23x.o(RESET)
 <LI><a href="#[12]">DMA_Channel1_IRQHandler</a> from startup_gd32l23x.o(.text) referenced from startup_gd32l23x.o(RESET)
 <LI><a href="#[13]">DMA_Channel2_IRQHandler</a> from startup_gd32l23x.o(.text) referenced from startup_gd32l23x.o(RESET)
 <LI><a href="#[14]">DMA_Channel3_IRQHandler</a> from startup_gd32l23x.o(.text) referenced from startup_gd32l23x.o(RESET)
 <LI><a href="#[15]">DMA_Channel4_IRQHandler</a> from startup_gd32l23x.o(.text) referenced from startup_gd32l23x.o(RESET)
 <LI><a href="#[16]">DMA_Channel5_IRQHandler</a> from startup_gd32l23x.o(.text) referenced from startup_gd32l23x.o(RESET)
 <LI><a href="#[17]">DMA_Channel6_IRQHandler</a> from startup_gd32l23x.o(.text) referenced from startup_gd32l23x.o(RESET)
 <LI><a href="#[c]">EXTI0_IRQHandler</a> from startup_gd32l23x.o(.text) referenced from startup_gd32l23x.o(RESET)
 <LI><a href="#[31]">EXTI10_15_IRQHandler</a> from startup_gd32l23x.o(.text) referenced from startup_gd32l23x.o(RESET)
 <LI><a href="#[d]">EXTI1_IRQHandler</a> from startup_gd32l23x.o(.text) referenced from startup_gd32l23x.o(RESET)
 <LI><a href="#[e]">EXTI2_IRQHandler</a> from startup_gd32l23x.o(.text) referenced from startup_gd32l23x.o(RESET)
 <LI><a href="#[f]">EXTI3_IRQHandler</a> from startup_gd32l23x.o(.text) referenced from startup_gd32l23x.o(RESET)
 <LI><a href="#[10]">EXTI4_IRQHandler</a> from startup_gd32l23x.o(.text) referenced from startup_gd32l23x.o(RESET)
 <LI><a href="#[30]">EXTI5_9_IRQHandler</a> from mwcc68_uart.o(.text.EXTI5_9_IRQHandler) referenced from startup_gd32l23x.o(RESET)
 <LI><a href="#[a]">FMC_IRQHandler</a> from startup_gd32l23x.o(.text) referenced from startup_gd32l23x.o(RESET)
 <LI><a href="#[2]">HardFault_Handler</a> from gd32l23x_it.o(.text.HardFault_Handler) referenced from startup_gd32l23x.o(RESET)
 <LI><a href="#[26]">I2C0_ER_IRQHandler</a> from startup_gd32l23x.o(.text) referenced from startup_gd32l23x.o(RESET)
 <LI><a href="#[25]">I2C0_EV_IRQHandler</a> from startup_gd32l23x.o(.text) referenced from startup_gd32l23x.o(RESET)
 <LI><a href="#[35]">I2C0_WKUP_IRQHandler</a> from startup_gd32l23x.o(.text) referenced from startup_gd32l23x.o(RESET)
 <LI><a href="#[28]">I2C1_ER_IRQHandler</a> from startup_gd32l23x.o(.text) referenced from startup_gd32l23x.o(RESET)
 <LI><a href="#[27]">I2C1_EV_IRQHandler</a> from startup_gd32l23x.o(.text) referenced from startup_gd32l23x.o(RESET)
 <LI><a href="#[3d]">I2C1_WKUP_IRQHandler</a> from startup_gd32l23x.o(.text) referenced from startup_gd32l23x.o(RESET)
 <LI><a href="#[2d]">I2C2_ER_IRQHandler</a> from startup_gd32l23x.o(.text) referenced from startup_gd32l23x.o(RESET)
 <LI><a href="#[2c]">I2C2_EV_IRQHandler</a> from startup_gd32l23x.o(.text) referenced from startup_gd32l23x.o(RESET)
 <LI><a href="#[36]">I2C2_WKUP_IRQHandler</a> from startup_gd32l23x.o(.text) referenced from startup_gd32l23x.o(RESET)
 <LI><a href="#[3f]">LPTIMER_IRQHandler</a> from startup_gd32l23x.o(.text) referenced from startup_gd32l23x.o(RESET)
 <LI><a href="#[38]">LPUART_IRQHandler</a> from startup_gd32l23x.o(.text) referenced from startup_gd32l23x.o(RESET)
 <LI><a href="#[3e]">LPUART_WKUP_IRQHandler</a> from startup_gd32l23x.o(.text) referenced from startup_gd32l23x.o(RESET)
 <LI><a href="#[7]">LVD_IRQHandler</a> from startup_gd32l23x.o(.text) referenced from startup_gd32l23x.o(RESET)
 <LI><a href="#[1]">NMI_Handler</a> from gd32l23x_it.o(.text.NMI_Handler) referenced from startup_gd32l23x.o(RESET)
 <LI><a href="#[4]">PendSV_Handler</a> from portasm.o(.text.PendSV_Handler) referenced from port.o(.text.xPortStartScheduler)
 <LI><a href="#[4]">PendSV_Handler</a> from portasm.o(.text.PendSV_Handler) referenced from startup_gd32l23x.o(RESET)
 <LI><a href="#[b]">RCU_CTC_IRQHandler</a> from startup_gd32l23x.o(.text) referenced from startup_gd32l23x.o(RESET)
 <LI><a href="#[2e]">RTC_Alarm_IRQHandler</a> from startup_gd32l23x.o(.text) referenced from startup_gd32l23x.o(RESET)
 <LI><a href="#[9]">RTC_WKUP_IRQHandler</a> from startup_gd32l23x.o(.text) referenced from startup_gd32l23x.o(RESET)
 <LI><a href="#[0]">Reset_Handler</a> from startup_gd32l23x.o(.text) referenced from startup_gd32l23x.o(RESET)
 <LI><a href="#[3b]">SLCD_IRQHandler</a> from startup_gd32l23x.o(.text) referenced from startup_gd32l23x.o(RESET)
 <LI><a href="#[29]">SPI0_IRQHandler</a> from startup_gd32l23x.o(.text) referenced from startup_gd32l23x.o(RESET)
 <LI><a href="#[2a]">SPI1_IRQHandler</a> from startup_gd32l23x.o(.text) referenced from startup_gd32l23x.o(RESET)
 <LI><a href="#[3]">SVC_Handler</a> from portasm.o(.text.SVC_Handler) referenced from port.o(.text.xPortStartScheduler)
 <LI><a href="#[3]">SVC_Handler</a> from portasm.o(.text.SVC_Handler) referenced from startup_gd32l23x.o(RESET)
 <LI><a href="#[5]">SysTick_Handler</a> from port.o(.text.SysTick_Handler) referenced from startup_gd32l23x.o(RESET)
 <LI><a href="#[41]">SystemInit</a> from system_gd32l23x.o(.text.SystemInit) referenced from startup_gd32l23x.o(.text)
 <LI><a href="#[8]">TAMPER_STAMP_IRQHandler</a> from startup_gd32l23x.o(.text) referenced from startup_gd32l23x.o(RESET)
 <LI><a href="#[1e]">TIMER11_IRQHandler</a> from startup_gd32l23x.o(.text) referenced from startup_gd32l23x.o(RESET)
 <LI><a href="#[1b]">TIMER1_IRQHandler</a> from startup_gd32l23x.o(.text) referenced from startup_gd32l23x.o(RESET)
 <LI><a href="#[1c]">TIMER2_IRQHandler</a> from startup_gd32l23x.o(.text) referenced from startup_gd32l23x.o(RESET)
 <LI><a href="#[1f]">TIMER5_IRQHandler</a> from startup_gd32l23x.o(.text) referenced from startup_gd32l23x.o(RESET)
 <LI><a href="#[20]">TIMER6_IRQHandler</a> from startup_gd32l23x.o(.text) referenced from startup_gd32l23x.o(RESET)
 <LI><a href="#[1d]">TIMER8_IRQHandler</a> from startup_gd32l23x.o(.text) referenced from startup_gd32l23x.o(RESET)
 <LI><a href="#[3a]">TRNG_IRQHandler</a> from startup_gd32l23x.o(.text) referenced from startup_gd32l23x.o(RESET)
 <LI><a href="#[23]">UART3_IRQHandler</a> from startup_gd32l23x.o(.text) referenced from startup_gd32l23x.o(RESET)
 <LI><a href="#[24]">UART4_IRQHandler</a> from startup_gd32l23x.o(.text) referenced from startup_gd32l23x.o(RESET)
 <LI><a href="#[21]">USART0_IRQHandler</a> from mwcc68_uart.o(.text.USART0_IRQHandler) referenced from startup_gd32l23x.o(RESET)
 <LI><a href="#[37]">USART0_WKUP_IRQHandler</a> from startup_gd32l23x.o(.text) referenced from startup_gd32l23x.o(RESET)
 <LI><a href="#[22]">USART1_IRQHandler</a> from mwcc68_uart.o(.text.USART1_IRQHandler) referenced from startup_gd32l23x.o(RESET)
 <LI><a href="#[3c]">USART1_WKUP_IRQHandler</a> from startup_gd32l23x.o(.text) referenced from startup_gd32l23x.o(RESET)
 <LI><a href="#[19]">USBD_HP_IRQHandler</a> from startup_gd32l23x.o(.text) referenced from startup_gd32l23x.o(RESET)
 <LI><a href="#[1a]">USBD_LP_IRQHandler</a> from startup_gd32l23x.o(.text) referenced from startup_gd32l23x.o(RESET)
 <LI><a href="#[2f]">USBD_WKUP_IRQHandler</a> from startup_gd32l23x.o(.text) referenced from startup_gd32l23x.o(RESET)
 <LI><a href="#[6]">WWDGT_IRQHandler</a> from startup_gd32l23x.o(.text) referenced from startup_gd32l23x.o(RESET)
 <LI><a href="#[42]">__main</a> from entry.o(.ARM.Collect$$$$00000000) referenced from startup_gd32l23x.o(.text)
 <LI><a href="#[4b]">_sputc</a> from printfa.o(i._sputc) referenced from printfa.o(i.__0sprintf)
 <LI><a href="#[4a]">fputc</a> from mwcc68_uart.o(.text.fputc) referenced from printfa.o(i.__0printf)
 <LI><a href="#[4a]">fputc</a> from mwcc68_uart.o(.text.fputc) referenced from printfa.o(i.__0vprintf)
 <LI><a href="#[40]">main</a> from main.o(.text.main) referenced from entry9a.o(.ARM.Collect$$$$0000000B)
 <LI><a href="#[48]">master_cmd_task</a> from master_cmd.o(.text.master_cmd_task) referenced from main.o(.text.task_create)
 <LI><a href="#[47]">master_judge_task</a> from master_judge.o(.text.master_judge_task) referenced from main.o(.text.task_create)
 <LI><a href="#[46]">master_recv_task</a> from master_recv.o(.text.master_recv_task) referenced from main.o(.text.task_create)
 <LI><a href="#[44]">prvIdleTask</a> from tasks.o(.text.prvIdleTask) referenced from tasks.o(.text.prvCreateIdleTasks)
 <LI><a href="#[45]">prvTaskExitError</a> from port.o(.text.prvTaskExitError) referenced from port.o(.text.pxPortInitialiseStack)
 <LI><a href="#[49]">prvTimerTask</a> from timers.o(.text.prvTimerTask) referenced from timers.o(.text.xTimerCreateTimerTask)
 <LI><a href="#[43]">vPortSVCHandler_C</a> from port.o(.text.vPortSVCHandler_C) referenced from portasm.o(.text.SVC_Handler)
</UL>
<P>
<H3>
Global Symbols
</H3>
<P><STRONG><a name="[42]"></a>__main</STRONG> (Thumb, 0 bytes, Stack size unknown bytes, entry.o(.ARM.Collect$$$$00000000))
<BR>[Address Reference Count : 1]<UL><LI> startup_gd32l23x.o(.text)
</UL>
<P><STRONG><a name="[136]"></a>_main_stk</STRONG> (Thumb, 0 bytes, Stack size unknown bytes, entry2.o(.ARM.Collect$$$$00000001))

<P><STRONG><a name="[4d]"></a>_main_scatterload</STRONG> (Thumb, 0 bytes, Stack size unknown bytes, entry5.o(.ARM.Collect$$$$00000004))
<BR><BR>[Calls]<UL><LI><a href="#[4e]">&gt;&gt;</a>&nbsp;&nbsp;&nbsp;__scatterload
</UL>

<P><STRONG><a name="[66]"></a>__main_after_scatterload</STRONG> (Thumb, 0 bytes, Stack size unknown bytes, entry5.o(.ARM.Collect$$$$00000004))
<BR><BR>[Called By]<UL><LI><a href="#[4e]">&gt;&gt;</a>&nbsp;&nbsp;&nbsp;__scatterload
</UL>

<P><STRONG><a name="[137]"></a>_main_clock</STRONG> (Thumb, 0 bytes, Stack size unknown bytes, entry7b.o(.ARM.Collect$$$$00000008))

<P><STRONG><a name="[138]"></a>_main_cpp_init</STRONG> (Thumb, 0 bytes, Stack size unknown bytes, entry8b.o(.ARM.Collect$$$$0000000A))

<P><STRONG><a name="[139]"></a>_main_init</STRONG> (Thumb, 0 bytes, Stack size unknown bytes, entry9a.o(.ARM.Collect$$$$0000000B))

<P><STRONG><a name="[13a]"></a>__rt_final_cpp</STRONG> (Thumb, 0 bytes, Stack size unknown bytes, entry10a.o(.ARM.Collect$$$$0000000D))

<P><STRONG><a name="[13b]"></a>__rt_final_exit</STRONG> (Thumb, 0 bytes, Stack size unknown bytes, entry11a.o(.ARM.Collect$$$$0000000F))

<P><STRONG><a name="[0]"></a>Reset_Handler</STRONG> (Thumb, 8 bytes, Stack size 0 bytes, startup_gd32l23x.o(.text))
<BR>[Address Reference Count : 1]<UL><LI> startup_gd32l23x.o(RESET)
</UL>
<P><STRONG><a name="[18]"></a>ADC_IRQHandler</STRONG> (Thumb, 0 bytes, Stack size 0 bytes, startup_gd32l23x.o(.text))
<BR><BR>[Calls]<UL><LI><a href="#[18]">&gt;&gt;</a>&nbsp;&nbsp;&nbsp;ADC_IRQHandler
</UL>
<BR>[Called By]<UL><LI><a href="#[18]">&gt;&gt;</a>&nbsp;&nbsp;&nbsp;ADC_IRQHandler
</UL>
<BR>[Address Reference Count : 1]<UL><LI> startup_gd32l23x.o(RESET)
</UL>
<P><STRONG><a name="[39]"></a>CAU_IRQHandler</STRONG> (Thumb, 0 bytes, Stack size 0 bytes, startup_gd32l23x.o(.text))
<BR>[Address Reference Count : 1]<UL><LI> startup_gd32l23x.o(RESET)
</UL>
<P><STRONG><a name="[33]"></a>CMP0_IRQHandler</STRONG> (Thumb, 0 bytes, Stack size 0 bytes, startup_gd32l23x.o(.text))
<BR>[Address Reference Count : 1]<UL><LI> startup_gd32l23x.o(RESET)
</UL>
<P><STRONG><a name="[34]"></a>CMP1_IRQHandler</STRONG> (Thumb, 0 bytes, Stack size 0 bytes, startup_gd32l23x.o(.text))
<BR>[Address Reference Count : 1]<UL><LI> startup_gd32l23x.o(RESET)
</UL>
<P><STRONG><a name="[2b]"></a>DAC_IRQHandler</STRONG> (Thumb, 0 bytes, Stack size 0 bytes, startup_gd32l23x.o(.text))
<BR>[Address Reference Count : 1]<UL><LI> startup_gd32l23x.o(RESET)
</UL>
<P><STRONG><a name="[32]"></a>DMAMUX_IRQHandler</STRONG> (Thumb, 0 bytes, Stack size 0 bytes, startup_gd32l23x.o(.text))
<BR>[Address Reference Count : 1]<UL><LI> startup_gd32l23x.o(RESET)
</UL>
<P><STRONG><a name="[11]"></a>DMA_Channel0_IRQHandler</STRONG> (Thumb, 0 bytes, Stack size 0 bytes, startup_gd32l23x.o(.text))
<BR>[Address Reference Count : 1]<UL><LI> startup_gd32l23x.o(RESET)
</UL>
<P><STRONG><a name="[12]"></a>DMA_Channel1_IRQHandler</STRONG> (Thumb, 0 bytes, Stack size 0 bytes, startup_gd32l23x.o(.text))
<BR>[Address Reference Count : 1]<UL><LI> startup_gd32l23x.o(RESET)
</UL>
<P><STRONG><a name="[13]"></a>DMA_Channel2_IRQHandler</STRONG> (Thumb, 0 bytes, Stack size 0 bytes, startup_gd32l23x.o(.text))
<BR>[Address Reference Count : 1]<UL><LI> startup_gd32l23x.o(RESET)
</UL>
<P><STRONG><a name="[14]"></a>DMA_Channel3_IRQHandler</STRONG> (Thumb, 0 bytes, Stack size 0 bytes, startup_gd32l23x.o(.text))
<BR>[Address Reference Count : 1]<UL><LI> startup_gd32l23x.o(RESET)
</UL>
<P><STRONG><a name="[15]"></a>DMA_Channel4_IRQHandler</STRONG> (Thumb, 0 bytes, Stack size 0 bytes, startup_gd32l23x.o(.text))
<BR>[Address Reference Count : 1]<UL><LI> startup_gd32l23x.o(RESET)
</UL>
<P><STRONG><a name="[16]"></a>DMA_Channel5_IRQHandler</STRONG> (Thumb, 0 bytes, Stack size 0 bytes, startup_gd32l23x.o(.text))
<BR>[Address Reference Count : 1]<UL><LI> startup_gd32l23x.o(RESET)
</UL>
<P><STRONG><a name="[17]"></a>DMA_Channel6_IRQHandler</STRONG> (Thumb, 0 bytes, Stack size 0 bytes, startup_gd32l23x.o(.text))
<BR>[Address Reference Count : 1]<UL><LI> startup_gd32l23x.o(RESET)
</UL>
<P><STRONG><a name="[c]"></a>EXTI0_IRQHandler</STRONG> (Thumb, 0 bytes, Stack size 0 bytes, startup_gd32l23x.o(.text))
<BR>[Address Reference Count : 1]<UL><LI> startup_gd32l23x.o(RESET)
</UL>
<P><STRONG><a name="[31]"></a>EXTI10_15_IRQHandler</STRONG> (Thumb, 0 bytes, Stack size 0 bytes, startup_gd32l23x.o(.text))
<BR>[Address Reference Count : 1]<UL><LI> startup_gd32l23x.o(RESET)
</UL>
<P><STRONG><a name="[d]"></a>EXTI1_IRQHandler</STRONG> (Thumb, 0 bytes, Stack size 0 bytes, startup_gd32l23x.o(.text))
<BR>[Address Reference Count : 1]<UL><LI> startup_gd32l23x.o(RESET)
</UL>
<P><STRONG><a name="[e]"></a>EXTI2_IRQHandler</STRONG> (Thumb, 0 bytes, Stack size 0 bytes, startup_gd32l23x.o(.text))
<BR>[Address Reference Count : 1]<UL><LI> startup_gd32l23x.o(RESET)
</UL>
<P><STRONG><a name="[f]"></a>EXTI3_IRQHandler</STRONG> (Thumb, 0 bytes, Stack size 0 bytes, startup_gd32l23x.o(.text))
<BR>[Address Reference Count : 1]<UL><LI> startup_gd32l23x.o(RESET)
</UL>
<P><STRONG><a name="[10]"></a>EXTI4_IRQHandler</STRONG> (Thumb, 0 bytes, Stack size 0 bytes, startup_gd32l23x.o(.text))
<BR>[Address Reference Count : 1]<UL><LI> startup_gd32l23x.o(RESET)
</UL>
<P><STRONG><a name="[a]"></a>FMC_IRQHandler</STRONG> (Thumb, 0 bytes, Stack size 0 bytes, startup_gd32l23x.o(.text))
<BR>[Address Reference Count : 1]<UL><LI> startup_gd32l23x.o(RESET)
</UL>
<P><STRONG><a name="[26]"></a>I2C0_ER_IRQHandler</STRONG> (Thumb, 0 bytes, Stack size 0 bytes, startup_gd32l23x.o(.text))
<BR>[Address Reference Count : 1]<UL><LI> startup_gd32l23x.o(RESET)
</UL>
<P><STRONG><a name="[25]"></a>I2C0_EV_IRQHandler</STRONG> (Thumb, 0 bytes, Stack size 0 bytes, startup_gd32l23x.o(.text))
<BR>[Address Reference Count : 1]<UL><LI> startup_gd32l23x.o(RESET)
</UL>
<P><STRONG><a name="[35]"></a>I2C0_WKUP_IRQHandler</STRONG> (Thumb, 0 bytes, Stack size 0 bytes, startup_gd32l23x.o(.text))
<BR>[Address Reference Count : 1]<UL><LI> startup_gd32l23x.o(RESET)
</UL>
<P><STRONG><a name="[28]"></a>I2C1_ER_IRQHandler</STRONG> (Thumb, 0 bytes, Stack size 0 bytes, startup_gd32l23x.o(.text))
<BR>[Address Reference Count : 1]<UL><LI> startup_gd32l23x.o(RESET)
</UL>
<P><STRONG><a name="[27]"></a>I2C1_EV_IRQHandler</STRONG> (Thumb, 0 bytes, Stack size 0 bytes, startup_gd32l23x.o(.text))
<BR>[Address Reference Count : 1]<UL><LI> startup_gd32l23x.o(RESET)
</UL>
<P><STRONG><a name="[3d]"></a>I2C1_WKUP_IRQHandler</STRONG> (Thumb, 0 bytes, Stack size 0 bytes, startup_gd32l23x.o(.text))
<BR>[Address Reference Count : 1]<UL><LI> startup_gd32l23x.o(RESET)
</UL>
<P><STRONG><a name="[2d]"></a>I2C2_ER_IRQHandler</STRONG> (Thumb, 0 bytes, Stack size 0 bytes, startup_gd32l23x.o(.text))
<BR>[Address Reference Count : 1]<UL><LI> startup_gd32l23x.o(RESET)
</UL>
<P><STRONG><a name="[2c]"></a>I2C2_EV_IRQHandler</STRONG> (Thumb, 0 bytes, Stack size 0 bytes, startup_gd32l23x.o(.text))
<BR>[Address Reference Count : 1]<UL><LI> startup_gd32l23x.o(RESET)
</UL>
<P><STRONG><a name="[36]"></a>I2C2_WKUP_IRQHandler</STRONG> (Thumb, 0 bytes, Stack size 0 bytes, startup_gd32l23x.o(.text))
<BR>[Address Reference Count : 1]<UL><LI> startup_gd32l23x.o(RESET)
</UL>
<P><STRONG><a name="[3f]"></a>LPTIMER_IRQHandler</STRONG> (Thumb, 0 bytes, Stack size 0 bytes, startup_gd32l23x.o(.text))
<BR>[Address Reference Count : 1]<UL><LI> startup_gd32l23x.o(RESET)
</UL>
<P><STRONG><a name="[38]"></a>LPUART_IRQHandler</STRONG> (Thumb, 0 bytes, Stack size 0 bytes, startup_gd32l23x.o(.text))
<BR>[Address Reference Count : 1]<UL><LI> startup_gd32l23x.o(RESET)
</UL>
<P><STRONG><a name="[3e]"></a>LPUART_WKUP_IRQHandler</STRONG> (Thumb, 0 bytes, Stack size 0 bytes, startup_gd32l23x.o(.text))
<BR>[Address Reference Count : 1]<UL><LI> startup_gd32l23x.o(RESET)
</UL>
<P><STRONG><a name="[7]"></a>LVD_IRQHandler</STRONG> (Thumb, 0 bytes, Stack size 0 bytes, startup_gd32l23x.o(.text))
<BR>[Address Reference Count : 1]<UL><LI> startup_gd32l23x.o(RESET)
</UL>
<P><STRONG><a name="[b]"></a>RCU_CTC_IRQHandler</STRONG> (Thumb, 0 bytes, Stack size 0 bytes, startup_gd32l23x.o(.text))
<BR>[Address Reference Count : 1]<UL><LI> startup_gd32l23x.o(RESET)
</UL>
<P><STRONG><a name="[2e]"></a>RTC_Alarm_IRQHandler</STRONG> (Thumb, 0 bytes, Stack size 0 bytes, startup_gd32l23x.o(.text))
<BR>[Address Reference Count : 1]<UL><LI> startup_gd32l23x.o(RESET)
</UL>
<P><STRONG><a name="[9]"></a>RTC_WKUP_IRQHandler</STRONG> (Thumb, 0 bytes, Stack size 0 bytes, startup_gd32l23x.o(.text))
<BR>[Address Reference Count : 1]<UL><LI> startup_gd32l23x.o(RESET)
</UL>
<P><STRONG><a name="[3b]"></a>SLCD_IRQHandler</STRONG> (Thumb, 0 bytes, Stack size 0 bytes, startup_gd32l23x.o(.text))
<BR>[Address Reference Count : 1]<UL><LI> startup_gd32l23x.o(RESET)
</UL>
<P><STRONG><a name="[29]"></a>SPI0_IRQHandler</STRONG> (Thumb, 0 bytes, Stack size 0 bytes, startup_gd32l23x.o(.text))
<BR>[Address Reference Count : 1]<UL><LI> startup_gd32l23x.o(RESET)
</UL>
<P><STRONG><a name="[2a]"></a>SPI1_IRQHandler</STRONG> (Thumb, 0 bytes, Stack size 0 bytes, startup_gd32l23x.o(.text))
<BR>[Address Reference Count : 1]<UL><LI> startup_gd32l23x.o(RESET)
</UL>
<P><STRONG><a name="[8]"></a>TAMPER_STAMP_IRQHandler</STRONG> (Thumb, 0 bytes, Stack size 0 bytes, startup_gd32l23x.o(.text))
<BR>[Address Reference Count : 1]<UL><LI> startup_gd32l23x.o(RESET)
</UL>
<P><STRONG><a name="[1e]"></a>TIMER11_IRQHandler</STRONG> (Thumb, 0 bytes, Stack size 0 bytes, startup_gd32l23x.o(.text))
<BR>[Address Reference Count : 1]<UL><LI> startup_gd32l23x.o(RESET)
</UL>
<P><STRONG><a name="[1b]"></a>TIMER1_IRQHandler</STRONG> (Thumb, 0 bytes, Stack size 0 bytes, startup_gd32l23x.o(.text))
<BR>[Address Reference Count : 1]<UL><LI> startup_gd32l23x.o(RESET)
</UL>
<P><STRONG><a name="[1c]"></a>TIMER2_IRQHandler</STRONG> (Thumb, 0 bytes, Stack size 0 bytes, startup_gd32l23x.o(.text))
<BR>[Address Reference Count : 1]<UL><LI> startup_gd32l23x.o(RESET)
</UL>
<P><STRONG><a name="[1f]"></a>TIMER5_IRQHandler</STRONG> (Thumb, 0 bytes, Stack size 0 bytes, startup_gd32l23x.o(.text))
<BR>[Address Reference Count : 1]<UL><LI> startup_gd32l23x.o(RESET)
</UL>
<P><STRONG><a name="[20]"></a>TIMER6_IRQHandler</STRONG> (Thumb, 0 bytes, Stack size 0 bytes, startup_gd32l23x.o(.text))
<BR>[Address Reference Count : 1]<UL><LI> startup_gd32l23x.o(RESET)
</UL>
<P><STRONG><a name="[1d]"></a>TIMER8_IRQHandler</STRONG> (Thumb, 0 bytes, Stack size 0 bytes, startup_gd32l23x.o(.text))
<BR>[Address Reference Count : 1]<UL><LI> startup_gd32l23x.o(RESET)
</UL>
<P><STRONG><a name="[3a]"></a>TRNG_IRQHandler</STRONG> (Thumb, 0 bytes, Stack size 0 bytes, startup_gd32l23x.o(.text))
<BR>[Address Reference Count : 1]<UL><LI> startup_gd32l23x.o(RESET)
</UL>
<P><STRONG><a name="[23]"></a>UART3_IRQHandler</STRONG> (Thumb, 0 bytes, Stack size 0 bytes, startup_gd32l23x.o(.text))
<BR>[Address Reference Count : 1]<UL><LI> startup_gd32l23x.o(RESET)
</UL>
<P><STRONG><a name="[24]"></a>UART4_IRQHandler</STRONG> (Thumb, 0 bytes, Stack size 0 bytes, startup_gd32l23x.o(.text))
<BR>[Address Reference Count : 1]<UL><LI> startup_gd32l23x.o(RESET)
</UL>
<P><STRONG><a name="[37]"></a>USART0_WKUP_IRQHandler</STRONG> (Thumb, 0 bytes, Stack size 0 bytes, startup_gd32l23x.o(.text))
<BR>[Address Reference Count : 1]<UL><LI> startup_gd32l23x.o(RESET)
</UL>
<P><STRONG><a name="[3c]"></a>USART1_WKUP_IRQHandler</STRONG> (Thumb, 0 bytes, Stack size 0 bytes, startup_gd32l23x.o(.text))
<BR>[Address Reference Count : 1]<UL><LI> startup_gd32l23x.o(RESET)
</UL>
<P><STRONG><a name="[19]"></a>USBD_HP_IRQHandler</STRONG> (Thumb, 0 bytes, Stack size 0 bytes, startup_gd32l23x.o(.text))
<BR>[Address Reference Count : 1]<UL><LI> startup_gd32l23x.o(RESET)
</UL>
<P><STRONG><a name="[1a]"></a>USBD_LP_IRQHandler</STRONG> (Thumb, 0 bytes, Stack size 0 bytes, startup_gd32l23x.o(.text))
<BR>[Address Reference Count : 1]<UL><LI> startup_gd32l23x.o(RESET)
</UL>
<P><STRONG><a name="[2f]"></a>USBD_WKUP_IRQHandler</STRONG> (Thumb, 0 bytes, Stack size 0 bytes, startup_gd32l23x.o(.text))
<BR>[Address Reference Count : 1]<UL><LI> startup_gd32l23x.o(RESET)
</UL>
<P><STRONG><a name="[6]"></a>WWDGT_IRQHandler</STRONG> (Thumb, 0 bytes, Stack size 0 bytes, startup_gd32l23x.o(.text))
<BR>[Address Reference Count : 1]<UL><LI> startup_gd32l23x.o(RESET)
</UL>
<P><STRONG><a name="[a6]"></a>__aeabi_memcpy</STRONG> (Thumb, 36 bytes, Stack size 0 bytes, memcpya.o(.text))
<BR><BR>[Called By]<UL><LI><a href="#[a4]">&gt;&gt;</a>&nbsp;&nbsp;&nbsp;chaos_decrypt_packet
<LI><a href="#[a9]">&gt;&gt;</a>&nbsp;&nbsp;&nbsp;chaos_encrypt_packet
<LI><a href="#[f1]">&gt;&gt;</a>&nbsp;&nbsp;&nbsp;prvCopyDataToQueue
<LI><a href="#[ba]">&gt;&gt;</a>&nbsp;&nbsp;&nbsp;flash_write_bytes
<LI><a href="#[dd]">&gt;&gt;</a>&nbsp;&nbsp;&nbsp;process_node_raw
<LI><a href="#[cc]">&gt;&gt;</a>&nbsp;&nbsp;&nbsp;send_lora_cmd
<LI><a href="#[f0]">&gt;&gt;</a>&nbsp;&nbsp;&nbsp;prvCopyDataFromQueue
</UL>

<P><STRONG><a name="[13c]"></a>__aeabi_memcpy4</STRONG> (Thumb, 0 bytes, Stack size 0 bytes, memcpya.o(.text), UNUSED)

<P><STRONG><a name="[13d]"></a>__aeabi_memcpy8</STRONG> (Thumb, 0 bytes, Stack size 0 bytes, memcpya.o(.text), UNUSED)

<P><STRONG><a name="[50]"></a>__aeabi_memset</STRONG> (Thumb, 14 bytes, Stack size 0 bytes, memseta.o(.text))
<BR><BR>[Called By]<UL><LI><a href="#[51]">&gt;&gt;</a>&nbsp;&nbsp;&nbsp;_memset$wrapper
<LI><a href="#[4f]">&gt;&gt;</a>&nbsp;&nbsp;&nbsp;__aeabi_memclr
</UL>

<P><STRONG><a name="[ff]"></a>__aeabi_memset4</STRONG> (Thumb, 0 bytes, Stack size 0 bytes, memseta.o(.text))
<BR><BR>[Called By]<UL><LI><a href="#[f8]">&gt;&gt;</a>&nbsp;&nbsp;&nbsp;prvInitialiseNewTask
</UL>

<P><STRONG><a name="[13e]"></a>__aeabi_memset8</STRONG> (Thumb, 0 bytes, Stack size 0 bytes, memseta.o(.text), UNUSED)

<P><STRONG><a name="[4f]"></a>__aeabi_memclr</STRONG> (Thumb, 4 bytes, Stack size 0 bytes, memseta.o(.text))
<BR><BR>[Calls]<UL><LI><a href="#[50]">&gt;&gt;</a>&nbsp;&nbsp;&nbsp;__aeabi_memset
</UL>
<BR>[Called By]<UL><LI><a href="#[77]">&gt;&gt;</a>&nbsp;&nbsp;&nbsp;LoRa_Init
<LI><a href="#[f5]">&gt;&gt;</a>&nbsp;&nbsp;&nbsp;prvCreateTask
<LI><a href="#[69]">&gt;&gt;</a>&nbsp;&nbsp;&nbsp;CheckReplyOK
</UL>

<P><STRONG><a name="[d2]"></a>__aeabi_memclr4</STRONG> (Thumb, 0 bytes, Stack size 0 bytes, memseta.o(.text))
<BR><BR>[Called By]<UL><LI><a href="#[c7]">&gt;&gt;</a>&nbsp;&nbsp;&nbsp;master_init
</UL>

<P><STRONG><a name="[13f]"></a>__aeabi_memclr8</STRONG> (Thumb, 0 bytes, Stack size 0 bytes, memseta.o(.text), UNUSED)

<P><STRONG><a name="[51]"></a>_memset$wrapper</STRONG> (Thumb, 18 bytes, Stack size 8 bytes, memseta.o(.text), UNUSED)
<BR><BR>[Calls]<UL><LI><a href="#[50]">&gt;&gt;</a>&nbsp;&nbsp;&nbsp;__aeabi_memset
</UL>

<P><STRONG><a name="[6c]"></a>strstr</STRONG> (Thumb, 40 bytes, Stack size 12 bytes, strstr.o(.text))
<BR><BR>[Stack]<UL><LI>Max Depth = 12<LI>Call Chain = strstr
</UL>
<BR>[Called By]<UL><LI><a href="#[77]">&gt;&gt;</a>&nbsp;&nbsp;&nbsp;LoRa_Init
<LI><a href="#[69]">&gt;&gt;</a>&nbsp;&nbsp;&nbsp;CheckReplyOK
</UL>

<P><STRONG><a name="[52]"></a>__aeabi_fadd</STRONG> (Thumb, 162 bytes, Stack size 24 bytes, fadd.o(.text))
<BR><BR>[Stack]<UL><LI>Max Depth = 36<LI>Call Chain = __aeabi_fadd &rArr; _float_epilogue
</UL>
<BR>[Calls]<UL><LI><a href="#[54]">&gt;&gt;</a>&nbsp;&nbsp;&nbsp;_float_round
<LI><a href="#[53]">&gt;&gt;</a>&nbsp;&nbsp;&nbsp;_float_epilogue
</UL>
<BR>[Called By]<UL><LI><a href="#[ad]">&gt;&gt;</a>&nbsp;&nbsp;&nbsp;chaos_iterate
<LI><a href="#[b1]">&gt;&gt;</a>&nbsp;&nbsp;&nbsp;chaos_init
<LI><a href="#[12c]">&gt;&gt;</a>&nbsp;&nbsp;&nbsp;__mathlib_rredf2
<LI><a href="#[b3]">&gt;&gt;</a>&nbsp;&nbsp;&nbsp;sinf
<LI><a href="#[55]">&gt;&gt;</a>&nbsp;&nbsp;&nbsp;__aeabi_fsub
<LI><a href="#[56]">&gt;&gt;</a>&nbsp;&nbsp;&nbsp;__aeabi_frsub
<LI><a href="#[b2]">&gt;&gt;</a>&nbsp;&nbsp;&nbsp;cosf
</UL>

<P><STRONG><a name="[55]"></a>__aeabi_fsub</STRONG> (Thumb, 8 bytes, Stack size 0 bytes, fadd.o(.text))
<BR><BR>[Stack]<UL><LI>Max Depth = 36<LI>Call Chain = __aeabi_fsub &rArr; __aeabi_fadd &rArr; _float_epilogue
</UL>
<BR>[Calls]<UL><LI><a href="#[52]">&gt;&gt;</a>&nbsp;&nbsp;&nbsp;__aeabi_fadd
</UL>
<BR>[Called By]<UL><LI><a href="#[12c]">&gt;&gt;</a>&nbsp;&nbsp;&nbsp;__mathlib_rredf2
<LI><a href="#[b3]">&gt;&gt;</a>&nbsp;&nbsp;&nbsp;sinf
<LI><a href="#[b2]">&gt;&gt;</a>&nbsp;&nbsp;&nbsp;cosf
</UL>

<P><STRONG><a name="[56]"></a>__aeabi_frsub</STRONG> (Thumb, 8 bytes, Stack size 0 bytes, fadd.o(.text))
<BR><BR>[Stack]<UL><LI>Max Depth = 36<LI>Call Chain = __aeabi_frsub &rArr; __aeabi_fadd &rArr; _float_epilogue
</UL>
<BR>[Calls]<UL><LI><a href="#[52]">&gt;&gt;</a>&nbsp;&nbsp;&nbsp;__aeabi_fadd
</UL>
<BR>[Called By]<UL><LI><a href="#[12c]">&gt;&gt;</a>&nbsp;&nbsp;&nbsp;__mathlib_rredf2
<LI><a href="#[b3]">&gt;&gt;</a>&nbsp;&nbsp;&nbsp;sinf
<LI><a href="#[b2]">&gt;&gt;</a>&nbsp;&nbsp;&nbsp;cosf
</UL>

<P><STRONG><a name="[af]"></a>__aeabi_fmul</STRONG> (Thumb, 122 bytes, Stack size 16 bytes, fmul.o(.text))
<BR><BR>[Stack]<UL><LI>Max Depth = 16<LI>Call Chain = __aeabi_fmul
</UL>
<BR>[Called By]<UL><LI><a href="#[aa]">&gt;&gt;</a>&nbsp;&nbsp;&nbsp;chaos_get_sync_code
<LI><a href="#[ad]">&gt;&gt;</a>&nbsp;&nbsp;&nbsp;chaos_iterate
<LI><a href="#[b1]">&gt;&gt;</a>&nbsp;&nbsp;&nbsp;chaos_init
<LI><a href="#[12c]">&gt;&gt;</a>&nbsp;&nbsp;&nbsp;__mathlib_rredf2
<LI><a href="#[b3]">&gt;&gt;</a>&nbsp;&nbsp;&nbsp;sinf
<LI><a href="#[b2]">&gt;&gt;</a>&nbsp;&nbsp;&nbsp;cosf
</UL>

<P><STRONG><a name="[57]"></a>__aeabi_fdiv</STRONG> (Thumb, 124 bytes, Stack size 16 bytes, fdiv.o(.text))
<BR><BR>[Stack]<UL><LI>Max Depth = 16<LI>Call Chain = __aeabi_fdiv
</UL>
<BR>[Calls]<UL><LI><a href="#[54]">&gt;&gt;</a>&nbsp;&nbsp;&nbsp;_float_round
</UL>
<BR>[Called By]<UL><LI><a href="#[a5]">&gt;&gt;</a>&nbsp;&nbsp;&nbsp;chaos_sync_from_code
<LI><a href="#[b1]">&gt;&gt;</a>&nbsp;&nbsp;&nbsp;chaos_init
<LI><a href="#[12a]">&gt;&gt;</a>&nbsp;&nbsp;&nbsp;__mathlib_flt_invalid
</UL>

<P><STRONG><a name="[b4]"></a>__aeabi_fcmple</STRONG> (Thumb, 28 bytes, Stack size 0 bytes, fcmple.o(.text))
<BR><BR>[Called By]<UL><LI><a href="#[a5]">&gt;&gt;</a>&nbsp;&nbsp;&nbsp;chaos_sync_from_code
</UL>

<P><STRONG><a name="[b5]"></a>__aeabi_fcmpge</STRONG> (Thumb, 28 bytes, Stack size 0 bytes, fcmpge.o(.text))
<BR><BR>[Called By]<UL><LI><a href="#[a5]">&gt;&gt;</a>&nbsp;&nbsp;&nbsp;chaos_sync_from_code
</UL>

<P><STRONG><a name="[58]"></a>__aeabi_ui2f</STRONG> (Thumb, 14 bytes, Stack size 8 bytes, ffltui.o(.text))
<BR><BR>[Stack]<UL><LI>Max Depth = 20<LI>Call Chain = __aeabi_ui2f &rArr; _float_epilogue
</UL>
<BR>[Calls]<UL><LI><a href="#[53]">&gt;&gt;</a>&nbsp;&nbsp;&nbsp;_float_epilogue
</UL>
<BR>[Called By]<UL><LI><a href="#[a5]">&gt;&gt;</a>&nbsp;&nbsp;&nbsp;chaos_sync_from_code
<LI><a href="#[b1]">&gt;&gt;</a>&nbsp;&nbsp;&nbsp;chaos_init
<LI><a href="#[12c]">&gt;&gt;</a>&nbsp;&nbsp;&nbsp;__mathlib_rredf2
</UL>

<P><STRONG><a name="[b0]"></a>__aeabi_f2uiz</STRONG> (Thumb, 40 bytes, Stack size 0 bytes, ffixui.o(.text))
<BR><BR>[Called By]<UL><LI><a href="#[aa]">&gt;&gt;</a>&nbsp;&nbsp;&nbsp;chaos_get_sync_code
</UL>

<P><STRONG><a name="[e3]"></a>__aeabi_f2d</STRONG> (Thumb, 40 bytes, Stack size 0 bytes, f2d.o(.text))
<BR><BR>[Called By]<UL><LI><a href="#[db]">&gt;&gt;</a>&nbsp;&nbsp;&nbsp;process_status_header
</UL>

<P><STRONG><a name="[59]"></a>__aeabi_uldivmod</STRONG> (Thumb, 96 bytes, Stack size 48 bytes, uldiv.o(.text), UNUSED)
<BR><BR>[Calls]<UL><LI><a href="#[5a]">&gt;&gt;</a>&nbsp;&nbsp;&nbsp;__aeabi_llsr
<LI><a href="#[5b]">&gt;&gt;</a>&nbsp;&nbsp;&nbsp;__aeabi_llsl
</UL>
<BR>[Called By]<UL><LI><a href="#[125]">&gt;&gt;</a>&nbsp;&nbsp;&nbsp;_printf_core
<LI><a href="#[12e]">&gt;&gt;</a>&nbsp;&nbsp;&nbsp;_fp_digits
</UL>

<P><STRONG><a name="[140]"></a>__I$use$fp</STRONG> (Thumb, 0 bytes, Stack size 0 bytes, iusefp.o(.text), UNUSED)

<P><STRONG><a name="[54]"></a>_float_round</STRONG> (Thumb, 16 bytes, Stack size 0 bytes, fepilogue.o(.text))
<BR><BR>[Called By]<UL><LI><a href="#[52]">&gt;&gt;</a>&nbsp;&nbsp;&nbsp;__aeabi_fadd
<LI><a href="#[57]">&gt;&gt;</a>&nbsp;&nbsp;&nbsp;__aeabi_fdiv
<LI><a href="#[5c]">&gt;&gt;</a>&nbsp;&nbsp;&nbsp;_frnd
</UL>

<P><STRONG><a name="[53]"></a>_float_epilogue</STRONG> (Thumb, 114 bytes, Stack size 12 bytes, fepilogue.o(.text))
<BR><BR>[Stack]<UL><LI>Max Depth = 12<LI>Call Chain = _float_epilogue
</UL>
<BR>[Called By]<UL><LI><a href="#[52]">&gt;&gt;</a>&nbsp;&nbsp;&nbsp;__aeabi_fadd
<LI><a href="#[58]">&gt;&gt;</a>&nbsp;&nbsp;&nbsp;__aeabi_ui2f
<LI><a href="#[68]">&gt;&gt;</a>&nbsp;&nbsp;&nbsp;__aeabi_i2f
</UL>

<P><STRONG><a name="[5c]"></a>_frnd</STRONG> (Thumb, 62 bytes, Stack size 8 bytes, frnd.o(.text))
<BR><BR>[Stack]<UL><LI>Max Depth = 8<LI>Call Chain = _frnd
</UL>
<BR>[Calls]<UL><LI><a href="#[54]">&gt;&gt;</a>&nbsp;&nbsp;&nbsp;_float_round
</UL>
<BR>[Called By]<UL><LI><a href="#[b3]">&gt;&gt;</a>&nbsp;&nbsp;&nbsp;sinf
<LI><a href="#[b2]">&gt;&gt;</a>&nbsp;&nbsp;&nbsp;cosf
</UL>

<P><STRONG><a name="[5d]"></a>__aeabi_dadd</STRONG> (Thumb, 328 bytes, Stack size 48 bytes, dadd.o(.text), UNUSED)
<BR><BR>[Calls]<UL><LI><a href="#[5e]">&gt;&gt;</a>&nbsp;&nbsp;&nbsp;__aeabi_lasr
<LI><a href="#[5b]">&gt;&gt;</a>&nbsp;&nbsp;&nbsp;__aeabi_llsl
<LI><a href="#[60]">&gt;&gt;</a>&nbsp;&nbsp;&nbsp;_double_round
<LI><a href="#[5f]">&gt;&gt;</a>&nbsp;&nbsp;&nbsp;_double_epilogue
</UL>
<BR>[Called By]<UL><LI><a href="#[62]">&gt;&gt;</a>&nbsp;&nbsp;&nbsp;__aeabi_drsub
<LI><a href="#[61]">&gt;&gt;</a>&nbsp;&nbsp;&nbsp;__aeabi_dsub
<LI><a href="#[12e]">&gt;&gt;</a>&nbsp;&nbsp;&nbsp;_fp_digits
</UL>

<P><STRONG><a name="[61]"></a>__aeabi_dsub</STRONG> (Thumb, 12 bytes, Stack size 8 bytes, dadd.o(.text), UNUSED)
<BR><BR>[Calls]<UL><LI><a href="#[5d]">&gt;&gt;</a>&nbsp;&nbsp;&nbsp;__aeabi_dadd
</UL>

<P><STRONG><a name="[62]"></a>__aeabi_drsub</STRONG> (Thumb, 12 bytes, Stack size 8 bytes, dadd.o(.text), UNUSED)
<BR><BR>[Calls]<UL><LI><a href="#[5d]">&gt;&gt;</a>&nbsp;&nbsp;&nbsp;__aeabi_dadd
</UL>

<P><STRONG><a name="[63]"></a>__aeabi_dmul</STRONG> (Thumb, 202 bytes, Stack size 72 bytes, dmul.o(.text), UNUSED)
<BR><BR>[Calls]<UL><LI><a href="#[5f]">&gt;&gt;</a>&nbsp;&nbsp;&nbsp;_double_epilogue
</UL>
<BR>[Called By]<UL><LI><a href="#[12e]">&gt;&gt;</a>&nbsp;&nbsp;&nbsp;_fp_digits
</UL>

<P><STRONG><a name="[64]"></a>__aeabi_ddiv</STRONG> (Thumb, 234 bytes, Stack size 40 bytes, ddiv.o(.text), UNUSED)
<BR><BR>[Calls]<UL><LI><a href="#[60]">&gt;&gt;</a>&nbsp;&nbsp;&nbsp;_double_round
</UL>
<BR>[Called By]<UL><LI><a href="#[12e]">&gt;&gt;</a>&nbsp;&nbsp;&nbsp;_fp_digits
</UL>

<P><STRONG><a name="[133]"></a>__aeabi_f2iz</STRONG> (Thumb, 50 bytes, Stack size 0 bytes, ffixi.o(.text))
<BR><BR>[Called By]<UL><LI><a href="#[b3]">&gt;&gt;</a>&nbsp;&nbsp;&nbsp;sinf
<LI><a href="#[b2]">&gt;&gt;</a>&nbsp;&nbsp;&nbsp;cosf
</UL>

<P><STRONG><a name="[65]"></a>__aeabi_d2ulz</STRONG> (Thumb, 54 bytes, Stack size 8 bytes, dfixul.o(.text), UNUSED)
<BR><BR>[Calls]<UL><LI><a href="#[5a]">&gt;&gt;</a>&nbsp;&nbsp;&nbsp;__aeabi_llsr
<LI><a href="#[5b]">&gt;&gt;</a>&nbsp;&nbsp;&nbsp;__aeabi_llsl
</UL>
<BR>[Called By]<UL><LI><a href="#[12e]">&gt;&gt;</a>&nbsp;&nbsp;&nbsp;_fp_digits
</UL>

<P><STRONG><a name="[12f]"></a>__aeabi_cdrcmple</STRONG> (Thumb, 38 bytes, Stack size 0 bytes, cdrcmple.o(.text), UNUSED)
<BR><BR>[Called By]<UL><LI><a href="#[12e]">&gt;&gt;</a>&nbsp;&nbsp;&nbsp;_fp_digits
</UL>

<P><STRONG><a name="[4e]"></a>__scatterload</STRONG> (Thumb, 38 bytes, Stack size 0 bytes, init.o(.text))
<BR><BR>[Calls]<UL><LI><a href="#[66]">&gt;&gt;</a>&nbsp;&nbsp;&nbsp;__main_after_scatterload
</UL>
<BR>[Called By]<UL><LI><a href="#[4d]">&gt;&gt;</a>&nbsp;&nbsp;&nbsp;_main_scatterload
</UL>

<P><STRONG><a name="[141]"></a>__scatterload_rt2</STRONG> (Thumb, 0 bytes, Stack size 0 bytes, init.o(.text), UNUSED)

<P><STRONG><a name="[142]"></a>__aeabi_uidiv$div0</STRONG> (Thumb, 0 bytes, Stack size 16 bytes, uidiv_div0.o(.text), UNUSED)

<P><STRONG><a name="[132]"></a>__aeabi_uidivmod</STRONG> (Thumb, 62 bytes, Stack size 16 bytes, uidiv_div0.o(.text), UNUSED)
<BR><BR>[Called By]<UL><LI><a href="#[125]">&gt;&gt;</a>&nbsp;&nbsp;&nbsp;_printf_core
</UL>

<P><STRONG><a name="[5b]"></a>__aeabi_llsl</STRONG> (Thumb, 32 bytes, Stack size 8 bytes, llshl.o(.text), UNUSED)
<BR><BR>[Called By]<UL><LI><a href="#[5f]">&gt;&gt;</a>&nbsp;&nbsp;&nbsp;_double_epilogue
<LI><a href="#[59]">&gt;&gt;</a>&nbsp;&nbsp;&nbsp;__aeabi_uldivmod
<LI><a href="#[5d]">&gt;&gt;</a>&nbsp;&nbsp;&nbsp;__aeabi_dadd
<LI><a href="#[65]">&gt;&gt;</a>&nbsp;&nbsp;&nbsp;__aeabi_d2ulz
</UL>

<P><STRONG><a name="[143]"></a>_ll_shift_l</STRONG> (Thumb, 0 bytes, Stack size 8 bytes, llshl.o(.text), UNUSED)

<P><STRONG><a name="[5a]"></a>__aeabi_llsr</STRONG> (Thumb, 34 bytes, Stack size 8 bytes, llushr.o(.text), UNUSED)
<BR><BR>[Called By]<UL><LI><a href="#[5f]">&gt;&gt;</a>&nbsp;&nbsp;&nbsp;_double_epilogue
<LI><a href="#[59]">&gt;&gt;</a>&nbsp;&nbsp;&nbsp;__aeabi_uldivmod
<LI><a href="#[65]">&gt;&gt;</a>&nbsp;&nbsp;&nbsp;__aeabi_d2ulz
</UL>

<P><STRONG><a name="[144]"></a>_ll_ushift_r</STRONG> (Thumb, 0 bytes, Stack size 8 bytes, llushr.o(.text), UNUSED)

<P><STRONG><a name="[5e]"></a>__aeabi_lasr</STRONG> (Thumb, 38 bytes, Stack size 8 bytes, llsshr.o(.text), UNUSED)
<BR><BR>[Called By]<UL><LI><a href="#[5d]">&gt;&gt;</a>&nbsp;&nbsp;&nbsp;__aeabi_dadd
</UL>

<P><STRONG><a name="[145]"></a>_ll_sshift_r</STRONG> (Thumb, 0 bytes, Stack size 8 bytes, llsshr.o(.text), UNUSED)

<P><STRONG><a name="[129]"></a>__ARM_scalbnf</STRONG> (Thumb, 24 bytes, Stack size 0 bytes, fscalb.o(.text))
<BR><BR>[Called By]<UL><LI><a href="#[12c]">&gt;&gt;</a>&nbsp;&nbsp;&nbsp;__mathlib_rredf2
<LI><a href="#[12b]">&gt;&gt;</a>&nbsp;&nbsp;&nbsp;__mathlib_flt_underflow
<LI><a href="#[128]">&gt;&gt;</a>&nbsp;&nbsp;&nbsp;__mathlib_flt_infnan
</UL>

<P><STRONG><a name="[146]"></a>scalbnf</STRONG> (Thumb, 0 bytes, Stack size 0 bytes, fscalb.o(.text), UNUSED)

<P><STRONG><a name="[60]"></a>_double_round</STRONG> (Thumb, 26 bytes, Stack size 8 bytes, depilogue.o(.text), UNUSED)
<BR><BR>[Called By]<UL><LI><a href="#[5f]">&gt;&gt;</a>&nbsp;&nbsp;&nbsp;_double_epilogue
<LI><a href="#[64]">&gt;&gt;</a>&nbsp;&nbsp;&nbsp;__aeabi_ddiv
<LI><a href="#[5d]">&gt;&gt;</a>&nbsp;&nbsp;&nbsp;__aeabi_dadd
</UL>

<P><STRONG><a name="[5f]"></a>_double_epilogue</STRONG> (Thumb, 164 bytes, Stack size 48 bytes, depilogue.o(.text), UNUSED)
<BR><BR>[Calls]<UL><LI><a href="#[67]">&gt;&gt;</a>&nbsp;&nbsp;&nbsp;__ARM_clz
<LI><a href="#[5a]">&gt;&gt;</a>&nbsp;&nbsp;&nbsp;__aeabi_llsr
<LI><a href="#[5b]">&gt;&gt;</a>&nbsp;&nbsp;&nbsp;__aeabi_llsl
<LI><a href="#[60]">&gt;&gt;</a>&nbsp;&nbsp;&nbsp;_double_round
</UL>
<BR>[Called By]<UL><LI><a href="#[63]">&gt;&gt;</a>&nbsp;&nbsp;&nbsp;__aeabi_dmul
<LI><a href="#[5d]">&gt;&gt;</a>&nbsp;&nbsp;&nbsp;__aeabi_dadd
</UL>

<P><STRONG><a name="[68]"></a>__aeabi_i2f</STRONG> (Thumb, 22 bytes, Stack size 8 bytes, fflti.o(.text))
<BR><BR>[Stack]<UL><LI>Max Depth = 20<LI>Call Chain = __aeabi_i2f &rArr; _float_epilogue
</UL>
<BR>[Calls]<UL><LI><a href="#[53]">&gt;&gt;</a>&nbsp;&nbsp;&nbsp;_float_epilogue
</UL>
<BR>[Called By]<UL><LI><a href="#[12c]">&gt;&gt;</a>&nbsp;&nbsp;&nbsp;__mathlib_rredf2
</UL>

<P><STRONG><a name="[69]"></a>CheckReplyOK</STRONG> (Thumb, 200 bytes, Stack size 168 bytes, mwcc68_app.o(.text.CheckReplyOK))
<BR><BR>[Stack]<UL><LI>Max Depth = 196<LI>Call Chain = CheckReplyOK &rArr; usart1_peek_data
</UL>
<BR>[Calls]<UL><LI><a href="#[6f]">&gt;&gt;</a>&nbsp;&nbsp;&nbsp;cpu_delay_ms
<LI><a href="#[6d]">&gt;&gt;</a>&nbsp;&nbsp;&nbsp;printf
<LI><a href="#[6c]">&gt;&gt;</a>&nbsp;&nbsp;&nbsp;strstr
<LI><a href="#[4f]">&gt;&gt;</a>&nbsp;&nbsp;&nbsp;__aeabi_memclr
<LI><a href="#[6e]">&gt;&gt;</a>&nbsp;&nbsp;&nbsp;usart1_clear_buffer
<LI><a href="#[6b]">&gt;&gt;</a>&nbsp;&nbsp;&nbsp;usart1_peek_data
<LI><a href="#[6a]">&gt;&gt;</a>&nbsp;&nbsp;&nbsp;usart1_data_available
</UL>
<BR>[Called By]<UL><LI><a href="#[91]">&gt;&gt;</a>&nbsp;&nbsp;&nbsp;LoRa_SetBps
<LI><a href="#[90]">&gt;&gt;</a>&nbsp;&nbsp;&nbsp;LoRa_SetPower
<LI><a href="#[8f]">&gt;&gt;</a>&nbsp;&nbsp;&nbsp;LoRa_SetTmode
<LI><a href="#[8e]">&gt;&gt;</a>&nbsp;&nbsp;&nbsp;LoRa_SetWlrate
<LI><a href="#[8d]">&gt;&gt;</a>&nbsp;&nbsp;&nbsp;LoRa_SetPacksize
<LI><a href="#[8c]">&gt;&gt;</a>&nbsp;&nbsp;&nbsp;LoRa_SetChn
<LI><a href="#[8b]">&gt;&gt;</a>&nbsp;&nbsp;&nbsp;LoRa_SetNetid
<LI><a href="#[8a]">&gt;&gt;</a>&nbsp;&nbsp;&nbsp;LoRa_SetAddr
</UL>

<P><STRONG><a name="[30]"></a>EXTI5_9_IRQHandler</STRONG> (Thumb, 36 bytes, Stack size 8 bytes, mwcc68_uart.o(.text.EXTI5_9_IRQHandler))
<BR><BR>[Stack]<UL><LI>Max Depth = 24<LI>Call Chain = EXTI5_9_IRQHandler &rArr; exti_interrupt_flag_get
</UL>
<BR>[Calls]<UL><LI><a href="#[71]">&gt;&gt;</a>&nbsp;&nbsp;&nbsp;exti_interrupt_flag_clear
<LI><a href="#[70]">&gt;&gt;</a>&nbsp;&nbsp;&nbsp;exti_interrupt_flag_get
</UL>
<BR>[Address Reference Count : 1]<UL><LI> startup_gd32l23x.o(RESET)
</UL>
<P><STRONG><a name="[2]"></a>HardFault_Handler</STRONG> (Thumb, 4 bytes, Stack size 0 bytes, gd32l23x_it.o(.text.HardFault_Handler))
<BR>[Address Reference Count : 1]<UL><LI> startup_gd32l23x.o(RESET)
</UL>
<P><STRONG><a name="[72]"></a>LoRa_EnterConfigMode</STRONG> (Thumb, 40 bytes, Stack size 8 bytes, mwcc68_app.o(.text.LoRa_EnterConfigMode))
<BR><BR>[Stack]<UL><LI>Max Depth = 32<LI>Call Chain = LoRa_EnterConfigMode &rArr; printf
</UL>
<BR>[Calls]<UL><LI><a href="#[73]">&gt;&gt;</a>&nbsp;&nbsp;&nbsp;gpio_bit_set
<LI><a href="#[6f]">&gt;&gt;</a>&nbsp;&nbsp;&nbsp;cpu_delay_ms
<LI><a href="#[6d]">&gt;&gt;</a>&nbsp;&nbsp;&nbsp;printf
</UL>
<BR>[Called By]<UL><LI><a href="#[77]">&gt;&gt;</a>&nbsp;&nbsp;&nbsp;LoRa_Init
</UL>

<P><STRONG><a name="[74]"></a>LoRa_ExitConfigMode</STRONG> (Thumb, 56 bytes, Stack size 8 bytes, mwcc68_app.o(.text.LoRa_ExitConfigMode))
<BR><BR>[Stack]<UL><LI>Max Depth = 48<LI>Call Chain = LoRa_ExitConfigMode &rArr; LoRa_WaitAuxHigh &rArr; printf
</UL>
<BR>[Calls]<UL><LI><a href="#[75]">&gt;&gt;</a>&nbsp;&nbsp;&nbsp;gpio_bit_reset
<LI><a href="#[6d]">&gt;&gt;</a>&nbsp;&nbsp;&nbsp;printf
<LI><a href="#[76]">&gt;&gt;</a>&nbsp;&nbsp;&nbsp;LoRa_WaitAuxHigh
</UL>
<BR>[Called By]<UL><LI><a href="#[77]">&gt;&gt;</a>&nbsp;&nbsp;&nbsp;LoRa_Init
</UL>

<P><STRONG><a name="[77]"></a>LoRa_Init</STRONG> (Thumb, 812 bytes, Stack size 400 bytes, mwcc68_app.o(.text.LoRa_Init))
<BR><BR>[Stack]<UL><LI>Max Depth = 644<LI>Call Chain = LoRa_Init &rArr; LoRa_SetBps &rArr; CheckReplyOK &rArr; usart1_peek_data
</UL>
<BR>[Calls]<UL><LI><a href="#[78]">&gt;&gt;</a>&nbsp;&nbsp;&nbsp;rcu_periph_clock_enable
<LI><a href="#[84]">&gt;&gt;</a>&nbsp;&nbsp;&nbsp;nvic_irq_enable
<LI><a href="#[79]">&gt;&gt;</a>&nbsp;&nbsp;&nbsp;gpio_af_set
<LI><a href="#[7b]">&gt;&gt;</a>&nbsp;&nbsp;&nbsp;gpio_output_options_set
<LI><a href="#[7a]">&gt;&gt;</a>&nbsp;&nbsp;&nbsp;gpio_mode_set
<LI><a href="#[6f]">&gt;&gt;</a>&nbsp;&nbsp;&nbsp;cpu_delay_ms
<LI><a href="#[85]">&gt;&gt;</a>&nbsp;&nbsp;&nbsp;usart_interrupt_enable
<LI><a href="#[87]">&gt;&gt;</a>&nbsp;&nbsp;&nbsp;usart_flag_get
<LI><a href="#[88]">&gt;&gt;</a>&nbsp;&nbsp;&nbsp;usart_data_transmit
<LI><a href="#[81]">&gt;&gt;</a>&nbsp;&nbsp;&nbsp;usart_receive_config
<LI><a href="#[82]">&gt;&gt;</a>&nbsp;&nbsp;&nbsp;usart_transmit_config
<LI><a href="#[83]">&gt;&gt;</a>&nbsp;&nbsp;&nbsp;usart_enable
<LI><a href="#[7f]">&gt;&gt;</a>&nbsp;&nbsp;&nbsp;usart_stop_bit_set
<LI><a href="#[7e]">&gt;&gt;</a>&nbsp;&nbsp;&nbsp;usart_word_length_set
<LI><a href="#[80]">&gt;&gt;</a>&nbsp;&nbsp;&nbsp;usart_parity_config
<LI><a href="#[7d]">&gt;&gt;</a>&nbsp;&nbsp;&nbsp;usart_baudrate_set
<LI><a href="#[7c]">&gt;&gt;</a>&nbsp;&nbsp;&nbsp;usart_deinit
<LI><a href="#[6d]">&gt;&gt;</a>&nbsp;&nbsp;&nbsp;printf
<LI><a href="#[6c]">&gt;&gt;</a>&nbsp;&nbsp;&nbsp;strstr
<LI><a href="#[4f]">&gt;&gt;</a>&nbsp;&nbsp;&nbsp;__aeabi_memclr
<LI><a href="#[89]">&gt;&gt;</a>&nbsp;&nbsp;&nbsp;usart1_read_data
<LI><a href="#[86]">&gt;&gt;</a>&nbsp;&nbsp;&nbsp;User_GpioInit
<LI><a href="#[91]">&gt;&gt;</a>&nbsp;&nbsp;&nbsp;LoRa_SetBps
<LI><a href="#[90]">&gt;&gt;</a>&nbsp;&nbsp;&nbsp;LoRa_SetPower
<LI><a href="#[8f]">&gt;&gt;</a>&nbsp;&nbsp;&nbsp;LoRa_SetTmode
<LI><a href="#[8e]">&gt;&gt;</a>&nbsp;&nbsp;&nbsp;LoRa_SetWlrate
<LI><a href="#[8d]">&gt;&gt;</a>&nbsp;&nbsp;&nbsp;LoRa_SetPacksize
<LI><a href="#[8c]">&gt;&gt;</a>&nbsp;&nbsp;&nbsp;LoRa_SetChn
<LI><a href="#[8b]">&gt;&gt;</a>&nbsp;&nbsp;&nbsp;LoRa_SetNetid
<LI><a href="#[8a]">&gt;&gt;</a>&nbsp;&nbsp;&nbsp;LoRa_SetAddr
<LI><a href="#[6e]">&gt;&gt;</a>&nbsp;&nbsp;&nbsp;usart1_clear_buffer
<LI><a href="#[6b]">&gt;&gt;</a>&nbsp;&nbsp;&nbsp;usart1_peek_data
<LI><a href="#[6a]">&gt;&gt;</a>&nbsp;&nbsp;&nbsp;usart1_data_available
<LI><a href="#[74]">&gt;&gt;</a>&nbsp;&nbsp;&nbsp;LoRa_ExitConfigMode
<LI><a href="#[72]">&gt;&gt;</a>&nbsp;&nbsp;&nbsp;LoRa_EnterConfigMode
</UL>
<BR>[Called By]<UL><LI><a href="#[40]">&gt;&gt;</a>&nbsp;&nbsp;&nbsp;main
</UL>

<P><STRONG><a name="[92]"></a>LoRa_ReceiveData</STRONG> (Thumb, 220 bytes, Stack size 304 bytes, mwcc68_app.o(.text.LoRa_ReceiveData))
<BR><BR>[Stack]<UL><LI>Max Depth = 328<LI>Call Chain = LoRa_ReceiveData &rArr; usart1_read_data
</UL>
<BR>[Calls]<UL><LI><a href="#[6f]">&gt;&gt;</a>&nbsp;&nbsp;&nbsp;cpu_delay_ms
<LI><a href="#[89]">&gt;&gt;</a>&nbsp;&nbsp;&nbsp;usart1_read_data
<LI><a href="#[6a]">&gt;&gt;</a>&nbsp;&nbsp;&nbsp;usart1_data_available
</UL>
<BR>[Called By]<UL><LI><a href="#[cc]">&gt;&gt;</a>&nbsp;&nbsp;&nbsp;send_lora_cmd
</UL>

<P><STRONG><a name="[93]"></a>LoRa_SendData_Direct</STRONG> (Thumb, 248 bytes, Stack size 48 bytes, mwcc68_app.o(.text.LoRa_SendData_Direct))
<BR><BR>[Stack]<UL><LI>Max Depth = 72<LI>Call Chain = LoRa_SendData_Direct &rArr; printf
</UL>
<BR>[Calls]<UL><LI><a href="#[87]">&gt;&gt;</a>&nbsp;&nbsp;&nbsp;usart_flag_get
<LI><a href="#[88]">&gt;&gt;</a>&nbsp;&nbsp;&nbsp;usart_data_transmit
<LI><a href="#[6d]">&gt;&gt;</a>&nbsp;&nbsp;&nbsp;printf
</UL>
<BR>[Called By]<UL><LI><a href="#[cc]">&gt;&gt;</a>&nbsp;&nbsp;&nbsp;send_lora_cmd
</UL>

<P><STRONG><a name="[8a]"></a>LoRa_SetAddr</STRONG> (Thumb, 192 bytes, Stack size 48 bytes, mwcc68_app.o(.text.LoRa_SetAddr))
<BR><BR>[Stack]<UL><LI>Max Depth = 244<LI>Call Chain = LoRa_SetAddr &rArr; CheckReplyOK &rArr; usart1_peek_data
</UL>
<BR>[Calls]<UL><LI><a href="#[87]">&gt;&gt;</a>&nbsp;&nbsp;&nbsp;usart_flag_get
<LI><a href="#[88]">&gt;&gt;</a>&nbsp;&nbsp;&nbsp;usart_data_transmit
<LI><a href="#[94]">&gt;&gt;</a>&nbsp;&nbsp;&nbsp;sprintf
<LI><a href="#[6d]">&gt;&gt;</a>&nbsp;&nbsp;&nbsp;printf
<LI><a href="#[6e]">&gt;&gt;</a>&nbsp;&nbsp;&nbsp;usart1_clear_buffer
<LI><a href="#[69]">&gt;&gt;</a>&nbsp;&nbsp;&nbsp;CheckReplyOK
</UL>
<BR>[Called By]<UL><LI><a href="#[77]">&gt;&gt;</a>&nbsp;&nbsp;&nbsp;LoRa_Init
</UL>

<P><STRONG><a name="[91]"></a>LoRa_SetBps</STRONG> (Thumb, 188 bytes, Stack size 48 bytes, mwcc68_app.o(.text.LoRa_SetBps))
<BR><BR>[Stack]<UL><LI>Max Depth = 244<LI>Call Chain = LoRa_SetBps &rArr; CheckReplyOK &rArr; usart1_peek_data
</UL>
<BR>[Calls]<UL><LI><a href="#[87]">&gt;&gt;</a>&nbsp;&nbsp;&nbsp;usart_flag_get
<LI><a href="#[88]">&gt;&gt;</a>&nbsp;&nbsp;&nbsp;usart_data_transmit
<LI><a href="#[94]">&gt;&gt;</a>&nbsp;&nbsp;&nbsp;sprintf
<LI><a href="#[6d]">&gt;&gt;</a>&nbsp;&nbsp;&nbsp;printf
<LI><a href="#[6e]">&gt;&gt;</a>&nbsp;&nbsp;&nbsp;usart1_clear_buffer
<LI><a href="#[69]">&gt;&gt;</a>&nbsp;&nbsp;&nbsp;CheckReplyOK
</UL>
<BR>[Called By]<UL><LI><a href="#[77]">&gt;&gt;</a>&nbsp;&nbsp;&nbsp;LoRa_Init
</UL>

<P><STRONG><a name="[8c]"></a>LoRa_SetChn</STRONG> (Thumb, 188 bytes, Stack size 48 bytes, mwcc68_app.o(.text.LoRa_SetChn))
<BR><BR>[Stack]<UL><LI>Max Depth = 244<LI>Call Chain = LoRa_SetChn &rArr; CheckReplyOK &rArr; usart1_peek_data
</UL>
<BR>[Calls]<UL><LI><a href="#[87]">&gt;&gt;</a>&nbsp;&nbsp;&nbsp;usart_flag_get
<LI><a href="#[88]">&gt;&gt;</a>&nbsp;&nbsp;&nbsp;usart_data_transmit
<LI><a href="#[94]">&gt;&gt;</a>&nbsp;&nbsp;&nbsp;sprintf
<LI><a href="#[6d]">&gt;&gt;</a>&nbsp;&nbsp;&nbsp;printf
<LI><a href="#[6e]">&gt;&gt;</a>&nbsp;&nbsp;&nbsp;usart1_clear_buffer
<LI><a href="#[69]">&gt;&gt;</a>&nbsp;&nbsp;&nbsp;CheckReplyOK
</UL>
<BR>[Called By]<UL><LI><a href="#[77]">&gt;&gt;</a>&nbsp;&nbsp;&nbsp;LoRa_Init
</UL>

<P><STRONG><a name="[8b]"></a>LoRa_SetNetid</STRONG> (Thumb, 188 bytes, Stack size 48 bytes, mwcc68_app.o(.text.LoRa_SetNetid))
<BR><BR>[Stack]<UL><LI>Max Depth = 244<LI>Call Chain = LoRa_SetNetid &rArr; CheckReplyOK &rArr; usart1_peek_data
</UL>
<BR>[Calls]<UL><LI><a href="#[87]">&gt;&gt;</a>&nbsp;&nbsp;&nbsp;usart_flag_get
<LI><a href="#[88]">&gt;&gt;</a>&nbsp;&nbsp;&nbsp;usart_data_transmit
<LI><a href="#[94]">&gt;&gt;</a>&nbsp;&nbsp;&nbsp;sprintf
<LI><a href="#[6d]">&gt;&gt;</a>&nbsp;&nbsp;&nbsp;printf
<LI><a href="#[6e]">&gt;&gt;</a>&nbsp;&nbsp;&nbsp;usart1_clear_buffer
<LI><a href="#[69]">&gt;&gt;</a>&nbsp;&nbsp;&nbsp;CheckReplyOK
</UL>
<BR>[Called By]<UL><LI><a href="#[77]">&gt;&gt;</a>&nbsp;&nbsp;&nbsp;LoRa_Init
</UL>

<P><STRONG><a name="[8d]"></a>LoRa_SetPacksize</STRONG> (Thumb, 192 bytes, Stack size 48 bytes, mwcc68_app.o(.text.LoRa_SetPacksize))
<BR><BR>[Stack]<UL><LI>Max Depth = 244<LI>Call Chain = LoRa_SetPacksize &rArr; CheckReplyOK &rArr; usart1_peek_data
</UL>
<BR>[Calls]<UL><LI><a href="#[87]">&gt;&gt;</a>&nbsp;&nbsp;&nbsp;usart_flag_get
<LI><a href="#[88]">&gt;&gt;</a>&nbsp;&nbsp;&nbsp;usart_data_transmit
<LI><a href="#[94]">&gt;&gt;</a>&nbsp;&nbsp;&nbsp;sprintf
<LI><a href="#[6d]">&gt;&gt;</a>&nbsp;&nbsp;&nbsp;printf
<LI><a href="#[6e]">&gt;&gt;</a>&nbsp;&nbsp;&nbsp;usart1_clear_buffer
<LI><a href="#[69]">&gt;&gt;</a>&nbsp;&nbsp;&nbsp;CheckReplyOK
</UL>
<BR>[Called By]<UL><LI><a href="#[77]">&gt;&gt;</a>&nbsp;&nbsp;&nbsp;LoRa_Init
</UL>

<P><STRONG><a name="[90]"></a>LoRa_SetPower</STRONG> (Thumb, 188 bytes, Stack size 48 bytes, mwcc68_app.o(.text.LoRa_SetPower))
<BR><BR>[Stack]<UL><LI>Max Depth = 244<LI>Call Chain = LoRa_SetPower &rArr; CheckReplyOK &rArr; usart1_peek_data
</UL>
<BR>[Calls]<UL><LI><a href="#[87]">&gt;&gt;</a>&nbsp;&nbsp;&nbsp;usart_flag_get
<LI><a href="#[88]">&gt;&gt;</a>&nbsp;&nbsp;&nbsp;usart_data_transmit
<LI><a href="#[94]">&gt;&gt;</a>&nbsp;&nbsp;&nbsp;sprintf
<LI><a href="#[6d]">&gt;&gt;</a>&nbsp;&nbsp;&nbsp;printf
<LI><a href="#[6e]">&gt;&gt;</a>&nbsp;&nbsp;&nbsp;usart1_clear_buffer
<LI><a href="#[69]">&gt;&gt;</a>&nbsp;&nbsp;&nbsp;CheckReplyOK
</UL>
<BR>[Called By]<UL><LI><a href="#[77]">&gt;&gt;</a>&nbsp;&nbsp;&nbsp;LoRa_Init
</UL>

<P><STRONG><a name="[8f]"></a>LoRa_SetTmode</STRONG> (Thumb, 188 bytes, Stack size 48 bytes, mwcc68_app.o(.text.LoRa_SetTmode))
<BR><BR>[Stack]<UL><LI>Max Depth = 244<LI>Call Chain = LoRa_SetTmode &rArr; CheckReplyOK &rArr; usart1_peek_data
</UL>
<BR>[Calls]<UL><LI><a href="#[87]">&gt;&gt;</a>&nbsp;&nbsp;&nbsp;usart_flag_get
<LI><a href="#[88]">&gt;&gt;</a>&nbsp;&nbsp;&nbsp;usart_data_transmit
<LI><a href="#[94]">&gt;&gt;</a>&nbsp;&nbsp;&nbsp;sprintf
<LI><a href="#[6d]">&gt;&gt;</a>&nbsp;&nbsp;&nbsp;printf
<LI><a href="#[6e]">&gt;&gt;</a>&nbsp;&nbsp;&nbsp;usart1_clear_buffer
<LI><a href="#[69]">&gt;&gt;</a>&nbsp;&nbsp;&nbsp;CheckReplyOK
</UL>
<BR>[Called By]<UL><LI><a href="#[77]">&gt;&gt;</a>&nbsp;&nbsp;&nbsp;LoRa_Init
</UL>

<P><STRONG><a name="[8e]"></a>LoRa_SetWlrate</STRONG> (Thumb, 192 bytes, Stack size 48 bytes, mwcc68_app.o(.text.LoRa_SetWlrate))
<BR><BR>[Stack]<UL><LI>Max Depth = 244<LI>Call Chain = LoRa_SetWlrate &rArr; CheckReplyOK &rArr; usart1_peek_data
</UL>
<BR>[Calls]<UL><LI><a href="#[87]">&gt;&gt;</a>&nbsp;&nbsp;&nbsp;usart_flag_get
<LI><a href="#[88]">&gt;&gt;</a>&nbsp;&nbsp;&nbsp;usart_data_transmit
<LI><a href="#[94]">&gt;&gt;</a>&nbsp;&nbsp;&nbsp;sprintf
<LI><a href="#[6d]">&gt;&gt;</a>&nbsp;&nbsp;&nbsp;printf
<LI><a href="#[6e]">&gt;&gt;</a>&nbsp;&nbsp;&nbsp;usart1_clear_buffer
<LI><a href="#[69]">&gt;&gt;</a>&nbsp;&nbsp;&nbsp;CheckReplyOK
</UL>
<BR>[Called By]<UL><LI><a href="#[77]">&gt;&gt;</a>&nbsp;&nbsp;&nbsp;LoRa_Init
</UL>

<P><STRONG><a name="[76]"></a>LoRa_WaitAuxHigh</STRONG> (Thumb, 88 bytes, Stack size 16 bytes, mwcc68_app.o(.text.LoRa_WaitAuxHigh))
<BR><BR>[Stack]<UL><LI>Max Depth = 40<LI>Call Chain = LoRa_WaitAuxHigh &rArr; printf
</UL>
<BR>[Calls]<UL><LI><a href="#[95]">&gt;&gt;</a>&nbsp;&nbsp;&nbsp;gpio_input_bit_get
<LI><a href="#[6f]">&gt;&gt;</a>&nbsp;&nbsp;&nbsp;cpu_delay_ms
<LI><a href="#[6d]">&gt;&gt;</a>&nbsp;&nbsp;&nbsp;printf
</UL>
<BR>[Called By]<UL><LI><a href="#[74]">&gt;&gt;</a>&nbsp;&nbsp;&nbsp;LoRa_ExitConfigMode
</UL>

<P><STRONG><a name="[1]"></a>NMI_Handler</STRONG> (Thumb, 2 bytes, Stack size 0 bytes, gd32l23x_it.o(.text.NMI_Handler))
<BR>[Address Reference Count : 1]<UL><LI> startup_gd32l23x.o(RESET)
</UL>
<P><STRONG><a name="[4]"></a>PendSV_Handler</STRONG> (Thumb, 64 bytes, Stack size 0 bytes, portasm.o(.text.PendSV_Handler))
<BR><BR>[Stack]<UL><LI>Max Depth = 8<LI>Call Chain = PendSV_Handler &rArr; vTaskSwitchContext
</UL>
<BR>[Calls]<UL><LI><a href="#[4c]">&gt;&gt;</a>&nbsp;&nbsp;&nbsp;vTaskSwitchContext
</UL>
<BR>[Address Reference Count : 2]<UL><LI> startup_gd32l23x.o(RESET)
<LI> port.o(.text.xPortStartScheduler)
</UL>
<P><STRONG><a name="[3]"></a>SVC_Handler</STRONG> (Thumb, 24 bytes, Stack size 0 bytes, portasm.o(.text.SVC_Handler))
<BR>[Address Reference Count : 2]<UL><LI> startup_gd32l23x.o(RESET)
<LI> port.o(.text.xPortStartScheduler)
</UL>
<P><STRONG><a name="[5]"></a>SysTick_Handler</STRONG> (Thumb, 40 bytes, Stack size 16 bytes, port.o(.text.SysTick_Handler))
<BR><BR>[Stack]<UL><LI>Max Depth = 56<LI>Call Chain = SysTick_Handler &rArr; xTaskIncrementTick
</UL>
<BR>[Calls]<UL><LI><a href="#[98]">&gt;&gt;</a>&nbsp;&nbsp;&nbsp;vClearInterruptMask
<LI><a href="#[96]">&gt;&gt;</a>&nbsp;&nbsp;&nbsp;ulSetInterruptMask
<LI><a href="#[97]">&gt;&gt;</a>&nbsp;&nbsp;&nbsp;xTaskIncrementTick
</UL>
<BR>[Address Reference Count : 1]<UL><LI> startup_gd32l23x.o(RESET)
</UL>
<P><STRONG><a name="[41]"></a>SystemInit</STRONG> (Thumb, 116 bytes, Stack size 16 bytes, system_gd32l23x.o(.text.SystemInit))
<BR><BR>[Stack]<UL><LI>Max Depth = 48<LI>Call Chain = SystemInit &rArr; system_clock_config &rArr; system_clock_64m_hxtal
</UL>
<BR>[Calls]<UL><LI><a href="#[9a]">&gt;&gt;</a>&nbsp;&nbsp;&nbsp;nvic_vector_table_set
<LI><a href="#[99]">&gt;&gt;</a>&nbsp;&nbsp;&nbsp;system_clock_config
</UL>
<BR>[Address Reference Count : 1]<UL><LI> startup_gd32l23x.o(.text)
</UL>
<P><STRONG><a name="[21]"></a>USART0_IRQHandler</STRONG> (Thumb, 76 bytes, Stack size 16 bytes, mwcc68_uart.o(.text.USART0_IRQHandler))
<BR><BR>[Stack]<UL><LI>Max Depth = 44<LI>Call Chain = USART0_IRQHandler &rArr; usart_interrupt_flag_get
</UL>
<BR>[Calls]<UL><LI><a href="#[9d]">&gt;&gt;</a>&nbsp;&nbsp;&nbsp;usart_interrupt_flag_clear
<LI><a href="#[9b]">&gt;&gt;</a>&nbsp;&nbsp;&nbsp;usart_interrupt_flag_get
<LI><a href="#[9c]">&gt;&gt;</a>&nbsp;&nbsp;&nbsp;usart_data_receive
</UL>
<BR>[Address Reference Count : 1]<UL><LI> startup_gd32l23x.o(RESET)
</UL>
<P><STRONG><a name="[22]"></a>USART1_IRQHandler</STRONG> (Thumb, 104 bytes, Stack size 16 bytes, mwcc68_uart.o(.text.USART1_IRQHandler))
<BR><BR>[Stack]<UL><LI>Max Depth = 44<LI>Call Chain = USART1_IRQHandler &rArr; usart_interrupt_flag_get
</UL>
<BR>[Calls]<UL><LI><a href="#[9d]">&gt;&gt;</a>&nbsp;&nbsp;&nbsp;usart_interrupt_flag_clear
<LI><a href="#[9b]">&gt;&gt;</a>&nbsp;&nbsp;&nbsp;usart_interrupt_flag_get
<LI><a href="#[9e]">&gt;&gt;</a>&nbsp;&nbsp;&nbsp;usart_flag_clear
<LI><a href="#[87]">&gt;&gt;</a>&nbsp;&nbsp;&nbsp;usart_flag_get
<LI><a href="#[9c]">&gt;&gt;</a>&nbsp;&nbsp;&nbsp;usart_data_receive
</UL>
<BR>[Address Reference Count : 1]<UL><LI> startup_gd32l23x.o(RESET)
</UL>
<P><STRONG><a name="[86]"></a>User_GpioInit</STRONG> (Thumb, 124 bytes, Stack size 32 bytes, mwcc68_app.o(.text.User_GpioInit))
<BR><BR>[Stack]<UL><LI>Max Depth = 80<LI>Call Chain = User_GpioInit &rArr; nvic_irq_enable &rArr; __NVIC_SetPriority
</UL>
<BR>[Calls]<UL><LI><a href="#[a1]">&gt;&gt;</a>&nbsp;&nbsp;&nbsp;exti_interrupt_enable
<LI><a href="#[a0]">&gt;&gt;</a>&nbsp;&nbsp;&nbsp;exti_init
<LI><a href="#[78]">&gt;&gt;</a>&nbsp;&nbsp;&nbsp;rcu_periph_clock_enable
<LI><a href="#[84]">&gt;&gt;</a>&nbsp;&nbsp;&nbsp;nvic_irq_enable
<LI><a href="#[7b]">&gt;&gt;</a>&nbsp;&nbsp;&nbsp;gpio_output_options_set
<LI><a href="#[7a]">&gt;&gt;</a>&nbsp;&nbsp;&nbsp;gpio_mode_set
<LI><a href="#[71]">&gt;&gt;</a>&nbsp;&nbsp;&nbsp;exti_interrupt_flag_clear
<LI><a href="#[9f]">&gt;&gt;</a>&nbsp;&nbsp;&nbsp;syscfg_exti_line_config
</UL>
<BR>[Called By]<UL><LI><a href="#[77]">&gt;&gt;</a>&nbsp;&nbsp;&nbsp;LoRa_Init
</UL>

<P><STRONG><a name="[a2]"></a>chaos_decrypt_block</STRONG> (Thumb, 28 bytes, Stack size 24 bytes, chaos_encrypt.o(.text.chaos_decrypt_block))
<BR><BR>[Stack]<UL><LI>Max Depth = 300<LI>Call Chain = chaos_decrypt_block &rArr; chaos_encrypt_block &rArr; chaos_next_byte &rArr; chaos_generate_key_stream &rArr; chaos_generate_byte &rArr; chaos_iterate &rArr; sinf &rArr; __mathlib_rredf2 &rArr; __aeabi_fadd &rArr; _float_epilogue
</UL>
<BR>[Calls]<UL><LI><a href="#[a3]">&gt;&gt;</a>&nbsp;&nbsp;&nbsp;chaos_encrypt_block
</UL>
<BR>[Called By]<UL><LI><a href="#[a4]">&gt;&gt;</a>&nbsp;&nbsp;&nbsp;chaos_decrypt_packet
</UL>

<P><STRONG><a name="[a4]"></a>chaos_decrypt_packet</STRONG> (Thumb, 98 bytes, Stack size 32 bytes, chaos_encrypt.o(.text.chaos_decrypt_packet))
<BR><BR>[Stack]<UL><LI>Max Depth = 588<LI>Call Chain = chaos_decrypt_packet &rArr; chaos_unscramble &rArr; chaos_next_byte &rArr; chaos_generate_key_stream &rArr; chaos_generate_byte &rArr; chaos_iterate &rArr; sinf &rArr; __mathlib_rredf2 &rArr; __aeabi_fadd &rArr; _float_epilogue
</UL>
<BR>[Calls]<UL><LI><a href="#[a2]">&gt;&gt;</a>&nbsp;&nbsp;&nbsp;chaos_decrypt_block
<LI><a href="#[a5]">&gt;&gt;</a>&nbsp;&nbsp;&nbsp;chaos_sync_from_code
<LI><a href="#[a7]">&gt;&gt;</a>&nbsp;&nbsp;&nbsp;chaos_unscramble
<LI><a href="#[a6]">&gt;&gt;</a>&nbsp;&nbsp;&nbsp;__aeabi_memcpy
</UL>
<BR>[Called By]<UL><LI><a href="#[46]">&gt;&gt;</a>&nbsp;&nbsp;&nbsp;master_recv_task
</UL>

<P><STRONG><a name="[a3]"></a>chaos_encrypt_block</STRONG> (Thumb, 82 bytes, Stack size 24 bytes, chaos_encrypt.o(.text.chaos_encrypt_block))
<BR><BR>[Stack]<UL><LI>Max Depth = 276<LI>Call Chain = chaos_encrypt_block &rArr; chaos_next_byte &rArr; chaos_generate_key_stream &rArr; chaos_generate_byte &rArr; chaos_iterate &rArr; sinf &rArr; __mathlib_rredf2 &rArr; __aeabi_fadd &rArr; _float_epilogue
</UL>
<BR>[Calls]<UL><LI><a href="#[a8]">&gt;&gt;</a>&nbsp;&nbsp;&nbsp;chaos_next_byte
</UL>
<BR>[Called By]<UL><LI><a href="#[a9]">&gt;&gt;</a>&nbsp;&nbsp;&nbsp;chaos_encrypt_packet
<LI><a href="#[a2]">&gt;&gt;</a>&nbsp;&nbsp;&nbsp;chaos_decrypt_block
</UL>

<P><STRONG><a name="[a9]"></a>chaos_encrypt_packet</STRONG> (Thumb, 110 bytes, Stack size 32 bytes, chaos_encrypt.o(.text.chaos_encrypt_packet))
<BR><BR>[Stack]<UL><LI>Max Depth = 316<LI>Call Chain = chaos_encrypt_packet &rArr; chaos_scramble &rArr; chaos_next_byte &rArr; chaos_generate_key_stream &rArr; chaos_generate_byte &rArr; chaos_iterate &rArr; sinf &rArr; __mathlib_rredf2 &rArr; __aeabi_fadd &rArr; _float_epilogue
</UL>
<BR>[Calls]<UL><LI><a href="#[a3]">&gt;&gt;</a>&nbsp;&nbsp;&nbsp;chaos_encrypt_block
<LI><a href="#[aa]">&gt;&gt;</a>&nbsp;&nbsp;&nbsp;chaos_get_sync_code
<LI><a href="#[ab]">&gt;&gt;</a>&nbsp;&nbsp;&nbsp;chaos_scramble
<LI><a href="#[a6]">&gt;&gt;</a>&nbsp;&nbsp;&nbsp;__aeabi_memcpy
</UL>
<BR>[Called By]<UL><LI><a href="#[cc]">&gt;&gt;</a>&nbsp;&nbsp;&nbsp;send_lora_cmd
</UL>

<P><STRONG><a name="[aa]"></a>chaos_get_sync_code</STRONG> (Thumb, 72 bytes, Stack size 24 bytes, chaos_encrypt.o(.text.chaos_get_sync_code))
<BR><BR>[Stack]<UL><LI>Max Depth = 40<LI>Call Chain = chaos_get_sync_code &rArr; __aeabi_fmul
</UL>
<BR>[Calls]<UL><LI><a href="#[b0]">&gt;&gt;</a>&nbsp;&nbsp;&nbsp;__aeabi_f2uiz
<LI><a href="#[af]">&gt;&gt;</a>&nbsp;&nbsp;&nbsp;__aeabi_fmul
</UL>
<BR>[Called By]<UL><LI><a href="#[a9]">&gt;&gt;</a>&nbsp;&nbsp;&nbsp;chaos_encrypt_packet
</UL>

<P><STRONG><a name="[b1]"></a>chaos_init</STRONG> (Thumb, 120 bytes, Stack size 32 bytes, chaos_encrypt.o(.text.chaos_init))
<BR><BR>[Stack]<UL><LI>Max Depth = 268<LI>Call Chain = chaos_init &rArr; chaos_generate_key_stream &rArr; chaos_generate_byte &rArr; chaos_iterate &rArr; sinf &rArr; __mathlib_rredf2 &rArr; __aeabi_fadd &rArr; _float_epilogue
</UL>
<BR>[Calls]<UL><LI><a href="#[52]">&gt;&gt;</a>&nbsp;&nbsp;&nbsp;__aeabi_fadd
<LI><a href="#[af]">&gt;&gt;</a>&nbsp;&nbsp;&nbsp;__aeabi_fmul
<LI><a href="#[57]">&gt;&gt;</a>&nbsp;&nbsp;&nbsp;__aeabi_fdiv
<LI><a href="#[58]">&gt;&gt;</a>&nbsp;&nbsp;&nbsp;__aeabi_ui2f
<LI><a href="#[ae]">&gt;&gt;</a>&nbsp;&nbsp;&nbsp;chaos_generate_key_stream
<LI><a href="#[ac]">&gt;&gt;</a>&nbsp;&nbsp;&nbsp;chaos_generate_byte
</UL>
<BR>[Called By]<UL><LI><a href="#[40]">&gt;&gt;</a>&nbsp;&nbsp;&nbsp;main
</UL>

<P><STRONG><a name="[a5]"></a>chaos_sync_from_code</STRONG> (Thumb, 116 bytes, Stack size 32 bytes, chaos_encrypt.o(.text.chaos_sync_from_code))
<BR><BR>[Stack]<UL><LI>Max Depth = 268<LI>Call Chain = chaos_sync_from_code &rArr; chaos_generate_key_stream &rArr; chaos_generate_byte &rArr; chaos_iterate &rArr; sinf &rArr; __mathlib_rredf2 &rArr; __aeabi_fadd &rArr; _float_epilogue
</UL>
<BR>[Calls]<UL><LI><a href="#[b5]">&gt;&gt;</a>&nbsp;&nbsp;&nbsp;__aeabi_fcmpge
<LI><a href="#[b4]">&gt;&gt;</a>&nbsp;&nbsp;&nbsp;__aeabi_fcmple
<LI><a href="#[57]">&gt;&gt;</a>&nbsp;&nbsp;&nbsp;__aeabi_fdiv
<LI><a href="#[58]">&gt;&gt;</a>&nbsp;&nbsp;&nbsp;__aeabi_ui2f
<LI><a href="#[ae]">&gt;&gt;</a>&nbsp;&nbsp;&nbsp;chaos_generate_key_stream
</UL>
<BR>[Called By]<UL><LI><a href="#[a4]">&gt;&gt;</a>&nbsp;&nbsp;&nbsp;chaos_decrypt_packet
</UL>

<P><STRONG><a name="[6f]"></a>cpu_delay_ms</STRONG> (Thumb, 76 bytes, Stack size 4 bytes, systick.o(.text.cpu_delay_ms))
<BR><BR>[Stack]<UL><LI>Max Depth = 4<LI>Call Chain = cpu_delay_ms
</UL>
<BR>[Called By]<UL><LI><a href="#[77]">&gt;&gt;</a>&nbsp;&nbsp;&nbsp;LoRa_Init
<LI><a href="#[92]">&gt;&gt;</a>&nbsp;&nbsp;&nbsp;LoRa_ReceiveData
<LI><a href="#[69]">&gt;&gt;</a>&nbsp;&nbsp;&nbsp;CheckReplyOK
<LI><a href="#[72]">&gt;&gt;</a>&nbsp;&nbsp;&nbsp;LoRa_EnterConfigMode
<LI><a href="#[76]">&gt;&gt;</a>&nbsp;&nbsp;&nbsp;LoRa_WaitAuxHigh
</UL>

<P><STRONG><a name="[117]"></a>eTaskConfirmSleepModeStatus</STRONG> (Thumb, 100 bytes, Stack size 8 bytes, tasks.o(.text.eTaskConfirmSleepModeStatus))
<BR><BR>[Stack]<UL><LI>Max Depth = 8<LI>Call Chain = eTaskConfirmSleepModeStatus
</UL>
<BR>[Called By]<UL><LI><a href="#[fb]">&gt;&gt;</a>&nbsp;&nbsp;&nbsp;vPortSuppressTicksAndSleep
</UL>

<P><STRONG><a name="[a0]"></a>exti_init</STRONG> (Thumb, 208 bytes, Stack size 20 bytes, gd32l23x_exti.o(.text.exti_init))
<BR><BR>[Stack]<UL><LI>Max Depth = 20<LI>Call Chain = exti_init
</UL>
<BR>[Called By]<UL><LI><a href="#[86]">&gt;&gt;</a>&nbsp;&nbsp;&nbsp;User_GpioInit
</UL>

<P><STRONG><a name="[a1]"></a>exti_interrupt_enable</STRONG> (Thumb, 20 bytes, Stack size 4 bytes, gd32l23x_exti.o(.text.exti_interrupt_enable))
<BR><BR>[Stack]<UL><LI>Max Depth = 4<LI>Call Chain = exti_interrupt_enable
</UL>
<BR>[Called By]<UL><LI><a href="#[86]">&gt;&gt;</a>&nbsp;&nbsp;&nbsp;User_GpioInit
</UL>

<P><STRONG><a name="[71]"></a>exti_interrupt_flag_clear</STRONG> (Thumb, 16 bytes, Stack size 4 bytes, gd32l23x_exti.o(.text.exti_interrupt_flag_clear))
<BR><BR>[Stack]<UL><LI>Max Depth = 4<LI>Call Chain = exti_interrupt_flag_clear
</UL>
<BR>[Called By]<UL><LI><a href="#[30]">&gt;&gt;</a>&nbsp;&nbsp;&nbsp;EXTI5_9_IRQHandler
<LI><a href="#[86]">&gt;&gt;</a>&nbsp;&nbsp;&nbsp;User_GpioInit
</UL>

<P><STRONG><a name="[70]"></a>exti_interrupt_flag_get</STRONG> (Thumb, 60 bytes, Stack size 16 bytes, gd32l23x_exti.o(.text.exti_interrupt_flag_get))
<BR><BR>[Stack]<UL><LI>Max Depth = 16<LI>Call Chain = exti_interrupt_flag_get
</UL>
<BR>[Called By]<UL><LI><a href="#[30]">&gt;&gt;</a>&nbsp;&nbsp;&nbsp;EXTI5_9_IRQHandler
</UL>

<P><STRONG><a name="[b9]"></a>fmc_lock</STRONG> (Thumb, 12 bytes, Stack size 0 bytes, gd32l23x_fmc.o(.text.fmc_lock))
<BR><BR>[Called By]<UL><LI><a href="#[ba]">&gt;&gt;</a>&nbsp;&nbsp;&nbsp;flash_write_bytes
<LI><a href="#[b6]">&gt;&gt;</a>&nbsp;&nbsp;&nbsp;flash_page_align_erase
</UL>

<P><STRONG><a name="[b8]"></a>fmc_page_erase</STRONG> (Thumb, 88 bytes, Stack size 24 bytes, gd32l23x_fmc.o(.text.fmc_page_erase))
<BR><BR>[Stack]<UL><LI>Max Depth = 52<LI>Call Chain = fmc_page_erase &rArr; fmc_ready_wait &rArr; fmc_state_get
</UL>
<BR>[Calls]<UL><LI><a href="#[bc]">&gt;&gt;</a>&nbsp;&nbsp;&nbsp;fmc_ready_wait
</UL>
<BR>[Called By]<UL><LI><a href="#[b6]">&gt;&gt;</a>&nbsp;&nbsp;&nbsp;flash_page_align_erase
</UL>

<P><STRONG><a name="[b7]"></a>fmc_unlock</STRONG> (Thumb, 28 bytes, Stack size 0 bytes, gd32l23x_fmc.o(.text.fmc_unlock))
<BR><BR>[Called By]<UL><LI><a href="#[ba]">&gt;&gt;</a>&nbsp;&nbsp;&nbsp;flash_write_bytes
<LI><a href="#[b6]">&gt;&gt;</a>&nbsp;&nbsp;&nbsp;flash_page_align_erase
</UL>

<P><STRONG><a name="[bb]"></a>fmc_word_program</STRONG> (Thumb, 80 bytes, Stack size 32 bytes, gd32l23x_fmc.o(.text.fmc_word_program))
<BR><BR>[Stack]<UL><LI>Max Depth = 60<LI>Call Chain = fmc_word_program &rArr; fmc_ready_wait &rArr; fmc_state_get
</UL>
<BR>[Calls]<UL><LI><a href="#[bc]">&gt;&gt;</a>&nbsp;&nbsp;&nbsp;fmc_ready_wait
</UL>
<BR>[Called By]<UL><LI><a href="#[ba]">&gt;&gt;</a>&nbsp;&nbsp;&nbsp;flash_write_bytes
</UL>

<P><STRONG><a name="[4a]"></a>fputc</STRONG> (Thumb, 40 bytes, Stack size 16 bytes, mwcc68_uart.o(.text.fputc))
<BR><BR>[Stack]<UL><LI>Max Depth = 32<LI>Call Chain = fputc &rArr; usart_flag_get
</UL>
<BR>[Calls]<UL><LI><a href="#[87]">&gt;&gt;</a>&nbsp;&nbsp;&nbsp;usart_flag_get
<LI><a href="#[88]">&gt;&gt;</a>&nbsp;&nbsp;&nbsp;usart_data_transmit
</UL>
<BR>[Address Reference Count : 2]<UL><LI> printfa.o(i.__0printf)
<LI> printfa.o(i.__0vprintf)
</UL>
<P><STRONG><a name="[be]"></a>gd_eval_led_init</STRONG> (Thumb, 96 bytes, Stack size 32 bytes, gd32l233r_eval.o(.text.gd_eval_led_init))
<BR><BR>[Stack]<UL><LI>Max Depth = 64<LI>Call Chain = gd_eval_led_init &rArr; gpio_output_options_set
</UL>
<BR>[Calls]<UL><LI><a href="#[78]">&gt;&gt;</a>&nbsp;&nbsp;&nbsp;rcu_periph_clock_enable
<LI><a href="#[7b]">&gt;&gt;</a>&nbsp;&nbsp;&nbsp;gpio_output_options_set
<LI><a href="#[7a]">&gt;&gt;</a>&nbsp;&nbsp;&nbsp;gpio_mode_set
</UL>
<BR>[Called By]<UL><LI><a href="#[40]">&gt;&gt;</a>&nbsp;&nbsp;&nbsp;main
</UL>

<P><STRONG><a name="[79]"></a>gpio_af_set</STRONG> (Thumb, 192 bytes, Stack size 24 bytes, gd32l23x_gpio.o(.text.gpio_af_set))
<BR><BR>[Stack]<UL><LI>Max Depth = 24<LI>Call Chain = gpio_af_set
</UL>
<BR>[Called By]<UL><LI><a href="#[77]">&gt;&gt;</a>&nbsp;&nbsp;&nbsp;LoRa_Init
<LI><a href="#[c6]">&gt;&gt;</a>&nbsp;&nbsp;&nbsp;usart0_init
</UL>

<P><STRONG><a name="[75]"></a>gpio_bit_reset</STRONG> (Thumb, 16 bytes, Stack size 8 bytes, gd32l23x_gpio.o(.text.gpio_bit_reset))
<BR><BR>[Stack]<UL><LI>Max Depth = 8<LI>Call Chain = gpio_bit_reset
</UL>
<BR>[Called By]<UL><LI><a href="#[74]">&gt;&gt;</a>&nbsp;&nbsp;&nbsp;LoRa_ExitConfigMode
</UL>

<P><STRONG><a name="[73]"></a>gpio_bit_set</STRONG> (Thumb, 16 bytes, Stack size 8 bytes, gd32l23x_gpio.o(.text.gpio_bit_set))
<BR><BR>[Stack]<UL><LI>Max Depth = 8<LI>Call Chain = gpio_bit_set
</UL>
<BR>[Called By]<UL><LI><a href="#[72]">&gt;&gt;</a>&nbsp;&nbsp;&nbsp;LoRa_EnterConfigMode
</UL>

<P><STRONG><a name="[95]"></a>gpio_input_bit_get</STRONG> (Thumb, 42 bytes, Stack size 12 bytes, gd32l23x_gpio.o(.text.gpio_input_bit_get))
<BR><BR>[Stack]<UL><LI>Max Depth = 12<LI>Call Chain = gpio_input_bit_get
</UL>
<BR>[Called By]<UL><LI><a href="#[76]">&gt;&gt;</a>&nbsp;&nbsp;&nbsp;LoRa_WaitAuxHigh
</UL>

<P><STRONG><a name="[7a]"></a>gpio_mode_set</STRONG> (Thumb, 142 bytes, Stack size 28 bytes, gd32l23x_gpio.o(.text.gpio_mode_set))
<BR><BR>[Stack]<UL><LI>Max Depth = 28<LI>Call Chain = gpio_mode_set
</UL>
<BR>[Called By]<UL><LI><a href="#[77]">&gt;&gt;</a>&nbsp;&nbsp;&nbsp;LoRa_Init
<LI><a href="#[c6]">&gt;&gt;</a>&nbsp;&nbsp;&nbsp;usart0_init
<LI><a href="#[be]">&gt;&gt;</a>&nbsp;&nbsp;&nbsp;gd_eval_led_init
<LI><a href="#[86]">&gt;&gt;</a>&nbsp;&nbsp;&nbsp;User_GpioInit
</UL>

<P><STRONG><a name="[7b]"></a>gpio_output_options_set</STRONG> (Thumb, 138 bytes, Stack size 32 bytes, gd32l23x_gpio.o(.text.gpio_output_options_set))
<BR><BR>[Stack]<UL><LI>Max Depth = 32<LI>Call Chain = gpio_output_options_set
</UL>
<BR>[Called By]<UL><LI><a href="#[77]">&gt;&gt;</a>&nbsp;&nbsp;&nbsp;LoRa_Init
<LI><a href="#[c6]">&gt;&gt;</a>&nbsp;&nbsp;&nbsp;usart0_init
<LI><a href="#[be]">&gt;&gt;</a>&nbsp;&nbsp;&nbsp;gd_eval_led_init
<LI><a href="#[86]">&gt;&gt;</a>&nbsp;&nbsp;&nbsp;User_GpioInit
</UL>

<P><STRONG><a name="[bf]"></a>log_debug</STRONG> (Thumb, 40 bytes, Stack size 32 bytes, log.o(.text.log_debug))
<BR><BR>[Stack]<UL><LI>Max Depth = 120<LI>Call Chain = log_debug &rArr; log_print &rArr; printf
</UL>
<BR>[Calls]<UL><LI><a href="#[c0]">&gt;&gt;</a>&nbsp;&nbsp;&nbsp;log_print
</UL>
<BR>[Called By]<UL><LI><a href="#[46]">&gt;&gt;</a>&nbsp;&nbsp;&nbsp;master_recv_task
<LI><a href="#[db]">&gt;&gt;</a>&nbsp;&nbsp;&nbsp;process_status_header
<LI><a href="#[cc]">&gt;&gt;</a>&nbsp;&nbsp;&nbsp;send_lora_cmd
</UL>

<P><STRONG><a name="[c1]"></a>log_error</STRONG> (Thumb, 40 bytes, Stack size 32 bytes, log.o(.text.log_error))
<BR><BR>[Stack]<UL><LI>Max Depth = 120<LI>Call Chain = log_error &rArr; log_print &rArr; printf
</UL>
<BR>[Calls]<UL><LI><a href="#[c0]">&gt;&gt;</a>&nbsp;&nbsp;&nbsp;log_print
</UL>
<BR>[Called By]<UL><LI><a href="#[c8]">&gt;&gt;</a>&nbsp;&nbsp;&nbsp;task_create
</UL>

<P><STRONG><a name="[c2]"></a>log_info</STRONG> (Thumb, 40 bytes, Stack size 32 bytes, log.o(.text.log_info))
<BR><BR>[Stack]<UL><LI>Max Depth = 120<LI>Call Chain = log_info &rArr; log_print &rArr; printf
</UL>
<BR>[Calls]<UL><LI><a href="#[c0]">&gt;&gt;</a>&nbsp;&nbsp;&nbsp;log_print
</UL>
<BR>[Called By]<UL><LI><a href="#[c7]">&gt;&gt;</a>&nbsp;&nbsp;&nbsp;master_init
<LI><a href="#[40]">&gt;&gt;</a>&nbsp;&nbsp;&nbsp;main
<LI><a href="#[48]">&gt;&gt;</a>&nbsp;&nbsp;&nbsp;master_cmd_task
<LI><a href="#[47]">&gt;&gt;</a>&nbsp;&nbsp;&nbsp;master_judge_task
<LI><a href="#[46]">&gt;&gt;</a>&nbsp;&nbsp;&nbsp;master_recv_task
<LI><a href="#[cf]">&gt;&gt;</a>&nbsp;&nbsp;&nbsp;master_flash_save_node_data
<LI><a href="#[df]">&gt;&gt;</a>&nbsp;&nbsp;&nbsp;process_fault_list
<LI><a href="#[de]">&gt;&gt;</a>&nbsp;&nbsp;&nbsp;process_flash_wave
<LI><a href="#[dd]">&gt;&gt;</a>&nbsp;&nbsp;&nbsp;process_node_raw
<LI><a href="#[dc]">&gt;&gt;</a>&nbsp;&nbsp;&nbsp;process_wave_header
<LI><a href="#[db]">&gt;&gt;</a>&nbsp;&nbsp;&nbsp;process_status_header
</UL>

<P><STRONG><a name="[c5]"></a>log_warn</STRONG> (Thumb, 40 bytes, Stack size 32 bytes, log.o(.text.log_warn))
<BR><BR>[Stack]<UL><LI>Max Depth = 120<LI>Call Chain = log_warn &rArr; log_print &rArr; printf
</UL>
<BR>[Calls]<UL><LI><a href="#[c0]">&gt;&gt;</a>&nbsp;&nbsp;&nbsp;log_print
</UL>
<BR>[Called By]<UL><LI><a href="#[47]">&gt;&gt;</a>&nbsp;&nbsp;&nbsp;master_judge_task
<LI><a href="#[cc]">&gt;&gt;</a>&nbsp;&nbsp;&nbsp;send_lora_cmd
</UL>

<P><STRONG><a name="[40]"></a>main</STRONG> (Thumb, 84 bytes, Stack size 16 bytes, main.o(.text.main))
<BR><BR>[Stack]<UL><LI>Max Depth = 660<LI>Call Chain = main &rArr; LoRa_Init &rArr; LoRa_SetBps &rArr; CheckReplyOK &rArr; usart1_peek_data
</UL>
<BR>[Calls]<UL><LI><a href="#[c9]">&gt;&gt;</a>&nbsp;&nbsp;&nbsp;vTaskStartScheduler
<LI><a href="#[c7]">&gt;&gt;</a>&nbsp;&nbsp;&nbsp;master_init
<LI><a href="#[b1]">&gt;&gt;</a>&nbsp;&nbsp;&nbsp;chaos_init
<LI><a href="#[77]">&gt;&gt;</a>&nbsp;&nbsp;&nbsp;LoRa_Init
<LI><a href="#[c2]">&gt;&gt;</a>&nbsp;&nbsp;&nbsp;log_info
<LI><a href="#[c6]">&gt;&gt;</a>&nbsp;&nbsp;&nbsp;usart0_init
<LI><a href="#[be]">&gt;&gt;</a>&nbsp;&nbsp;&nbsp;gd_eval_led_init
<LI><a href="#[c8]">&gt;&gt;</a>&nbsp;&nbsp;&nbsp;task_create
<LI><a href="#[6d]">&gt;&gt;</a>&nbsp;&nbsp;&nbsp;printf
</UL>
<BR>[Address Reference Count : 1]<UL><LI> entry9a.o(.ARM.Collect$$$$0000000B)
</UL>
<P><STRONG><a name="[48]"></a>master_cmd_task</STRONG> (Thumb, 236 bytes, Stack size 56 bytes, master_cmd.o(.text.master_cmd_task))
<BR><BR>[Stack]<UL><LI>Max Depth = 496<LI>Call Chain = master_cmd_task &rArr; send_lora_cmd &rArr; LoRa_ReceiveData &rArr; usart1_read_data
</UL>
<BR>[Calls]<UL><LI><a href="#[c2]">&gt;&gt;</a>&nbsp;&nbsp;&nbsp;log_info
<LI><a href="#[cb]">&gt;&gt;</a>&nbsp;&nbsp;&nbsp;master_get_node_info
<LI><a href="#[cc]">&gt;&gt;</a>&nbsp;&nbsp;&nbsp;send_lora_cmd
<LI><a href="#[ca]">&gt;&gt;</a>&nbsp;&nbsp;&nbsp;xQueueReceive
</UL>
<BR>[Address Reference Count : 1]<UL><LI> main.o(.text.task_create)
</UL>
<P><STRONG><a name="[cd]"></a>master_flash_erase_wave</STRONG> (Thumb, 64 bytes, Stack size 24 bytes, master_sys.o(.text.master_flash_erase_wave))
<BR><BR>[Stack]<UL><LI>Max Depth = 108<LI>Call Chain = master_flash_erase_wave &rArr; flash_page_align_erase &rArr; fmc_page_erase &rArr; fmc_ready_wait &rArr; fmc_state_get
</UL>
<BR>[Calls]<UL><LI><a href="#[ce]">&gt;&gt;</a>&nbsp;&nbsp;&nbsp;wave_flash_addr
<LI><a href="#[b6]">&gt;&gt;</a>&nbsp;&nbsp;&nbsp;flash_page_align_erase
</UL>
<BR>[Called By]<UL><LI><a href="#[dc]">&gt;&gt;</a>&nbsp;&nbsp;&nbsp;process_wave_header
</UL>

<P><STRONG><a name="[cf]"></a>master_flash_save_node_data</STRONG> (Thumb, 124 bytes, Stack size 32 bytes, master_sys.o(.text.master_flash_save_node_data))
<BR><BR>[Stack]<UL><LI>Max Depth = 152<LI>Call Chain = master_flash_save_node_data &rArr; log_info &rArr; log_print &rArr; printf
</UL>
<BR>[Calls]<UL><LI><a href="#[c2]">&gt;&gt;</a>&nbsp;&nbsp;&nbsp;log_info
<LI><a href="#[ba]">&gt;&gt;</a>&nbsp;&nbsp;&nbsp;flash_write_bytes
<LI><a href="#[b6]">&gt;&gt;</a>&nbsp;&nbsp;&nbsp;flash_page_align_erase
<LI><a href="#[d0]">&gt;&gt;</a>&nbsp;&nbsp;&nbsp;status_flash_addr
</UL>
<BR>[Called By]<UL><LI><a href="#[dd]">&gt;&gt;</a>&nbsp;&nbsp;&nbsp;process_node_raw
</UL>

<P><STRONG><a name="[d1]"></a>master_flash_save_wave_data</STRONG> (Thumb, 120 bytes, Stack size 32 bytes, master_sys.o(.text.master_flash_save_wave_data))
<BR><BR>[Stack]<UL><LI>Max Depth = 148<LI>Call Chain = master_flash_save_wave_data &rArr; flash_write_bytes &rArr; fmc_word_program &rArr; fmc_ready_wait &rArr; fmc_state_get
</UL>
<BR>[Calls]<UL><LI><a href="#[ce]">&gt;&gt;</a>&nbsp;&nbsp;&nbsp;wave_flash_addr
<LI><a href="#[ba]">&gt;&gt;</a>&nbsp;&nbsp;&nbsp;flash_write_bytes
<LI><a href="#[b6]">&gt;&gt;</a>&nbsp;&nbsp;&nbsp;flash_page_align_erase
</UL>
<BR>[Called By]<UL><LI><a href="#[de]">&gt;&gt;</a>&nbsp;&nbsp;&nbsp;process_flash_wave
</UL>

<P><STRONG><a name="[d6]"></a>master_get_download_buf</STRONG> (Thumb, 4 bytes, Stack size 0 bytes, master_sys.o(.text.master_get_download_buf))
<BR><BR>[Called By]<UL><LI><a href="#[46]">&gt;&gt;</a>&nbsp;&nbsp;&nbsp;master_recv_task
</UL>

<P><STRONG><a name="[cb]"></a>master_get_node_info</STRONG> (Thumb, 44 bytes, Stack size 8 bytes, master_sys.o(.text.master_get_node_info))
<BR><BR>[Stack]<UL><LI>Max Depth = 8<LI>Call Chain = master_get_node_info
</UL>
<BR>[Called By]<UL><LI><a href="#[48]">&gt;&gt;</a>&nbsp;&nbsp;&nbsp;master_cmd_task
<LI><a href="#[47]">&gt;&gt;</a>&nbsp;&nbsp;&nbsp;master_judge_task
<LI><a href="#[46]">&gt;&gt;</a>&nbsp;&nbsp;&nbsp;master_recv_task
<LI><a href="#[cc]">&gt;&gt;</a>&nbsp;&nbsp;&nbsp;send_lora_cmd
</UL>

<P><STRONG><a name="[c7]"></a>master_init</STRONG> (Thumb, 232 bytes, Stack size 48 bytes, master_sys.o(.text.master_init))
<BR><BR>[Stack]<UL><LI>Max Depth = 240<LI>Call Chain = master_init &rArr; xQueueGenericCreate &rArr; pvPortMalloc &rArr; xTaskResumeAll &rArr; xTaskIncrementTick
</UL>
<BR>[Calls]<UL><LI><a href="#[c2]">&gt;&gt;</a>&nbsp;&nbsp;&nbsp;log_info
<LI><a href="#[d3]">&gt;&gt;</a>&nbsp;&nbsp;&nbsp;xQueueGenericCreate
<LI><a href="#[d2]">&gt;&gt;</a>&nbsp;&nbsp;&nbsp;__aeabi_memclr4
</UL>
<BR>[Called By]<UL><LI><a href="#[40]">&gt;&gt;</a>&nbsp;&nbsp;&nbsp;main
</UL>

<P><STRONG><a name="[47]"></a>master_judge_task</STRONG> (Thumb, 236 bytes, Stack size 40 bytes, master_judge.o(.text.master_judge_task))
<BR><BR>[Stack]<UL><LI>Max Depth = 184<LI>Call Chain = master_judge_task &rArr; xQueueGenericSend &rArr; xTaskResumeAll &rArr; xTaskIncrementTick
</UL>
<BR>[Calls]<UL><LI><a href="#[c5]">&gt;&gt;</a>&nbsp;&nbsp;&nbsp;log_warn
<LI><a href="#[c3]">&gt;&gt;</a>&nbsp;&nbsp;&nbsp;xTaskGetTickCount
<LI><a href="#[c2]">&gt;&gt;</a>&nbsp;&nbsp;&nbsp;log_info
<LI><a href="#[cb]">&gt;&gt;</a>&nbsp;&nbsp;&nbsp;master_get_node_info
<LI><a href="#[d5]">&gt;&gt;</a>&nbsp;&nbsp;&nbsp;xTaskDelayUntil
<LI><a href="#[d4]">&gt;&gt;</a>&nbsp;&nbsp;&nbsp;xQueueGenericSend
</UL>
<BR>[Address Reference Count : 1]<UL><LI> main.o(.text.task_create)
</UL>
<P><STRONG><a name="[46]"></a>master_recv_task</STRONG> (Thumb, 904 bytes, Stack size 528 bytes, master_recv.o(.text.master_recv_task))
<BR><BR>[Stack]<UL><LI>Max Depth = 1116<LI>Call Chain = master_recv_task &rArr; chaos_decrypt_packet &rArr; chaos_unscramble &rArr; chaos_next_byte &rArr; chaos_generate_key_stream &rArr; chaos_generate_byte &rArr; chaos_iterate &rArr; sinf &rArr; __mathlib_rredf2 &rArr; __aeabi_fadd &rArr; _float_epilogue
</UL>
<BR>[Calls]<UL><LI><a href="#[c3]">&gt;&gt;</a>&nbsp;&nbsp;&nbsp;xTaskGetTickCount
<LI><a href="#[bf]">&gt;&gt;</a>&nbsp;&nbsp;&nbsp;log_debug
<LI><a href="#[a4]">&gt;&gt;</a>&nbsp;&nbsp;&nbsp;chaos_decrypt_packet
<LI><a href="#[c2]">&gt;&gt;</a>&nbsp;&nbsp;&nbsp;log_info
<LI><a href="#[da]">&gt;&gt;</a>&nbsp;&nbsp;&nbsp;usart1_read_frame
<LI><a href="#[d9]">&gt;&gt;</a>&nbsp;&nbsp;&nbsp;usart1_mark_frame
<LI><a href="#[d7]">&gt;&gt;</a>&nbsp;&nbsp;&nbsp;usart1_get_rx_count
<LI><a href="#[d6]">&gt;&gt;</a>&nbsp;&nbsp;&nbsp;master_get_download_buf
<LI><a href="#[df]">&gt;&gt;</a>&nbsp;&nbsp;&nbsp;process_fault_list
<LI><a href="#[de]">&gt;&gt;</a>&nbsp;&nbsp;&nbsp;process_flash_wave
<LI><a href="#[dd]">&gt;&gt;</a>&nbsp;&nbsp;&nbsp;process_node_raw
<LI><a href="#[dc]">&gt;&gt;</a>&nbsp;&nbsp;&nbsp;process_wave_header
<LI><a href="#[db]">&gt;&gt;</a>&nbsp;&nbsp;&nbsp;process_status_header
<LI><a href="#[cb]">&gt;&gt;</a>&nbsp;&nbsp;&nbsp;master_get_node_info
<LI><a href="#[d8]">&gt;&gt;</a>&nbsp;&nbsp;&nbsp;vTaskDelay
<LI><a href="#[6d]">&gt;&gt;</a>&nbsp;&nbsp;&nbsp;printf
</UL>
<BR>[Address Reference Count : 1]<UL><LI> main.o(.text.task_create)
</UL>
<P><STRONG><a name="[e2]"></a>master_recv_wave_data</STRONG> (Thumb, 64 bytes, Stack size 12 bytes, master_sys.o(.text.master_recv_wave_data))
<BR><BR>[Stack]<UL><LI>Max Depth = 12<LI>Call Chain = master_recv_wave_data
</UL>
<BR>[Called By]<UL><LI><a href="#[de]">&gt;&gt;</a>&nbsp;&nbsp;&nbsp;process_flash_wave
</UL>

<P><STRONG><a name="[84]"></a>nvic_irq_enable</STRONG> (Thumb, 44 bytes, Stack size 24 bytes, gd32l23x_misc.o(.text.nvic_irq_enable))
<BR><BR>[Stack]<UL><LI>Max Depth = 48<LI>Call Chain = nvic_irq_enable &rArr; __NVIC_SetPriority
</UL>
<BR>[Calls]<UL><LI><a href="#[e1]">&gt;&gt;</a>&nbsp;&nbsp;&nbsp;__NVIC_EnableIRQ
<LI><a href="#[e0]">&gt;&gt;</a>&nbsp;&nbsp;&nbsp;__NVIC_SetPriority
</UL>
<BR>[Called By]<UL><LI><a href="#[77]">&gt;&gt;</a>&nbsp;&nbsp;&nbsp;LoRa_Init
<LI><a href="#[c6]">&gt;&gt;</a>&nbsp;&nbsp;&nbsp;usart0_init
<LI><a href="#[86]">&gt;&gt;</a>&nbsp;&nbsp;&nbsp;User_GpioInit
</UL>

<P><STRONG><a name="[9a]"></a>nvic_vector_table_set</STRONG> (Thumb, 24 bytes, Stack size 8 bytes, gd32l23x_misc.o(.text.nvic_vector_table_set))
<BR><BR>[Stack]<UL><LI>Max Depth = 8<LI>Call Chain = nvic_vector_table_set
</UL>
<BR>[Called By]<UL><LI><a href="#[41]">&gt;&gt;</a>&nbsp;&nbsp;&nbsp;SystemInit
</UL>

<P><STRONG><a name="[f6]"></a>pvPortMalloc</STRONG> (Thumb, 604 bytes, Stack size 72 bytes, heap_4.o(.text.pvPortMalloc))
<BR><BR>[Stack]<UL><LI>Max Depth = 152<LI>Call Chain = pvPortMalloc &rArr; xTaskResumeAll &rArr; xTaskIncrementTick
</UL>
<BR>[Calls]<UL><LI><a href="#[fc]">&gt;&gt;</a>&nbsp;&nbsp;&nbsp;xTaskResumeAll
<LI><a href="#[fa]">&gt;&gt;</a>&nbsp;&nbsp;&nbsp;vTaskSuspendAll
<LI><a href="#[110]">&gt;&gt;</a>&nbsp;&nbsp;&nbsp;prvHeapInit
</UL>
<BR>[Called By]<UL><LI><a href="#[f5]">&gt;&gt;</a>&nbsp;&nbsp;&nbsp;prvCreateTask
<LI><a href="#[d3]">&gt;&gt;</a>&nbsp;&nbsp;&nbsp;xQueueGenericCreate
</UL>

<P><STRONG><a name="[101]"></a>pxPortInitialiseStack</STRONG> (Thumb, 236 bytes, Stack size 16 bytes, port.o(.text.pxPortInitialiseStack))
<BR><BR>[Stack]<UL><LI>Max Depth = 16<LI>Call Chain = pxPortInitialiseStack
</UL>
[...]
</UL>
<BR>[Called By]<UL><LI><a href="#[f5]">&gt;&gt;</a>&nbsp;&nbsp;&nbsp;prvCreateTask
</UL>

<P><STRONG><a name="[e9]"></a>prvInitialiseTaskLists</STRONG> (Thumb, 92 bytes, Stack size 24 bytes, tasks.o(.text.prvInitialiseTaskLists))
<BR><BR>[Stack]<UL><LI>Max Depth = 28<LI>Call Chain = prvInitialiseTaskLists &rArr; vListInitialise
</UL>
<BR>[Calls]<UL><LI><a href="#[ed]">&gt;&gt;</a>&nbsp;&nbsp;&nbsp;vListInitialise
</UL>
<BR>[Called By]<UL><LI><a href="#[e7]">&gt;&gt;</a>&nbsp;&nbsp;&nbsp;prvAddNewTaskToReadyList
</UL>

<P><STRONG><a name="[122]"></a>prvResetNextTaskUnblockTime</STRONG> (Thumb, 36 bytes, Stack size 0 bytes, tasks.o(.text.prvResetNextTaskUnblockTime))
<BR><BR>[Called By]<UL><LI><a href="#[fc]">&gt;&gt;</a>&nbsp;&nbsp;&nbsp;xTaskResumeAll
<LI><a href="#[97]">&gt;&gt;</a>&nbsp;&nbsp;&nbsp;xTaskIncrementTick
<LI><a href="#[10e]">&gt;&gt;</a>&nbsp;&nbsp;&nbsp;xTaskRemoveFromEventList
</UL>

<P><STRONG><a name="[ef]"></a>prvDeleteTCB</STRONG> (Thumb, 24 bytes, Stack size 16 bytes, tasks.o(.text.prvDeleteTCB))
<BR><BR>[Stack]<UL><LI>Max Depth = 128<LI>Call Chain = prvDeleteTCB &rArr; vPortFree &rArr; xTaskResumeAll &rArr; xTaskIncrementTick
</UL>
<BR>[Calls]<UL><LI><a href="#[f7]">&gt;&gt;</a>&nbsp;&nbsp;&nbsp;vPortFree
</UL>
<BR>[Called By]<UL><LI><a href="#[ee]">&gt;&gt;</a>&nbsp;&nbsp;&nbsp;prvCheckTasksWaitingTermination
</UL>

<P><STRONG><a name="[e4]"></a>prvAddCurrentTaskToDelayedList</STRONG> (Thumb, 196 bytes, Stack size 40 bytes, tasks.o(.text.prvAddCurrentTaskToDelayedList))
<BR><BR>[Stack]<UL><LI>Max Depth = 56<LI>Call Chain = prvAddCurrentTaskToDelayedList &rArr; vListInsert
</UL>
<BR>[Calls]<UL><LI><a href="#[e5]">&gt;&gt;</a>&nbsp;&nbsp;&nbsp;uxListRemove
<LI><a href="#[e6]">&gt;&gt;</a>&nbsp;&nbsp;&nbsp;vListInsert
</UL>
<BR>[Called By]<UL><LI><a href="#[d8]">&gt;&gt;</a>&nbsp;&nbsp;&nbsp;vTaskDelay
<LI><a href="#[d5]">&gt;&gt;</a>&nbsp;&nbsp;&nbsp;xTaskDelayUntil
<LI><a href="#[119]">&gt;&gt;</a>&nbsp;&nbsp;&nbsp;vTaskPlaceOnEventListRestricted
<LI><a href="#[11a]">&gt;&gt;</a>&nbsp;&nbsp;&nbsp;vTaskPlaceOnEventList
</UL>

<P><STRONG><a name="[f3]"></a>prvCreateIdleTasks</STRONG> (Thumb, 128 bytes, Stack size 48 bytes, tasks.o(.text.prvCreateIdleTasks))
<BR><BR>[Stack]<UL><LI>Max Depth = 312<LI>Call Chain = prvCreateIdleTasks &rArr; xTaskCreate &rArr; prvCreateTask &rArr; pvPortMalloc &rArr; xTaskResumeAll &rArr; xTaskIncrementTick
</UL>
<BR>[Calls]<UL><LI><a href="#[f4]">&gt;&gt;</a>&nbsp;&nbsp;&nbsp;xTaskCreate
</UL>
<BR>[Called By]<UL><LI><a href="#[c9]">&gt;&gt;</a>&nbsp;&nbsp;&nbsp;vTaskStartScheduler
</UL>

<P><STRONG><a name="[44]"></a>prvIdleTask</STRONG> (Thumb, 104 bytes, Stack size 16 bytes, tasks.o(.text.prvIdleTask))
<BR><BR>[Stack]<UL><LI>Max Depth = 160<LI>Call Chain = prvIdleTask &rArr; prvCheckTasksWaitingTermination &rArr; prvDeleteTCB &rArr; vPortFree &rArr; xTaskResumeAll &rArr; xTaskIncrementTick
</UL>
<BR>[Calls]<UL><LI><a href="#[eb]">&gt;&gt;</a>&nbsp;&nbsp;&nbsp;vPortYield
<LI><a href="#[fc]">&gt;&gt;</a>&nbsp;&nbsp;&nbsp;xTaskResumeAll
<LI><a href="#[fa]">&gt;&gt;</a>&nbsp;&nbsp;&nbsp;vTaskSuspendAll
<LI><a href="#[fb]">&gt;&gt;</a>&nbsp;&nbsp;&nbsp;vPortSuppressTicksAndSleep
<LI><a href="#[f9]">&gt;&gt;</a>&nbsp;&nbsp;&nbsp;prvGetExpectedIdleTime
<LI><a href="#[ee]">&gt;&gt;</a>&nbsp;&nbsp;&nbsp;prvCheckTasksWaitingTermination
</UL>
<BR>[Address Reference Count : 1]<UL><LI> tasks.o(.text.prvCreateIdleTasks)
</UL>
<P><STRONG><a name="[ee]"></a>prvCheckTasksWaitingTermination</STRONG> (Thumb, 68 bytes, Stack size 16 bytes, tasks.o(.text.prvCheckTasksWaitingTermination))
<BR><BR>[Stack]<UL><LI>Max Depth = 144<LI>Call Chain = prvCheckTasksWaitingTermination &rArr; prvDeleteTCB &rArr; vPortFree &rArr; xTaskResumeAll &rArr; xTaskIncrementTick
</UL>
<BR>[Calls]<UL><LI><a href="#[e5]">&gt;&gt;</a>&nbsp;&nbsp;&nbsp;uxListRemove
<LI><a href="#[ea]">&gt;&gt;</a>&nbsp;&nbsp;&nbsp;vPortExitCritical
<LI><a href="#[e8]">&gt;&gt;</a>&nbsp;&nbsp;&nbsp;vPortEnterCritical
<LI><a href="#[ef]">&gt;&gt;</a>&nbsp;&nbsp;&nbsp;prvDeleteTCB
</UL>
<BR>[Called By]<UL><LI><a href="#[44]">&gt;&gt;</a>&nbsp;&nbsp;&nbsp;prvIdleTask
</UL>

<P><STRONG><a name="[f9]"></a>prvGetExpectedIdleTime</STRONG> (Thumb, 92 bytes, Stack size 8 bytes, tasks.o(.text.prvGetExpectedIdleTime))
<BR><BR>[Stack]<UL><LI>Max Depth = 8<LI>Call Chain = prvGetExpectedIdleTime
</UL>
<BR>[Called By]<UL><LI><a href="#[44]">&gt;&gt;</a>&nbsp;&nbsp;&nbsp;prvIdleTask
</UL>

<P><STRONG><a name="[ec]"></a>prvCheckForValidListAndQueue</STRONG> (Thumb, 72 bytes, Stack size 16 bytes, timers.o(.text.prvCheckForValidListAndQueue))
<BR><BR>[Stack]<UL><LI>Max Depth = 208<LI>Call Chain = prvCheckForValidListAndQueue &rArr; xQueueGenericCreate &rArr; pvPortMalloc &rArr; xTaskResumeAll &rArr; xTaskIncrementTick
</UL>
<BR>[Calls]<UL><LI><a href="#[ea]">&gt;&gt;</a>&nbsp;&nbsp;&nbsp;vPortExitCritical
<LI><a href="#[e8]">&gt;&gt;</a>&nbsp;&nbsp;&nbsp;vPortEnterCritical
<LI><a href="#[ed]">&gt;&gt;</a>&nbsp;&nbsp;&nbsp;vListInitialise
<LI><a href="#[d3]">&gt;&gt;</a>&nbsp;&nbsp;&nbsp;xQueueGenericCreate
</UL>
<BR>[Called By]<UL><LI><a href="#[11b]">&gt;&gt;</a>&nbsp;&nbsp;&nbsp;xTimerCreateTimerTask
</UL>

<P><STRONG><a name="[49]"></a>prvTimerTask</STRONG> (Thumb, 30 bytes, Stack size 24 bytes, timers.o(.text.prvTimerTask))
<BR><BR>[Stack]<UL><LI>Max Depth = 208<LI>Call Chain = prvTimerTask &rArr; prvProcessReceivedCommands &rArr; xQueueReceive &rArr; xTaskResumeAll &rArr; xTaskIncrementTick
</UL>
<BR>[Calls]<UL><LI><a href="#[107]">&gt;&gt;</a>&nbsp;&nbsp;&nbsp;prvProcessReceivedCommands
<LI><a href="#[109]">&gt;&gt;</a>&nbsp;&nbsp;&nbsp;prvProcessTimerOrBlockTask
<LI><a href="#[10c]">&gt;&gt;</a>&nbsp;&nbsp;&nbsp;prvGetNextExpireTime
</UL>
<BR>[Address Reference Count : 1]<UL><LI> timers.o(.text.xTimerCreateTimerTask)
</UL>
<P><STRONG><a name="[10c]"></a>prvGetNextExpireTime</STRONG> (Thumb, 52 bytes, Stack size 8 bytes, timers.o(.text.prvGetNextExpireTime))
<BR><BR>[Stack]<UL><LI>Max Depth = 8<LI>Call Chain = prvGetNextExpireTime
</UL>
<BR>[Called By]<UL><LI><a href="#[49]">&gt;&gt;</a>&nbsp;&nbsp;&nbsp;prvTimerTask
</UL>

<P><STRONG><a name="[109]"></a>prvProcessTimerOrBlockTask</STRONG> (Thumb, 124 bytes, Stack size 24 bytes, timers.o(.text.prvProcessTimerOrBlockTask))
<BR><BR>[Stack]<UL><LI>Max Depth = 152<LI>Call Chain = prvProcessTimerOrBlockTask &rArr; prvSampleTimeNow &rArr; prvSwitchTimerLists &rArr; prvProcessExpiredTimer &rArr; prvReloadTimer &rArr; prvInsertTimerInActiveList &rArr; vListInsert
</UL>
<BR>[Calls]<UL><LI><a href="#[eb]">&gt;&gt;</a>&nbsp;&nbsp;&nbsp;vPortYield
<LI><a href="#[fc]">&gt;&gt;</a>&nbsp;&nbsp;&nbsp;xTaskResumeAll
<LI><a href="#[fa]">&gt;&gt;</a>&nbsp;&nbsp;&nbsp;vTaskSuspendAll
<LI><a href="#[105]">&gt;&gt;</a>&nbsp;&nbsp;&nbsp;prvProcessExpiredTimer
<LI><a href="#[108]">&gt;&gt;</a>&nbsp;&nbsp;&nbsp;prvSampleTimeNow
<LI><a href="#[10a]">&gt;&gt;</a>&nbsp;&nbsp;&nbsp;vQueueWaitForMessageRestricted
</UL>
<BR>[Called By]<UL><LI><a href="#[49]">&gt;&gt;</a>&nbsp;&nbsp;&nbsp;prvTimerTask
</UL>

<P><STRONG><a name="[107]"></a>prvProcessReceivedCommands</STRONG> (Thumb, 364 bytes, Stack size 48 bytes, timers.o(.text.prvProcessReceivedCommands))
<BR><BR>[Stack]<UL><LI>Max Depth = 184<LI>Call Chain = prvProcessReceivedCommands &rArr; xQueueReceive &rArr; xTaskResumeAll &rArr; xTaskIncrementTick
</UL>
<BR>[Calls]<UL><LI><a href="#[e5]">&gt;&gt;</a>&nbsp;&nbsp;&nbsp;uxListRemove
<LI><a href="#[f7]">&gt;&gt;</a>&nbsp;&nbsp;&nbsp;vPortFree
<LI><a href="#[106]">&gt;&gt;</a>&nbsp;&nbsp;&nbsp;prvReloadTimer
<LI><a href="#[102]">&gt;&gt;</a>&nbsp;&nbsp;&nbsp;prvInsertTimerInActiveList
<LI><a href="#[108]">&gt;&gt;</a>&nbsp;&nbsp;&nbsp;prvSampleTimeNow
<LI><a href="#[ca]">&gt;&gt;</a>&nbsp;&nbsp;&nbsp;xQueueReceive
</UL>
<BR>[Called By]<UL><LI><a href="#[49]">&gt;&gt;</a>&nbsp;&nbsp;&nbsp;prvTimerTask
</UL>

<P><STRONG><a name="[108]"></a>prvSampleTimeNow</STRONG> (Thumb, 56 bytes, Stack size 16 bytes, timers.o(.text.prvSampleTimeNow))
<BR><BR>[Stack]<UL><LI>Max Depth = 128<LI>Call Chain = prvSampleTimeNow &rArr; prvSwitchTimerLists &rArr; prvProcessExpiredTimer &rArr; prvReloadTimer &rArr; prvInsertTimerInActiveList &rArr; vListInsert
</UL>
<BR>[Calls]<UL><LI><a href="#[c3]">&gt;&gt;</a>&nbsp;&nbsp;&nbsp;xTaskGetTickCount
<LI><a href="#[10b]">&gt;&gt;</a>&nbsp;&nbsp;&nbsp;prvSwitchTimerLists
</UL>
<BR>[Called By]<UL><LI><a href="#[107]">&gt;&gt;</a>&nbsp;&nbsp;&nbsp;prvProcessReceivedCommands
<LI><a href="#[109]">&gt;&gt;</a>&nbsp;&nbsp;&nbsp;prvProcessTimerOrBlockTask
</UL>

<P><STRONG><a name="[105]"></a>prvProcessExpiredTimer</STRONG> (Thumb, 76 bytes, Stack size 24 bytes, timers.o(.text.prvProcessExpiredTimer))
<BR><BR>[Stack]<UL><LI>Max Depth = 96<LI>Call Chain = prvProcessExpiredTimer &rArr; prvReloadTimer &rArr; prvInsertTimerInActiveList &rArr; vListInsert
</UL>
<BR>[Calls]<UL><LI><a href="#[e5]">&gt;&gt;</a>&nbsp;&nbsp;&nbsp;uxListRemove
<LI><a href="#[106]">&gt;&gt;</a>&nbsp;&nbsp;&nbsp;prvReloadTimer
</UL>
<BR>[Called By]<UL><LI><a href="#[10b]">&gt;&gt;</a>&nbsp;&nbsp;&nbsp;prvSwitchTimerLists
<LI><a href="#[109]">&gt;&gt;</a>&nbsp;&nbsp;&nbsp;prvProcessTimerOrBlockTask
</UL>

<P><STRONG><a name="[102]"></a>prvInsertTimerInActiveList</STRONG> (Thumb, 124 bytes, Stack size 32 bytes, timers.o(.text.prvInsertTimerInActiveList))
<BR><BR>[Stack]<UL><LI>Max Depth = 48<LI>Call Chain = prvInsertTimerInActiveList &rArr; vListInsert
</UL>
<BR>[Calls]<UL><LI><a href="#[e6]">&gt;&gt;</a>&nbsp;&nbsp;&nbsp;vListInsert
</UL>
<BR>[Called By]<UL><LI><a href="#[106]">&gt;&gt;</a>&nbsp;&nbsp;&nbsp;prvReloadTimer
<LI><a href="#[107]">&gt;&gt;</a>&nbsp;&nbsp;&nbsp;prvProcessReceivedCommands
</UL>

<P><STRONG><a name="[106]"></a>prvReloadTimer</STRONG> (Thumb, 52 bytes, Stack size 24 bytes, timers.o(.text.prvReloadTimer))
<BR><BR>[Stack]<UL><LI>Max Depth = 72<LI>Call Chain = prvReloadTimer &rArr; prvInsertTimerInActiveList &rArr; vListInsert
</UL>
<BR>[Calls]<UL><LI><a href="#[102]">&gt;&gt;</a>&nbsp;&nbsp;&nbsp;prvInsertTimerInActiveList
</UL>
<BR>[Called By]<UL><LI><a href="#[105]">&gt;&gt;</a>&nbsp;&nbsp;&nbsp;prvProcessExpiredTimer
<LI><a href="#[107]">&gt;&gt;</a>&nbsp;&nbsp;&nbsp;prvProcessReceivedCommands
</UL>

<P><STRONG><a name="[10b]"></a>prvSwitchTimerLists</STRONG> (Thumb, 60 bytes, Stack size 16 bytes, timers.o(.text.prvSwitchTimerLists))
<BR><BR>[Stack]<UL><LI>Max Depth = 112<LI>Call Chain = prvSwitchTimerLists &rArr; prvProcessExpiredTimer &rArr; prvReloadTimer &rArr; prvInsertTimerInActiveList &rArr; vListInsert
</UL>
<BR>[Calls]<UL><LI><a href="#[105]">&gt;&gt;</a>&nbsp;&nbsp;&nbsp;prvProcessExpiredTimer
</UL>
<BR>[Called By]<UL><LI><a href="#[108]">&gt;&gt;</a>&nbsp;&nbsp;&nbsp;prvSampleTimeNow
</UL>

<P><STRONG><a name="[45]"></a>prvTaskExitError</STRONG> (Thumb, 40 bytes, Stack size 4 bytes, port.o(.text.prvTaskExitError))
<BR><BR>[Stack]<UL><LI>Max Depth = 4<LI>Call Chain = prvTaskExitError
</UL>
<BR>[Called By]<UL><LI><a href="#[11c]">&gt;&gt;</a>&nbsp;&nbsp;&nbsp;xPortStartScheduler
</UL>
<BR>[Address Reference Count : 1]<UL><LI> port.o(.text.pxPortInitialiseStack)
</UL>
<P><STRONG><a name="[110]"></a>prvHeapInit</STRONG> (Thumb, 136 bytes, Stack size 16 bytes, heap_4.o(.text.prvHeapInit))
<BR><BR>[Stack]<UL><LI>Max Depth = 16<LI>Call Chain = prvHeapInit
</UL>
<BR>[Called By]<UL><LI><a href="#[f6]">&gt;&gt;</a>&nbsp;&nbsp;&nbsp;pvPortMalloc
</UL>

<P><STRONG><a name="[115]"></a>prvInsertBlockIntoFreeList</STRONG> (Thumb, 252 bytes, Stack size 24 bytes, heap_4.o(.text.prvInsertBlockIntoFreeList))
<BR><BR>[Stack]<UL><LI>Max Depth = 24<LI>Call Chain = prvInsertBlockIntoFreeList
</UL>
<BR>[Called By]<UL><LI><a href="#[f7]">&gt;&gt;</a>&nbsp;&nbsp;&nbsp;vPortFree
</UL>

<P><STRONG><a name="[cc]"></a>send_lora_cmd</STRONG> (Thumb, 292 bytes, Stack size 112 bytes, master_cmd.o(.text.send_lora_cmd))
<BR><BR>[Stack]<UL><LI>Max Depth = 440<LI>Call Chain = send_lora_cmd &rArr; LoRa_ReceiveData &rArr; usart1_read_data
</UL>
<BR>[Calls]<UL><LI><a href="#[c5]">&gt;&gt;</a>&nbsp;&nbsp;&nbsp;log_warn
<LI><a href="#[bf]">&gt;&gt;</a>&nbsp;&nbsp;&nbsp;log_debug
<LI><a href="#[a9]">&gt;&gt;</a>&nbsp;&nbsp;&nbsp;chaos_encrypt_packet
<LI><a href="#[92]">&gt;&gt;</a>&nbsp;&nbsp;&nbsp;LoRa_ReceiveData
<LI><a href="#[93]">&gt;&gt;</a>&nbsp;&nbsp;&nbsp;LoRa_SendData_Direct
<LI><a href="#[cb]">&gt;&gt;</a>&nbsp;&nbsp;&nbsp;master_get_node_info
<LI><a href="#[a6]">&gt;&gt;</a>&nbsp;&nbsp;&nbsp;__aeabi_memcpy
</UL>
<BR>[Called By]<UL><LI><a href="#[48]">&gt;&gt;</a>&nbsp;&nbsp;&nbsp;master_cmd_task
</UL>

<P><STRONG><a name="[db]"></a>process_status_header</STRONG> (Thumb, 496 bytes, Stack size 88 bytes, master_recv.o(.text.process_status_header))
<BR><BR>[Stack]<UL><LI>Max Depth = 208<LI>Call Chain = process_status_header &rArr; log_debug &rArr; log_print &rArr; printf
</UL>
<BR>[Calls]<UL><LI><a href="#[bf]">&gt;&gt;</a>&nbsp;&nbsp;&nbsp;log_debug
<LI><a href="#[c2]">&gt;&gt;</a>&nbsp;&nbsp;&nbsp;log_info
<LI><a href="#[e3]">&gt;&gt;</a>&nbsp;&nbsp;&nbsp;__aeabi_f2d
</UL>
<BR>[Called By]<UL><LI><a href="#[46]">&gt;&gt;</a>&nbsp;&nbsp;&nbsp;master_recv_task
</UL>

<P><STRONG><a name="[dc]"></a>process_wave_header</STRONG> (Thumb, 256 bytes, Stack size 72 bytes, master_recv.o(.text.process_wave_header))
<BR><BR>[Stack]<UL><LI>Max Depth = 192<LI>Call Chain = process_wave_header &rArr; log_info &rArr; log_print &rArr; printf
</UL>
<BR>[Calls]<UL><LI><a href="#[c2]">&gt;&gt;</a>&nbsp;&nbsp;&nbsp;log_info
<LI><a href="#[cd]">&gt;&gt;</a>&nbsp;&nbsp;&nbsp;master_flash_erase_wave
</UL>
<BR>[Called By]<UL><LI><a href="#[46]">&gt;&gt;</a>&nbsp;&nbsp;&nbsp;master_recv_task
</UL>

<P><STRONG><a name="[dd]"></a>process_node_raw</STRONG> (Thumb, 164 bytes, Stack size 32 bytes, master_recv.o(.text.process_node_raw))
<BR><BR>[Stack]<UL><LI>Max Depth = 184<LI>Call Chain = process_node_raw &rArr; master_flash_save_node_data &rArr; log_info &rArr; log_print &rArr; printf
</UL>
<BR>[Calls]<UL><LI><a href="#[c2]">&gt;&gt;</a>&nbsp;&nbsp;&nbsp;log_info
<LI><a href="#[cf]">&gt;&gt;</a>&nbsp;&nbsp;&nbsp;master_flash_save_node_data
<LI><a href="#[a6]">&gt;&gt;</a>&nbsp;&nbsp;&nbsp;__aeabi_memcpy
</UL>
<BR>[Called By]<UL><LI><a href="#[46]">&gt;&gt;</a>&nbsp;&nbsp;&nbsp;master_recv_task
</UL>

<P><STRONG><a name="[de]"></a>process_flash_wave</STRONG> (Thumb, 124 bytes, Stack size 32 bytes, master_recv.o(.text.process_flash_wave))
<BR><BR>[Stack]<UL><LI>Max Depth = 180<LI>Call Chain = process_flash_wave &rArr; master_flash_save_wave_data &rArr; flash_write_bytes &rArr; fmc_word_program &rArr; fmc_ready_wait &rArr; fmc_state_get
</UL>
<BR>[Calls]<UL><LI><a href="#[c2]">&gt;&gt;</a>&nbsp;&nbsp;&nbsp;log_info
<LI><a href="#[e2]">&gt;&gt;</a>&nbsp;&nbsp;&nbsp;master_recv_wave_data
<LI><a href="#[d1]">&gt;&gt;</a>&nbsp;&nbsp;&nbsp;master_flash_save_wave_data
</UL>
<BR>[Called By]<UL><LI><a href="#[46]">&gt;&gt;</a>&nbsp;&nbsp;&nbsp;master_recv_task
</UL>

<P><STRONG><a name="[df]"></a>process_fault_list</STRONG> (Thumb, 116 bytes, Stack size 32 bytes, master_recv.o(.text.process_fault_list))
<BR><BR>[Stack]<UL><LI>Max Depth = 152<LI>Call Chain = process_fault_list &rArr; log_info &rArr; log_print &rArr; printf
</UL>
<BR>[Calls]<UL><LI><a href="#[c2]">&gt;&gt;</a>&nbsp;&nbsp;&nbsp;log_info
</UL>
<BR>[Called By]<UL><LI><a href="#[46]">&gt;&gt;</a>&nbsp;&nbsp;&nbsp;master_recv_task
</UL>

<P><STRONG><a name="[d0]"></a>status_flash_addr</STRONG> (Thumb, 24 bytes, Stack size 4 bytes, master_sys.o(.text.status_flash_addr))
<BR><BR>[Stack]<UL><LI>Max Depth = 4<LI>Call Chain = status_flash_addr
</UL>
<BR>[Called By]<UL><LI><a href="#[cf]">&gt;&gt;</a>&nbsp;&nbsp;&nbsp;master_flash_save_node_data
</UL>

<P><STRONG><a name="[b6]"></a>flash_page_align_erase</STRONG> (Thumb, 80 bytes, Stack size 32 bytes, master_sys.o(.text.flash_page_align_erase))
<BR><BR>[Stack]<UL><LI>Max Depth = 84<LI>Call Chain = flash_page_align_erase &rArr; fmc_page_erase &rArr; fmc_ready_wait &rArr; fmc_state_get
</UL>
<BR>[Calls]<UL><LI><a href="#[b8]">&gt;&gt;</a>&nbsp;&nbsp;&nbsp;fmc_page_erase
<LI><a href="#[b9]">&gt;&gt;</a>&nbsp;&nbsp;&nbsp;fmc_lock
<LI><a href="#[b7]">&gt;&gt;</a>&nbsp;&nbsp;&nbsp;fmc_unlock
</UL>
<BR>[Called By]<UL><LI><a href="#[d1]">&gt;&gt;</a>&nbsp;&nbsp;&nbsp;master_flash_save_wave_data
<LI><a href="#[cf]">&gt;&gt;</a>&nbsp;&nbsp;&nbsp;master_flash_save_node_data
<LI><a href="#[cd]">&gt;&gt;</a>&nbsp;&nbsp;&nbsp;master_flash_erase_wave
</UL>

<P><STRONG><a name="[ba]"></a>flash_write_bytes</STRONG> (Thumb, 146 bytes, Stack size 56 bytes, master_sys.o(.text.flash_write_bytes))
<BR><BR>[Stack]<UL><LI>Max Depth = 116<LI>Call Chain = flash_write_bytes &rArr; fmc_word_program &rArr; fmc_ready_wait &rArr; fmc_state_get
</UL>
<BR>[Calls]<UL><LI><a href="#[bb]">&gt;&gt;</a>&nbsp;&nbsp;&nbsp;fmc_word_program
<LI><a href="#[b9]">&gt;&gt;</a>&nbsp;&nbsp;&nbsp;fmc_lock
<LI><a href="#[b7]">&gt;&gt;</a>&nbsp;&nbsp;&nbsp;fmc_unlock
<LI><a href="#[a6]">&gt;&gt;</a>&nbsp;&nbsp;&nbsp;__aeabi_memcpy
</UL>
<BR>[Called By]<UL><LI><a href="#[d1]">&gt;&gt;</a>&nbsp;&nbsp;&nbsp;master_flash_save_wave_data
<LI><a href="#[cf]">&gt;&gt;</a>&nbsp;&nbsp;&nbsp;master_flash_save_node_data
</UL>

<P><STRONG><a name="[ce]"></a>wave_flash_addr</STRONG> (Thumb, 24 bytes, Stack size 4 bytes, master_sys.o(.text.wave_flash_addr))
<BR><BR>[Stack]<UL><LI>Max Depth = 4<LI>Call Chain = wave_flash_addr
</UL>
<BR>[Called By]<UL><LI><a href="#[d1]">&gt;&gt;</a>&nbsp;&nbsp;&nbsp;master_flash_save_wave_data
<LI><a href="#[cd]">&gt;&gt;</a>&nbsp;&nbsp;&nbsp;master_flash_erase_wave
</UL>

<P><STRONG><a name="[12e]"></a>_fp_digits</STRONG> (Thumb, 344 bytes, Stack size 64 bytes, printfa.o(i._fp_digits), UNUSED)
<BR><BR>[Calls]<UL><LI><a href="#[59]">&gt;&gt;</a>&nbsp;&nbsp;&nbsp;__aeabi_uldivmod
<LI><a href="#[63]">&gt;&gt;</a>&nbsp;&nbsp;&nbsp;__aeabi_dmul
<LI><a href="#[64]">&gt;&gt;</a>&nbsp;&nbsp;&nbsp;__aeabi_ddiv
<LI><a href="#[5d]">&gt;&gt;</a>&nbsp;&nbsp;&nbsp;__aeabi_dadd
<LI><a href="#[65]">&gt;&gt;</a>&nbsp;&nbsp;&nbsp;__aeabi_d2ulz
<LI><a href="#[12f]">&gt;&gt;</a>&nbsp;&nbsp;&nbsp;__aeabi_cdrcmple
</UL>
<BR>[Called By]<UL><LI><a href="#[125]">&gt;&gt;</a>&nbsp;&nbsp;&nbsp;_printf_core
</UL>

<P><STRONG><a name="[125]"></a>_printf_core</STRONG> (Thumb, 1754 bytes, Stack size 128 bytes, printfa.o(i._printf_core), UNUSED)
<BR><BR>[Calls]<UL><LI><a href="#[132]">&gt;&gt;</a>&nbsp;&nbsp;&nbsp;__aeabi_uidivmod
<LI><a href="#[59]">&gt;&gt;</a>&nbsp;&nbsp;&nbsp;__aeabi_uldivmod
<LI><a href="#[130]">&gt;&gt;</a>&nbsp;&nbsp;&nbsp;_printf_pre_padding
<LI><a href="#[131]">&gt;&gt;</a>&nbsp;&nbsp;&nbsp;_printf_post_padding
<LI><a href="#[12e]">&gt;&gt;</a>&nbsp;&nbsp;&nbsp;_fp_digits
</UL>
<BR>[Called By]<UL><LI><a href="#[127]">&gt;&gt;</a>&nbsp;&nbsp;&nbsp;__0vprintf
<LI><a href="#[126]">&gt;&gt;</a>&nbsp;&nbsp;&nbsp;__0sprintf
<LI><a href="#[124]">&gt;&gt;</a>&nbsp;&nbsp;&nbsp;__0printf
</UL>

<P><STRONG><a name="[131]"></a>_printf_post_padding</STRONG> (Thumb, 32 bytes, Stack size 24 bytes, printfa.o(i._printf_post_padding), UNUSED)
<BR><BR>[Called By]<UL><LI><a href="#[125]">&gt;&gt;</a>&nbsp;&nbsp;&nbsp;_printf_core
</UL>

<P><STRONG><a name="[130]"></a>_printf_pre_padding</STRONG> (Thumb, 44 bytes, Stack size 40 bytes, printfa.o(i._printf_pre_padding), UNUSED)
<BR><BR>[Called By]<UL><LI><a href="#[125]">&gt;&gt;</a>&nbsp;&nbsp;&nbsp;_printf_core
</UL>

<P><STRONG><a name="[4b]"></a>_sputc</STRONG> (Thumb, 10 bytes, Stack size 0 bytes, printfa.o(i._sputc))
<BR><BR>[Called By]<UL><LI><a href="#[126]">&gt;&gt;</a>&nbsp;&nbsp;&nbsp;__0sprintf
</UL>
<BR>[Address Reference Count : 1]<UL><LI> printfa.o(i.__0sprintf)
</UL><P>
<H3>
Undefined Global Symbols
</H3><HR></body></html>
